ARM Linker, 5.03 [Build 76] [MDK-ARM Standard]

==============================================================================

Section Cross References

    main.o(i.main) refers to serial_link.o(i.Initialize_SerialLink) for Initialize_SerialLink
    main.o(i.main) refers to timing_manage.o(i.Initialize_Timer) for Initialize_Timer
    main.o(i.main) refers to voltage_fb.o(i.Initialize_Volt_FB) for Initialize_Volt_FB
    main.o(i.main) refers to dev_digital.o(i.Initialize_DIGITAL) for Initialize_DIGITAL
    main.o(i.main) refers to eeprom.o(i.Initialize_EEPROM) for Initialize_EEPROM
    main.o(i.main) refers to ekf.o(i.Initialize_SENSOR_Bus) for Initialize_SENSOR_Bus
    main.o(i.main) refers to ekf.o(i.Initialize_EKF) for Initialize_EKF
    main.o(i.main) refers to timing_manage.o(i.Get_msTick) for Get_msTick
    main.o(i.main) refers to ffltul.o(.text) for __aeabi_ul2f
    main.o(i.main) refers to cfrcmple.o(.text) for __aeabi_cfrcmple
    main.o(i.main) refers to ekf.o(i.EKF_Process) for EKF_Process
    main.o(i.main) refers to main.o(.data) for lastdt
    voltage_fb.o(i.Battery_Check) refers to voltage_fb.o(i.Get_Voltage) for Get_Voltage
    voltage_fb.o(i.Battery_Check) refers to ffltui.o(.text) for __aeabi_ui2f
    voltage_fb.o(i.Battery_Check) refers to fmul.o(.text) for __aeabi_fmul
    voltage_fb.o(i.Battery_Check) refers to cfrcmple.o(.text) for __aeabi_cfrcmple
    voltage_fb.o(i.Battery_Check) refers to voltage_fb.o(.data) for CELL
    voltage_fb.o(i.Cell_Detect) refers to voltage_fb.o(i.Get_Voltage) for Get_Voltage
    voltage_fb.o(i.Cell_Detect) refers to cfcmple.o(.text) for __aeabi_cfcmpeq
    voltage_fb.o(i.Cell_Detect) refers to ffltui.o(.text) for __aeabi_ui2f
    voltage_fb.o(i.Cell_Detect) refers to fmul.o(.text) for __aeabi_fmul
    voltage_fb.o(i.Cell_Detect) refers to cfrcmple.o(.text) for __aeabi_cfrcmple
    voltage_fb.o(i.Cell_Detect) refers to voltage_fb.o(.data) for CELL
    voltage_fb.o(i.Get_Voltage) refers to ffltui.o(.text) for __aeabi_ui2f
    voltage_fb.o(i.Get_Voltage) refers to fmul.o(.text) for __aeabi_fmul
    voltage_fb.o(i.Get_Voltage) refers to fadd.o(.text) for __aeabi_fadd
    voltage_fb.o(i.Get_Voltage) refers to voltage_fb.o(.bss) for ADC_Volt
    voltage_fb.o(i.Initialize_Volt_FB) refers to serial_link.o(i.SerialLink_Debug) for SerialLink_Debug
    voltage_fb.o(i.Initialize_Volt_FB) refers to stm32f4xx_rcc.o(i.RCC_AHB1PeriphClockCmd) for RCC_AHB1PeriphClockCmd
    voltage_fb.o(i.Initialize_Volt_FB) refers to stm32f4xx_rcc.o(i.RCC_APB2PeriphClockCmd) for RCC_APB2PeriphClockCmd
    voltage_fb.o(i.Initialize_Volt_FB) refers to stm32f4xx_adc.o(i.ADC_DeInit) for ADC_DeInit
    voltage_fb.o(i.Initialize_Volt_FB) refers to stm32f4xx_dma.o(i.DMA_DeInit) for DMA_DeInit
    voltage_fb.o(i.Initialize_Volt_FB) refers to stm32f4xx_dma.o(i.DMA_Init) for DMA_Init
    voltage_fb.o(i.Initialize_Volt_FB) refers to stm32f4xx_dma.o(i.DMA_Cmd) for DMA_Cmd
    voltage_fb.o(i.Initialize_Volt_FB) refers to stm32f4xx_gpio.o(i.GPIO_Init) for GPIO_Init
    voltage_fb.o(i.Initialize_Volt_FB) refers to stm32f4xx_adc.o(i.ADC_CommonInit) for ADC_CommonInit
    voltage_fb.o(i.Initialize_Volt_FB) refers to stm32f4xx_adc.o(i.ADC_Init) for ADC_Init
    voltage_fb.o(i.Initialize_Volt_FB) refers to stm32f4xx_adc.o(i.ADC_RegularChannelConfig) for ADC_RegularChannelConfig
    voltage_fb.o(i.Initialize_Volt_FB) refers to stm32f4xx_adc.o(i.ADC_DMARequestAfterLastTransferCmd) for ADC_DMARequestAfterLastTransferCmd
    voltage_fb.o(i.Initialize_Volt_FB) refers to stm32f4xx_adc.o(i.ADC_DMACmd) for ADC_DMACmd
    voltage_fb.o(i.Initialize_Volt_FB) refers to stm32f4xx_adc.o(i.ADC_Cmd) for ADC_Cmd
    voltage_fb.o(i.Initialize_Volt_FB) refers to stm32f4xx_adc.o(i.ADC_SoftwareStartConv) for ADC_SoftwareStartConv
    voltage_fb.o(i.Initialize_Volt_FB) refers to timing_manage.o(i.Delay_ms) for Delay_ms
    voltage_fb.o(i.Initialize_Volt_FB) refers to voltage_fb.o(i.Cell_Detect) for Cell_Detect
    voltage_fb.o(i.Initialize_Volt_FB) refers to voltage_fb.o(.bss) for ADC_Volt
    hmc5883l.o(i.HMC5883_Configuration_A) refers to hmc5883l.o(i.I2C_Read) for I2C_Read
    hmc5883l.o(i.HMC5883_Configuration_A) refers to hmc5883l.o(i.I2C_RegWrite) for I2C_RegWrite
    hmc5883l.o(i.HMC5883_Configuration_A) refers to serial_link.o(i.SerialLink_Debug) for SerialLink_Debug
    hmc5883l.o(i.HMC5883_Configuration_A) refers to hmc5883l.o(.bss) for HMC5883_RegDebug
    hmc5883l.o(i.HMC5883_Configuration_B) refers to hmc5883l.o(i.I2C_Read) for I2C_Read
    hmc5883l.o(i.HMC5883_Configuration_B) refers to hmc5883l.o(i.I2C_RegWrite) for I2C_RegWrite
    hmc5883l.o(i.HMC5883_Configuration_B) refers to serial_link.o(i.SerialLink_Debug) for SerialLink_Debug
    hmc5883l.o(i.HMC5883_Configuration_B) refers to hmc5883l.o(.bss) for HMC5883_RegDebug
    hmc5883l.o(i.HMC5883_Configuration_MODE) refers to hmc5883l.o(i.I2C_Read) for I2C_Read
    hmc5883l.o(i.HMC5883_Configuration_MODE) refers to hmc5883l.o(i.I2C_RegWrite) for I2C_RegWrite
[...]
    i.DMA_ClearITPendingBit                  0x08000fa8   Section        0  stm32f4xx_dma.o(i.DMA_ClearITPendingBit)
    i.DMA_Cmd                                0x08000fdc   Section        0  stm32f4xx_dma.o(i.DMA_Cmd)
    i.DMA_DeInit                             0x08000ff4   Section        0  stm32f4xx_dma.o(i.DMA_DeInit)
    i.DMA_GetITStatus                        0x0800114c   Section        0  stm32f4xx_dma.o(i.DMA_GetITStatus)
    i.DMA_ITConfig                           0x080011ac   Section        0  stm32f4xx_dma.o(i.DMA_ITConfig)
    i.DMA_Init                               0x080011e8   Section        0  stm32f4xx_dma.o(i.DMA_Init)
    i.Delay_ms                               0x08001240   Section        0  timing_manage.o(i.Delay_ms)
    i.EKF_EulerToQuaternion                  0x08001260   Section        0  ekf.o(i.EKF_EulerToQuaternion)
    i.EKF_Initialize_Matrix                  0x080014f8   Section        0  ekf.o(i.EKF_Initialize_Matrix)
    i.EKF_Process                            0x08001614   Section        0  ekf.o(i.EKF_Process)
    i.EKF_QuaternionToEuler                  0x080018ac   Section        0  ekf.o(i.EKF_QuaternionToEuler)
    i.EKF_TiltCommpensation                  0x08001a14   Section        0  ekf.o(i.EKF_TiltCommpensation)
    i.EKF_Update_Data                        0x08001c94   Section        0  ekf.o(i.EKF_Update_Data)
    i.EKF_Update_TransitionMatix             0x08001db0   Section        0  ekf.o(i.EKF_Update_TransitionMatix)
    i.EKF_delay                              0x08001f74   Section        0  ekf.o(i.EKF_delay)
    EKF_delay                                0x08001f75   Thumb Code    12  ekf.o(i.EKF_delay)
    i.Encoders_Read                          0x08001f80   Section        0  motor.o(i.Encoders_Read)
    i.GPIO_Init                              0x08002008   Section        0  stm32f4xx_gpio.o(i.GPIO_Init)
    i.GPIO_PinAFConfig                       0x08002098   Section        0  stm32f4xx_gpio.o(i.GPIO_PinAFConfig)
    i.Get_Voltage                            0x080020e0   Section        0  voltage_fb.o(i.Get_Voltage)
    i.Get_msTick                             0x08002144   Section        0  timing_manage.o(i.Get_msTick)
    i.HMC5883_Configuration_A                0x08002150   Section        0  hmc5883l.o(i.HMC5883_Configuration_A)
    i.HMC5883_Configuration_B                0x08002248   Section        0  hmc5883l.o(i.HMC5883_Configuration_B)
    i.HMC5883_Configuration_MODE             0x080022f4   Section        0  hmc5883l.o(i.HMC5883_Configuration_MODE)
    i.HMC5883_ConnectionCheck                0x080023c4   Section        0  hmc5883l.o(i.HMC5883_ConnectionCheck)
    i.HMC5883_GetDeviceID                    0x080023f4   Section        0  hmc5883l.o(i.HMC5883_GetDeviceID)
    i.HMC5883_Get_RawMagn                    0x08002410   Section        0  hmc5883l.o(i.HMC5883_Get_RawMagn)
    i.I2C1_ER_IRQHandler                     0x08002470   Section        0  dev_i2c.o(i.I2C1_ER_IRQHandler)
    i.I2C1_EV_IRQHandler                     0x08002490   Section        0  dev_i2c.o(i.I2C1_EV_IRQHandler)
    i.I2C2_ER_IRQHandler                     0x080024a0   Section        0  dev_i2c.o(i.I2C2_ER_IRQHandler)
    i.I2C2_EV_IRQHandler                     0x080024c0   Section        0  dev_i2c.o(i.I2C2_EV_IRQHandler)
    i.I2C_AcknowledgeConfig                  0x080024d0   Section        0  stm32f4xx_i2c.o(i.I2C_AcknowledgeConfig)
    i.I2C_BUSY_Check                         0x080024e8   Section        0  dev_i2c.o(i.I2C_BUSY_Check)
    i.I2C_ClearITPendingBit                  0x0800251e   Section        0  stm32f4xx_i2c.o(i.I2C_ClearITPendingBit)
    i.I2C_Cmd                                0x0800252a   Section        0  stm32f4xx_i2c.o(i.I2C_Cmd)
    i.I2C_DMACmd                             0x08002542   Section        0  stm32f4xx_i2c.o(i.I2C_DMACmd)
    i.I2C_DMALastTransferCmd                 0x0800255a   Section        0  stm32f4xx_i2c.o(i.I2C_DMALastTransferCmd)
    i.I2C_DMA_Config                         0x08002574   Section        0  dev_i2c.o(i.I2C_DMA_Config)
    i.I2C_DeInit                             0x080025d4   Section        0  stm32f4xx_i2c.o(i.I2C_DeInit)
    i.I2C_GenerateSTART                      0x08002634   Section        0  stm32f4xx_i2c.o(i.I2C_GenerateSTART)
    i.I2C_GenerateSTOP                       0x0800264c   Section        0  stm32f4xx_i2c.o(i.I2C_GenerateSTOP)
    i.I2C_GetFlagStatus                      0x08002664   Section        0  stm32f4xx_i2c.o(i.I2C_GetFlagStatus)
    i.I2C_GetITStatus                        0x0800269e   Section        0  stm32f4xx_i2c.o(i.I2C_GetITStatus)
    i.I2C_GetLastEvent                       0x080026c4   Section        0  stm32f4xx_i2c.o(i.I2C_GetLastEvent)
    i.I2C_ITConfig                           0x080026de   Section        0  stm32f4xx_i2c.o(i.I2C_ITConfig)
    i.I2C_Init                               0x080026f0   Section        0  stm32f4xx_i2c.o(i.I2C_Init)
    i.I2C_Interupt                           0x080027d8   Section        0  dev_i2c.o(i.I2C_Interupt)
    i.I2C_LAST_TRANSMIT_Check                0x080029bc   Section        0  dev_i2c.o(i.I2C_LAST_TRANSMIT_Check)
    i.I2C_Read                               0x080029f4   Section        0  hmc5883l.o(i.I2C_Read)
    I2C_Read                                 0x080029f5   Thumb Code    70  hmc5883l.o(i.I2C_Read)
    i.I2C_Read                               0x08002a84   Section        0  mpu6050.o(i.I2C_Read)
    I2C_Read                                 0x08002a85   Thumb Code    70  mpu6050.o(i.I2C_Read)
    i.I2C_ReceiveData                        0x08002b18   Section        0  stm32f4xx_i2c.o(i.I2C_ReceiveData)
    i.I2C_RegWrite                           0x08002b20   Section        0  hmc5883l.o(i.I2C_RegWrite)
    I2C_RegWrite                             0x08002b21   Thumb Code    70  hmc5883l.o(i.I2C_RegWrite)
    i.I2C_RegWrite                           0x08002bb0   Section        0  mpu6050.o(i.I2C_RegWrite)
    I2C_RegWrite                             0x08002bb1   Thumb Code    70  mpu6050.o(i.I2C_RegWrite)
    i.I2C_Request                            0x08002c48   Section        0  dev_i2c.o(i.I2C_Request)
    i.I2C_Send7bitAddress                    0x08002dc2   Section        0  stm32f4xx_i2c.o(i.I2C_Send7bitAddress)
    i.I2C_SendData                           0x08002dd2   Section        0  stm32f4xx_i2c.o(i.I2C_SendData)
    i.Increase_RTC                           0x08002dd8   Section        0  timing_manage.o(i.Increase_RTC)
    i.Initialize_DIGITAL                     0x08002e40   Section        0  dev_digital.o(i.Initialize_DIGITAL)
    i.Initialize_EEPROM                      0x08002e98   Section        0  eeprom.o(i.Initialize_EEPROM)
    i.Initialize_EKF                         0x08002f98   Section        0  ekf.o(i.Initialize_EKF)
    i.Initialize_I2C                         0x080031d4   Section        0  dev_i2c.o(i.Initialize_I2C)
    i.Initialize_SENSOR_Bus                  0x080033a4   Section        0  ekf.o(i.Initialize_SENSOR_Bus)
    i.Initialize_SerialLink                  0x08003554   Section        0  serial_link.o(i.Initialize_SerialLink)
    i.Initialize_TIMER                       0x080036b0   Section        0  dev_timer.o(i.Initialize_TIMER)
    i.Initialize_TIMER_INTERRUPT             0x08003934   Section        0  dev_timer.o(i.Initialize_TIMER_INTERRUPT)
    i.Initialize_TIMER_PWM                   0x08003b04   Section        0  dev_timer.o(i.Initialize_TIMER_PWM)
    i.Initialize_Timer                       0x08003c30   Section        0  timing_manage.o(i.Initialize_Timer)
    i.Initialize_Volt_FB                     0x08003cbc   Section        0  voltage_fb.o(i.Initialize_Volt_FB)
    i.MPU6050_ConnectionCheck                0x08003e58   Section        0  mpu6050.o(i.MPU6050_ConnectionCheck)
    i.MPU6050_GetDeviceID                    0x08003e74   Section        0  mpu6050.o(i.MPU6050_GetDeviceID)
    i.MPU6050_Get_rawMotion                  0x08003e90   Section        0  mpu6050.o(i.MPU6050_Get_rawMotion)
    i.MPU6050_Set_ACCEL_Config               0x08003f38   Section        0  mpu6050.o(i.MPU6050_Set_ACCEL_Config)
    i.MPU6050_Set_Configuration              0x08003fec   Section        0  mpu6050.o(i.MPU6050_Set_Configuration)
    i.MPU6050_Set_GYRO_Config                0x08004098   Section        0  mpu6050.o(i.MPU6050_Set_GYRO_Config)
    i.MPU6050_Set_PWR_MGMT_1                 0x0800414c   Section        0  mpu6050.o(i.MPU6050_Set_PWR_MGMT_1)
    i.MPU6050_Set_SMPLRT_DIV                 0x0800424c   Section        0  mpu6050.o(i.MPU6050_Set_SMPLRT_DIV)
    i.NVIC_Init                              0x080042bc   Section        0  misc.o(i.NVIC_Init)
    i.RCC_AHB1PeriphClockCmd                 0x08004334   Section        0  stm32f4xx_rcc.o(i.RCC_AHB1PeriphClockCmd)
    i.RCC_APB1PeriphClockCmd                 0x08004354   Section        0  stm32f4xx_rcc.o(i.RCC_APB1PeriphClockCmd)
    i.RCC_APB1PeriphResetCmd                 0x08004374   Section        0  stm32f4xx_rcc.o(i.RCC_APB1PeriphResetCmd)
    i.RCC_APB2PeriphClockCmd                 0x08004394   Section        0  stm32f4xx_rcc.o(i.RCC_APB2PeriphClockCmd)
    i.RCC_APB2PeriphResetCmd                 0x080043b4   Section        0  stm32f4xx_rcc.o(i.RCC_APB2PeriphResetCmd)
    i.RCC_GetClocksFreq                      0x080043d4   Section        0  stm32f4xx_rcc.o(i.RCC_GetClocksFreq)
    i.RGB_Process                            0x080044bc   Section        0  dev_digital.o(i.RGB_Process)
    i.RGB_SetLoop                            0x08004678   Section        0  dev_digital.o(i.RGB_SetLoop)
    i.RGB_Setup                              0x080046c8   Section        0  dev_digital.o(i.RGB_Setup)
    i.RGB_Update                             0x08004764   Section        0  dev_digital.o(i.RGB_Update)
    i.SerialLink_DMAStreamProcess            0x08004810   Section        0  serial_link.o(i.SerialLink_DMAStreamProcess)
    i.SerialLink_Debug                       0x08004af4   Section        0  serial_link.o(i.SerialLink_Debug)
    i.SetSysClock                            0x08004b1c   Section        0  system_stm32f4xx.o(i.SetSysClock)
    SetSysClock                              0x08004b1d   Thumb Code   218  system_stm32f4xx.o(i.SetSysClock)
    i.SysTick_Handler                        0x08004c08   Section        0  systick.o(i.SysTick_Handler)
    i.SystemInit                             0x08004c30   Section        0  system_stm32f4xx.o(i.SystemInit)
    i.TIM1_BRK_TIM9_IRQHandler               0x08004c8c   Section        0  dev_timer.o(i.TIM1_BRK_TIM9_IRQHandler)
    i.TIM1_CC_IRQHandler                     0x08004c8e   Section        0  dev_timer.o(i.TIM1_CC_IRQHandler)
    i.TIM2_IRQHandler                        0x08004c90   Section        0  dev_timer.o(i.TIM2_IRQHandler)
    i.TIM3_IRQHandler                        0x08004c92   Section        0  dev_timer.o(i.TIM3_IRQHandler)
    i.TIM4_IRQHandler                        0x08004c94   Section        0  dev_timer.o(i.TIM4_IRQHandler)
    i.TIM5_IRQHandler                        0x08004c96   Section        0  dev_timer.o(i.TIM5_IRQHandler)
    i.TIM6_DAC_IRQHandler                    0x08004c98   Section        0  dev_timer.o(i.TIM6_DAC_IRQHandler)
    i.TIM7_IRQHandler                        0x08004c9a   Section        0  dev_timer.o(i.TIM7_IRQHandler)
    i.TIM8_CC_IRQHandler                     0x08004c9c   Section        0  dev_timer.o(i.TIM8_CC_IRQHandler)
    i.TIM_BDTRConfig                         0x08004d34   Section        0  stm32f4xx_tim.o(i.TIM_BDTRConfig)
    i.TIM_BDTRStructInit                     0x08004d54   Section        0  stm32f4xx_tim.o(i.TIM_BDTRStructInit)
    i.TIM_ClearITPendingBit                  0x08004d66   Section        0  stm32f4xx_tim.o(i.TIM_ClearITPendingBit)
    i.TIM_Cmd                                0x08004d6c   Section        0  stm32f4xx_tim.o(i.TIM_Cmd)
    i.TIM_GetCapture1                        0x08004d84   Section        0  stm32f4xx_tim.o(i.TIM_GetCapture1)
    i.TIM_GetCapture2                        0x08004d8a   Section        0  stm32f4xx_tim.o(i.TIM_GetCapture2)
    i.TIM_GetCapture3                        0x08004d90   Section        0  stm32f4xx_tim.o(i.TIM_GetCapture3)
    i.TIM_GetCounter                         0x08004d96   Section        0  stm32f4xx_tim.o(i.TIM_GetCounter)
    i.TIM_GetITStatus                        0x08004d9c   Section        0  stm32f4xx_tim.o(i.TIM_GetITStatus)
    i.TIM_ITConfig                           0x08004dbe   Section        0  stm32f4xx_tim.o(i.TIM_ITConfig)
    i.TIM_OC1Init                            0x08004dd0   Section        0  stm32f4xx_tim.o(i.TIM_OC1Init)
    i.TIM_OC2Init                            0x08004e4c   Section        0  stm32f4xx_tim.o(i.TIM_OC2Init)
    i.TIM_OC3Init                            0x08004ef0   Section        0  stm32f4xx_tim.o(i.TIM_OC3Init)
    i.TIM_OC4Init                            0x08004f90   Section        0  stm32f4xx_tim.o(i.TIM_OC4Init)
    i.TIM_OCStructInit                       0x08005008   Section        0  stm32f4xx_tim.o(i.TIM_OCStructInit)
    i.TIM_SetCompare1                        0x0800501c   Section        0  stm32f4xx_tim.o(i.TIM_SetCompare1)
    i.TIM_SetCompare2                        0x08005020   Section        0  stm32f4xx_tim.o(i.TIM_SetCompare2)
    i.TIM_SetCompare3                        0x08005024   Section        0  stm32f4xx_tim.o(i.TIM_SetCompare3)
    i.TIM_TimeBaseInit                       0x08005028   Section        0  stm32f4xx_tim.o(i.TIM_TimeBaseInit)
    i.Timing_Channel_1                       0x080050ac   Section        0  timing_manage.o(i.Timing_Channel_1)
    i.Timing_Channel_2                       0x080050b4   Section        0  timing_manage.o(i.Timing_Channel_2)
    i.Timing_Channel_3                       0x080050cc   Section        0  timing_manage.o(i.Timing_Channel_3)
    i.USART1_IRQHandler                      0x080050d8   Section        0  dev_usart.o(i.USART1_IRQHandler)
    i.USART3_IRQHandler                      0x08005158   Section        0  dev_usart.o(i.USART3_IRQHandler)
    i.USART_Cmd                              0x080051dc   Section        0  stm32f4xx_usart.o(i.USART_Cmd)
    i.USART_DMACmd                           0x080051f4   Section        0  stm32f4xx_usart.o(i.USART_DMACmd)
    i.USART_DMA_Set                          0x08005208   Section        0  dev_usart.o(i.USART_DMA_Set)
    i.USART_GetITStatus                      0x080052a4   Section        0  stm32f4xx_usart.o(i.USART_GetITStatus)
    i.USART_ITConfig                         0x080052f8   Section        0  stm32f4xx_usart.o(i.USART_ITConfig)
    i.USART_Init                             0x08005344   Section        0  stm32f4xx_usart.o(i.USART_Init)
    i.USART_OpenPort                         0x08005418   Section        0  dev_usart.o(i.USART_OpenPort)
    i.USART_ReceiveData                      0x08005684   Section        0  stm32f4xx_usart.o(i.USART_ReceiveData)
    i.USART_SendData                         0x0800568e   Section        0  stm32f4xx_usart.o(i.USART_SendData)
    i.__ARM_fpclassify                       0x08005696   Section        0  fpclassify.o(i.__ARM_fpclassify)
    i.__I2C_Debug__                          0x080056c0   Section        0  dev_i2c.o(i.__I2C_Debug__)
    i.__ieee754_rem_pio2                     0x08005710   Section        0  rred.o(i.__ieee754_rem_pio2)
    i.__kernel_cos                           0x08005a98   Section        0  cos_i.o(i.__kernel_cos)
    i.__kernel_poly                          0x08005b94   Section        0  poly.o(i.__kernel_poly)
    i.__kernel_sin                           0x08005c40   Section        0  sin_i.o(i.__kernel_sin)
    i.__mathlib_dbl_underflow                0x08005d2c   Section        0  dunder.o(i.__mathlib_dbl_underflow)
    i.__scatterload_copy                     0x08005d3c   Section       14  handlers.o(i.__scatterload_copy)
    i.__scatterload_null                     0x08005d4a   Section        2  handlers.o(i.__scatterload_null)
    i.__scatterload_zeroinit                 0x08005d4c   Section       14  handlers.o(i.__scatterload_zeroinit)
    i.__set_errno                            0x08005d5c   Section        0  errno.o(i.__set_errno)
    i.arm_mat_init_f32                       0x08005d68   Section        0  arm_mat_init_f32.o(i.arm_mat_init_f32)
    i.arm_mat_mult_f32                       0x08005d70   Section        0  arm_mat_mult_f32.o(i.arm_mat_mult_f32)
    i.arm_mat_trans_f32                      0x08005ea2   Section        0  arm_mat_trans_f32.o(i.arm_mat_trans_f32)
    i.asin                                   0x08005f3c   Section        0  asin.o(i.asin)
    i.atan                                   0x080061b8   Section        0  atan.o(i.atan)
    i.atan2                                  0x080063dc   Section        0  atan2.o(i.atan2)
    i.cos                                    0x0800655c   Section        0  cos.o(i.cos)
    i.exp                                    0x08006608   Section        0  exp.o(i.exp)
    i.main                                   0x08006898   Section        0  main.o(i.main)
    i.sin                                    0x08006904   Section        0  sin.o(i.sin)
    i.sqrt                                   0x080069b4   Section        0  sqrt.o(i.sqrt)
    .constdata                               0x08006a00   Section      196  ekf.o(.constdata)
    .constdata                               0x08006ac8   Section       80  asin.o(.constdata)
    pS                                       0x08006ac8   Data          48  asin.o(.constdata)
    qS                                       0x08006af8   Data          32  asin.o(.constdata)
    .constdata                               0x08006b18   Section      152  atan.o(.constdata)
    atanhi                                   0x08006b18   Data          32  atan.o(.constdata)
    atanlo                                   0x08006b38   Data          32  atan.o(.constdata)
    aTodd                                    0x08006b58   Data          40  atan.o(.constdata)
    aTeven                                   0x08006b80   Data          48  atan.o(.constdata)
    .constdata                               0x08006bb0   Section       88  exp.o(.constdata)
    halF                                     0x08006bb0   Data          16  exp.o(.constdata)
    ln2HI                                    0x08006bc0   Data          16  exp.o(.constdata)
    ln2LO                                    0x08006bd0   Data          16  exp.o(.constdata)
    P                                        0x08006be0   Data          40  exp.o(.constdata)
    .constdata                               0x08006c08   Section       48  cos_i.o(.constdata)
    C                                        0x08006c08   Data          48  cos_i.o(.constdata)
    .constdata                               0x08006c38   Section        8  qnan.o(.constdata)
    .constdata                               0x08006c40   Section      200  rred.o(.constdata)
    pio2s                                    0x08006c40   Data          48  rred.o(.constdata)
    twooverpi                                0x08006c70   Data         152  rred.o(.constdata)
    .constdata                               0x08006d08   Section       40  sin_i.o(.constdata)
    S                                        0x08006d08   Data          40  sin_i.o(.constdata)
    .data                                    0x20000000   Section       12  main.o(.data)
    .data                                    0x2000000c   Section        4  voltage_fb.o(.data)
    .data                                    0x20000010   Section     1136  ekf.o(.data)
    Data_Q                                   0x20000018   Data         196  ekf.o(.data)
    Data_R                                   0x200000dc   Data         196  ekf.o(.data)
    Data_F                                   0x200001a0   Data         196  ekf.o(.data)
    Data_Ft                                  0x20000264   Data         196  ekf.o(.data)
    Data_Pminus                              0x20000328   Data         196  ekf.o(.data)
    Xminus                                   0x20000410   Data           8  ekf.o(.data)
    F                                        0x20000418   Data           8  ekf.o(.data)
    Ft                                       0x20000420   Data           8  ekf.o(.data)
    Pminus                                   0x20000428   Data           8  ekf.o(.data)
    Q                                        0x20000430   Data           8  ekf.o(.data)
    K                                        0x20000438   Data           8  ekf.o(.data)
    PR                                       0x20000440   Data           8  ekf.o(.data)
    E                                        0x20000448   Data           8  ekf.o(.data)
    Correct                                  0x20000450   Data           8  ekf.o(.data)
    Xplus                                    0x20000458   Data           8  ekf.o(.data)
    KP                                       0x20000460   Data           8  ekf.o(.data)
    Pplus                                    0x20000468   Data           8  ekf.o(.data)
    PF                                       0x20000470   Data           8  ekf.o(.data)
    FPF                                      0x20000478   Data           8  ekf.o(.data)
    .data                                    0x20000480   Section       32  motor.o(.data)
    .data                                    0x200004a0   Section       16  systick.o(.data)
    .data                                    0x200004b0   Section        8  timing_manage.o(.data)
    .data                                    0x200004b8   Section       69  dev_digital.o(.data)
    .data                                    0x20000500   Section        4  dev_i2c.o(.data)
    .data                                    0x20000504   Section        3  dev_usart.o(.data)
    .data                                    0x20000508   Section       18  dev_timer.o(.data)
    .data                                    0x2000051a   Section       16  stm32f4xx_rcc.o(.data)
    APBAHBPrescTable                         0x2000051a   Data          16  stm32f4xx_rcc.o(.data)
    .data                                    0x2000052a   Section       53  serial_link.o(.data)
    .data                                    0x20000560   Section        4  errno.o(.data)
    _errno                                   0x20000560   Data           4  errno.o(.data)
    .bss                                     0x20000564   Section       20  voltage_fb.o(.bss)
    .bss                                     0x20000578   Section       13  hmc5883l.o(.bss)
    .bss                                     0x20000585   Section      117  mpu6050.o(.bss)
    .bss                                     0x200005fc   Section     1380  ekf.o(.bss)
    Data_Xminus                              0x20000658   Data          28  ekf.o(.bss)
    Data_PR                                  0x20000674   Data         196  ekf.o(.bss)
    Data_K                                   0x20000738   Data         196  ekf.o(.bss)
    Data_E                                   0x200007fc   Data          28  ekf.o(.bss)
    Data_Xplus                               0x20000818   Data          28  ekf.o(.bss)
    Data_Correct                             0x20000834   Data          28  ekf.o(.bss)
    Data_KP                                  0x20000850   Data         196  ekf.o(.bss)
    Data_Pplus                               0x20000914   Data         196  ekf.o(.bss)
    Data_PF                                  0x200009d8   Data         196  ekf.o(.bss)
    Data_FPF                                 0x20000a9c   Data         196  ekf.o(.bss)
    .bss                                     0x20000b60   Section       10  timing_manage.o(.bss)
    .bss                                     0x20000b6c   Section      380  dev_i2c.o(.bss)
    .bss                                     0x20000ce8   Section      204  dev_usart.o(.bss)
    .bss                                     0x20000db4   Section     5436  serial_link.o(.bss)
    STACK                                    0x200022f0   Section     1024  startup_stm32f4xx.o(STACK)

    Global Symbols

    Symbol Name                              Value     Ov Type        Size  Object(Section)

    BuildAttributes$$THM_ISAv4$E$P$D$K$B$S$7EM$PE$A:L22UL41UL21$X:L11$S22US41US21$IEEE1$IW$USESV6$~STKCKD$USESV7$~SHL$OTIME$ROPI$IEEEX$EBA8$MICROLIB$REQ8$PRES8$EABIv2 0x00000000   Number         0  anon$$obj.o ABSOLUTE
    __ARM_use_no_argv                        0x00000000   Number         0  main.o ABSOLUTE
    __cpp_initialize__aeabi_                  - Undefined Weak Reference
    __cxa_finalize                            - Undefined Weak Reference
    _clock_init                               - Undefined Weak Reference
    _microlib_exit                            - Undefined Weak Reference
    __Vectors_Size                           0x00000188   Number         0  startup_stm32f4xx.o ABSOLUTE
    __Vectors                                0x08000000   Data           4  startup_stm32f4xx.o(RESET)
    __Vectors_End                            0x08000188   Data           0  startup_stm32f4xx.o(RESET)
    __main                                   0x08000189   Thumb Code     0  entry.o(.ARM.Collect$$$$00000000)
    _main_stk                                0x08000189   Thumb Code     0  entry2.o(.ARM.Collect$$$$00000001)
    _main_scatterload                        0x0800018d   Thumb Code     0  entry5.o(.ARM.Collect$$$$00000004)
    __main_after_scatterload                 0x08000191   Thumb Code     0  entry5.o(.ARM.Collect$$$$00000004)
    _main_clock                              0x08000191   Thumb Code     0  entry7b.o(.ARM.Collect$$$$00000008)
    _main_cpp_init                           0x08000191   Thumb Code     0  entry8b.o(.ARM.Collect$$$$0000000A)
    _main_init                               0x08000191   Thumb Code     0  entry9a.o(.ARM.Collect$$$$0000000B)
    __rt_final_cpp                           0x08000199   Thumb Code     0  entry10a.o(.ARM.Collect$$$$0000000D)
    __rt_final_exit                          0x08000199   Thumb Code     0  entry11a.o(.ARM.Collect$$$$0000000F)
    Reset_Handler                            0x0800019d   Thumb Code     8  startup_stm32f4xx.o(.text)
    NMI_Handler                              0x080001a5   Thumb Code     2  startup_stm32f4xx.o(.text)
    HardFault_Handler                        0x080001a7   Thumb Code     2  startup_stm32f4xx.o(.text)
    MemManage_Handler                        0x080001a9   Thumb Code     2  startup_stm32f4xx.o(.text)
    BusFault_Handler                         0x080001ab   Thumb Code     2  startup_stm32f4xx.o(.text)
    UsageFault_Handler                       0x080001ad   Thumb Code     2  startup_stm32f4xx.o(.text)
    SVC_Handler                              0x080001af   Thumb Code     2  startup_stm32f4xx.o(.text)
    DebugMon_Handler                         0x080001b1   Thumb Code     2  startup_stm32f4xx.o(.text)
    PendSV_Handler                           0x080001b3   Thumb Code     2  startup_stm32f4xx.o(.text)
    ADC_IRQHandler                           0x080001b7   Thumb Code     0  startup_stm32f4xx.o(.text)
    CAN1_RX0_IRQHandler                      0x080001b7   Thumb Code     0  startup_stm32f4xx.o(.text)
    CAN1_RX1_IRQHandler                      0x080001b7   Thumb Code     0  startup_stm32f4xx.o(.text)
    CAN1_SCE_IRQHandler                      0x080001b7   Thumb Code     0  startup_stm32f4xx.o(.text)
    CAN1_TX_IRQHandler                       0x080001b7   Thumb Code     0  startup_stm32f4xx.o(.text)
    CAN2_RX0_IRQHandler                      0x080001b7   Thumb Code     0  startup_stm32f4xx.o(.text)
    CAN2_RX1_IRQHandler                      0x080001b7   Thumb Code     0  startup_stm32f4xx.o(.text)
    CAN2_SCE_IRQHandler                      0x080001b7   Thumb Code     0  startup_stm32f4xx.o(.text)
    CAN2_TX_IRQHandler                       0x080001b7   Thumb Code     0  startup_stm32f4xx.o(.text)
    CRYP_IRQHandler                          0x080001b7   Thumb Code     0  startup_stm32f4xx.o(.text)
    DCMI_IRQHandler                          0x080001b7   Thumb Code     0  startup_stm32f4xx.o(.text)
    DMA1_Stream4_IRQHandler                  0x080001b7   Thumb Code     0  startup_stm32f4xx.o(.text)
    DMA1_Stream5_IRQHandler                  0x080001b7   Thumb Code     0  startup_stm32f4xx.o(.text)
    DMA2_Stream0_IRQHandler                  0x080001b7   Thumb Code     0  startup_stm32f4xx.o(.text)
    DMA2_Stream1_IRQHandler                  0x080001b7   Thumb Code     0  startup_stm32f4xx.o(.text)
    DMA2_Stream2_IRQHandler                  0x080001b7   Thumb Code     0  startup_stm32f4xx.o(.text)
    DMA2_Stream4_IRQHandler                  0x080001b7   Thumb Code     0  startup_stm32f4xx.o(.text)
    DMA2_Stream5_IRQHandler                  0x080001b7   Thumb Code     0  startup_stm32f4xx.o(.text)
    DMA2_Stream6_IRQHandler                  0x080001b7   Thumb Code     0  startup_stm32f4xx.o(.text)
    ETH_IRQHandler                           0x080001b7   Thumb Code     0  startup_stm32f4xx.o(.text)
    ETH_WKUP_IRQHandler                      0x080001b7   Thumb Code     0  startup_stm32f4xx.o(.text)
    EXTI0_IRQHandler                         0x080001b7   Thumb Code     0  startup_stm32f4xx.o(.text)
    EXTI15_10_IRQHandler                     0x080001b7   Thumb Code     0  startup_stm32f4xx.o(.text)
    EXTI1_IRQHandler                         0x080001b7   Thumb Code     0  startup_stm32f4xx.o(.text)
    EXTI2_IRQHandler                         0x080001b7   Thumb Code     0  startup_stm32f4xx.o(.text)
    EXTI3_IRQHandler                         0x080001b7   Thumb Code     0  startup_stm32f4xx.o(.text)
    EXTI4_IRQHandler                         0x080001b7   Thumb Code     0  startup_stm32f4xx.o(.text)
    EXTI9_5_IRQHandler                       0x080001b7   Thumb Code     0  startup_stm32f4xx.o(.text)
    FLASH_IRQHandler                         0x080001b7   Thumb Code     0  startup_stm32f4xx.o(.text)
    FPU_IRQHandler                           0x080001b7   Thumb Code     0  startup_stm32f4xx.o(.text)
    FSMC_IRQHandler                          0x080001b7   Thumb Code     0  startup_stm32f4xx.o(.text)
    HASH_RNG_IRQHandler                      0x080001b7   Thumb Code     0  startup_stm32f4xx.o(.text)
    I2C3_ER_IRQHandler                       0x080001b7   Thumb Code     0  startup_stm32f4xx.o(.text)
    I2C3_EV_IRQHandler                       0x080001b7   Thumb Code     0  startup_stm32f4xx.o(.text)
    OTG_FS_IRQHandler                        0x080001b7   Thumb Code     0  startup_stm32f4xx.o(.text)
    OTG_FS_WKUP_IRQHandler                   0x080001b7   Thumb Code     0  startup_stm32f4xx.o(.text)
    OTG_HS_EP1_IN_IRQHandler                 0x080001b7   Thumb Code     0  startup_stm32f4xx.o(.text)
    OTG_HS_EP1_OUT_IRQHandler                0x080001b7   Thumb Code     0  startup_stm32f4xx.o(.text)
    OTG_HS_IRQHandler                        0x080001b7   Thumb Code     0  startup_stm32f4xx.o(.text)
    OTG_HS_WKUP_IRQHandler                   0x080001b7   Thumb Code     0  startup_stm32f4xx.o(.text)
    PVD_IRQHandler                           0x080001b7   Thumb Code     0  startup_stm32f4xx.o(.text)
    RCC_IRQHandler                           0x080001b7   Thumb Code     0  startup_stm32f4xx.o(.text)
    RTC_Alarm_IRQHandler                     0x080001b7   Thumb Code     0  startup_stm32f4xx.o(.text)
    RTC_WKUP_IRQHandler                      0x080001b7   Thumb Code     0  startup_stm32f4xx.o(.text)
    SDIO_IRQHandler                          0x080001b7   Thumb Code     0  startup_stm32f4xx.o(.text)
    SPI1_IRQHandler                          0x080001b7   Thumb Code     0  startup_stm32f4xx.o(.text)
    SPI2_IRQHandler                          0x080001b7   Thumb Code     0  startup_stm32f4xx.o(.text)
    SPI3_IRQHandler                          0x080001b7   Thumb Code     0  startup_stm32f4xx.o(.text)
    TAMP_STAMP_IRQHandler                    0x080001b7   Thumb Code     0  startup_stm32f4xx.o(.text)
    TIM1_TRG_COM_TIM11_IRQHandler            0x080001b7   Thumb Code     0  startup_stm32f4xx.o(.text)
    TIM1_UP_TIM10_IRQHandler                 0x080001b7   Thumb Code     0  startup_stm32f4xx.o(.text)
    TIM8_BRK_TIM12_IRQHandler                0x080001b7   Thumb Code     0  startup_stm32f4xx.o(.text)
    TIM8_TRG_COM_TIM14_IRQHandler            0x080001b7   Thumb Code     0  startup_stm32f4xx.o(.text)
    TIM8_UP_TIM13_IRQHandler                 0x080001b7   Thumb Code     0  startup_stm32f4xx.o(.text)
    UART4_IRQHandler                         0x080001b7   Thumb Code     0  startup_stm32f4xx.o(.text)
    UART5_IRQHandler                         0x080001b7   Thumb Code     0  startup_stm32f4xx.o(.text)
    USART2_IRQHandler                        0x080001b7   Thumb Code     0  startup_stm32f4xx.o(.text)
    USART6_IRQHandler                        0x080001b7   Thumb Code     0  startup_stm32f4xx.o(.text)
    WWDG_IRQHandler                          0x080001b7   Thumb Code     0  startup_stm32f4xx.o(.text)
    __aeabi_fadd                             0x080001c1   Thumb Code   164  fadd.o(.text)
    __aeabi_fsub                             0x08000265   Thumb Code     6  fadd.o(.text)
    __aeabi_frsub                            0x0800026b   Thumb Code     6  fadd.o(.text)
    __aeabi_fmul                             0x08000271   Thumb Code   108  fmul.o(.text)
    __aeabi_fdiv                             0x080002dd   Thumb Code   128  fdiv.o(.text)
    __aeabi_dadd                             0x0800035d   Thumb Code   322  dadd.o(.text)
    __aeabi_dsub                             0x0800049f   Thumb Code     6  dadd.o(.text)
    __aeabi_drsub                            0x080004a5   Thumb Code     6  dadd.o(.text)
    __aeabi_dmul                             0x080004ab   Thumb Code   228  dmul.o(.text)
    __aeabi_ddiv                             0x0800058f   Thumb Code   222  ddiv.o(.text)
    __aeabi_i2f                              0x0800066d   Thumb Code    18  fflti.o(.text)
    __aeabi_ui2f                             0x0800067f   Thumb Code    10  ffltui.o(.text)
    __aeabi_ul2f                             0x08000689   Thumb Code    28  ffltul.o(.text)
    __aeabi_i2d                              0x080006a5   Thumb Code    34  dflti.o(.text)
    __aeabi_ui2d                             0x080006c7   Thumb Code    26  dfltui.o(.text)
    __aeabi_f2iz                             0x080006e1   Thumb Code    50  ffixi.o(.text)
    __aeabi_f2uiz                            0x08000713   Thumb Code    40  ffixui.o(.text)
    __aeabi_f2d                              0x0800073b   Thumb Code    38  f2d.o(.text)
    __aeabi_d2f                              0x08000761   Thumb Code    56  d2f.o(.text)
    __aeabi_cfcmpeq                          0x08000799   Thumb Code     0  cfcmple.o(.text)
    __aeabi_cfcmple                          0x08000799   Thumb Code    20  cfcmple.o(.text)
    __aeabi_cfrcmple                         0x080007ad   Thumb Code    20  cfrcmple.o(.text)
    __aeabi_llsl                             0x080007c1   Thumb Code    30  llshl.o(.text)
    _ll_shift_l                              0x080007c1   Thumb Code     0  llshl.o(.text)
    __aeabi_lasr                             0x080007df   Thumb Code    36  llsshr.o(.text)
    _ll_sshift_r                             0x080007df   Thumb Code     0  llsshr.o(.text)
    __I$use$fp                               0x08000803   Thumb Code     0  iusefp.o(.text)
    _float_round                             0x08000803   Thumb Code    18  fepilogue.o(.text)
    _float_epilogue                          0x08000815   Thumb Code    90  fepilogue.o(.text)
    _double_round                            0x0800086f   Thumb Code    26  depilogue.o(.text)
    _double_epilogue                         0x08000889   Thumb Code   164  depilogue.o(.text)
    __ARM_scalbn                             0x0800092d   Thumb Code    46  dscalb.o(.text)
    scalbn                                   0x0800092d   Thumb Code     0  dscalb.o(.text)
    _dsqrt                                   0x0800095b   Thumb Code   162  dsqrt.o(.text)
    __aeabi_d2iz                             0x080009fd   Thumb Code    62  dfixi.o(.text)
    __aeabi_cdcmpeq                          0x08000a3d   Thumb Code     0  cdcmple.o(.text)
    __aeabi_cdcmple                          0x08000a3d   Thumb Code    38  cdcmple.o(.text)
    __aeabi_cdrcmple                         0x08000a65   Thumb Code    38  cdrcmple.o(.text)
    __scatterload                            0x08000a8d   Thumb Code    28  init.o(.text)
    __scatterload_rt2                        0x08000a8d   Thumb Code     0  init.o(.text)
    __aeabi_llsr                             0x08000ab1   Thumb Code    32  llushr.o(.text)
    _ll_ushift_r                             0x08000ab1   Thumb Code     0  llushr.o(.text)
    __decompress                             0x08000ad1   Thumb Code     0  __dczerorl2.o(.text)
    __decompress1                            0x08000ad1   Thumb Code    92  __dczerorl2.o(.text)
    ADC_Cmd                                  0x08000b2d   Thumb Code    22  stm32f4xx_adc.o(i.ADC_Cmd)
    ADC_CommonInit                           0x08000b45   Thumb Code    44  stm32f4xx_adc.o(i.ADC_CommonInit)
    ADC_DMACmd                               0x08000b7d   Thumb Code    22  stm32f4xx_adc.o(i.ADC_DMACmd)
    ADC_DMARequestAfterLastTransferCmd       0x08000b93   Thumb Code    22  stm32f4xx_adc.o(i.ADC_DMARequestAfterLastTransferCmd)
    ADC_DeInit                               0x08000ba9   Thumb Code    22  stm32f4xx_adc.o(i.ADC_DeInit)
    ADC_Init                                 0x08000bc1   Thumb Code    74  stm32f4xx_adc.o(i.ADC_Init)
    ADC_RegularChannelConfig                 0x08000c15   Thumb Code   184  stm32f4xx_adc.o(i.ADC_RegularChannelConfig)
    ADC_SoftwareStartConv                    0x08000ccd   Thumb Code    10  stm32f4xx_adc.o(i.ADC_SoftwareStartConv)
    Cell_Detect                              0x08000cd9   Thumb Code   194  voltage_fb.o(i.Cell_Detect)
    Check_msTick                             0x08000dad   Thumb Code    62  timing_manage.o(i.Check_msTick)
    DMA1_Stream0_IRQHandler                  0x08000ded   Thumb Code    46  dev_i2c.o(i.DMA1_Stream0_IRQHandler)
    DMA1_Stream1_IRQHandler                  0x08000e2d   Thumb Code    22  dev_usart.o(i.DMA1_Stream1_IRQHandler)
    DMA1_Stream2_IRQHandler                  0x08000e4d   Thumb Code    46  dev_i2c.o(i.DMA1_Stream2_IRQHandler)
    DMA1_Stream3_IRQHandler                  0x08000e8d   Thumb Code    62  dev_usart.o(i.DMA1_Stream3_IRQHandler)
    DMA1_Stream6_IRQHandler                  0x08000ed9   Thumb Code    52  dev_i2c.o(i.DMA1_Stream6_IRQHandler)
    DMA1_Stream7_IRQHandler                  0x08000f1d   Thumb Code    52  dev_i2c.o(i.DMA1_Stream7_IRQHandler)
    DMA2_Stream3_IRQHandler                  0x08000f61   Thumb Code    30  dev_usart.o(i.DMA2_Stream3_IRQHandler)
    DMA2_Stream7_IRQHandler                  0x08000f89   Thumb Code    22  dev_usart.o(i.DMA2_Stream7_IRQHandler)
    DMA_ClearITPendingBit                    0x08000fa9   Thumb Code    38  stm32f4xx_dma.o(i.DMA_ClearITPendingBit)
    DMA_Cmd                                  0x08000fdd   Thumb Code    22  stm32f4xx_dma.o(i.DMA_Cmd)
    DMA_DeInit                               0x08000ff5   Thumb Code   324  stm32f4xx_dma.o(i.DMA_DeInit)
    DMA_GetITStatus                          0x0800114d   Thumb Code    80  stm32f4xx_dma.o(i.DMA_GetITStatus)
    DMA_ITConfig                             0x080011ad   Thumb Code    58  stm32f4xx_dma.o(i.DMA_ITConfig)
    DMA_Init                                 0x080011e9   Thumb Code    82  stm32f4xx_dma.o(i.DMA_Init)
    Delay_ms                                 0x08001241   Thumb Code    32  timing_manage.o(i.Delay_ms)
    EKF_EulerToQuaternion                    0x08001261   Thumb Code   658  ekf.o(i.EKF_EulerToQuaternion)
    EKF_Initialize_Matrix                    0x080014f9   Thumb Code   172  ekf.o(i.EKF_Initialize_Matrix)
    EKF_Process                              0x08001615   Thumb Code   530  ekf.o(i.EKF_Process)
    EKF_QuaternionToEuler                    0x080018ad   Thumb Code   356  ekf.o(i.EKF_QuaternionToEuler)
    EKF_TiltCommpensation                    0x08001a15   Thumb Code   634  ekf.o(i.EKF_TiltCommpensation)
    EKF_Update_Data                          0x08001c95   Thumb Code   268  ekf.o(i.EKF_Update_Data)
    EKF_Update_TransitionMatix               0x08001db1   Thumb Code   432  ekf.o(i.EKF_Update_TransitionMatix)
    Encoders_Read                            0x08001f81   Thumb Code    96  motor.o(i.Encoders_Read)
    GPIO_Init                                0x08002009   Thumb Code   144  stm32f4xx_gpio.o(i.GPIO_Init)
    GPIO_PinAFConfig                         0x08002099   Thumb Code    70  stm32f4xx_gpio.o(i.GPIO_PinAFConfig)
    Get_Voltage                              0x080020e1   Thumb Code    84  voltage_fb.o(i.Get_Voltage)
    Get_msTick                               0x08002145   Thumb Code     8  timing_manage.o(i.Get_msTick)
    HMC5883_Configuration_A                  0x08002151   Thumb Code   208  hmc5883l.o(i.HMC5883_Configuration_A)
    HMC5883_Configuration_B                  0x08002249   Thumb Code   132  hmc5883l.o(i.HMC5883_Configuration_B)
    HMC5883_Configuration_MODE               0x080022f5   Thumb Code   168  hmc5883l.o(i.HMC5883_Configuration_MODE)
    HMC5883_ConnectionCheck                  0x080023c5   Thumb Code    48  hmc5883l.o(i.HMC5883_ConnectionCheck)
    HMC5883_GetDeviceID                      0x080023f5   Thumb Code    26  hmc5883l.o(i.HMC5883_GetDeviceID)
    HMC5883_Get_RawMagn                      0x08002411   Thumb Code    90  hmc5883l.o(i.HMC5883_Get_RawMagn)
    I2C1_ER_IRQHandler                       0x08002471   Thumb Code    22  dev_i2c.o(i.I2C1_ER_IRQHandler)
    I2C1_EV_IRQHandler                       0x08002491   Thumb Code    10  dev_i2c.o(i.I2C1_EV_IRQHandler)
    I2C2_ER_IRQHandler                       0x080024a1   Thumb Code    22  dev_i2c.o(i.I2C2_ER_IRQHandler)
    I2C2_EV_IRQHandler                       0x080024c1   Thumb Code    10  dev_i2c.o(i.I2C2_EV_IRQHandler)
    I2C_AcknowledgeConfig                    0x080024d1   Thumb Code    24  stm32f4xx_i2c.o(i.I2C_AcknowledgeConfig)
    I2C_BUSY_Check                           0x080024e9   Thumb Code    54  dev_i2c.o(i.I2C_BUSY_Check)
    I2C_ClearITPendingBit                    0x0800251f   Thumb Code    12  stm32f4xx_i2c.o(i.I2C_ClearITPendingBit)
    I2C_Cmd                                  0x0800252b   Thumb Code    24  stm32f4xx_i2c.o(i.I2C_Cmd)
    I2C_DMACmd                               0x08002543   Thumb Code    24  stm32f4xx_i2c.o(i.I2C_DMACmd)
    I2C_DMALastTransferCmd                   0x0800255b   Thumb Code    24  stm32f4xx_i2c.o(i.I2C_DMALastTransferCmd)
    I2C_DMA_Config                           0x08002575   Thumb Code    92  dev_i2c.o(i.I2C_DMA_Config)
    I2C_DeInit                               0x080025d5   Thumb Code    82  stm32f4xx_i2c.o(i.I2C_DeInit)
    I2C_GenerateSTART                        0x08002635   Thumb Code    24  stm32f4xx_i2c.o(i.I2C_GenerateSTART)
    I2C_GenerateSTOP                         0x0800264d   Thumb Code    24  stm32f4xx_i2c.o(i.I2C_GenerateSTOP)
    I2C_GetFlagStatus                        0x08002665   Thumb Code    58  stm32f4xx_i2c.o(i.I2C_GetFlagStatus)
    I2C_GetITStatus                          0x0800269f   Thumb Code    38  stm32f4xx_i2c.o(i.I2C_GetITStatus)
    I2C_GetLastEvent                         0x080026c5   Thumb Code    26  stm32f4xx_i2c.o(i.I2C_GetLastEvent)
    I2C_ITConfig                             0x080026df   Thumb Code    18  stm32f4xx_i2c.o(i.I2C_ITConfig)
    I2C_Init                                 0x080026f1   Thumb Code   218  stm32f4xx_i2c.o(i.I2C_Init)
    I2C_Interupt                             0x080027d9   Thumb Code   480  dev_i2c.o(i.I2C_Interupt)
    I2C_LAST_TRANSMIT_Check                  0x080029bd   Thumb Code    50  dev_i2c.o(i.I2C_LAST_TRANSMIT_Check)
    I2C_ReceiveData                          0x08002b19   Thumb Code     8  stm32f4xx_i2c.o(i.I2C_ReceiveData)
    I2C_Request                              0x08002c49   Thumb Code   378  dev_i2c.o(i.I2C_Request)
    I2C_Send7bitAddress                      0x08002dc3   Thumb Code    16  stm32f4xx_i2c.o(i.I2C_Send7bitAddress)
    I2C_SendData                             0x08002dd3   Thumb Code     4  stm32f4xx_i2c.o(i.I2C_SendData)
    Increase_RTC                             0x08002dd9   Thumb Code   100  timing_manage.o(i.Increase_RTC)
    Initialize_DIGITAL                       0x08002e41   Thumb Code    20  dev_digital.o(i.Initialize_DIGITAL)
    Initialize_EEPROM                        0x08002e99   Thumb Code   158  eeprom.o(i.Initialize_EEPROM)
    Initialize_EKF                           0x08002f99   Thumb Code   384  ekf.o(i.Initialize_EKF)
    Initialize_I2C                           0x080031d5   Thumb Code   446  dev_i2c.o(i.Initialize_I2C)
    Initialize_SENSOR_Bus                    0x080033a5   Thumb Code   294  ekf.o(i.Initialize_SENSOR_Bus)
    Initialize_SerialLink                    0x08003555   Thumb Code   194  serial_link.o(i.Initialize_SerialLink)
    Initialize_TIMER                         0x080036b1   Thumb Code   346  dev_timer.o(i.Initialize_TIMER)
    Initialize_TIMER_INTERRUPT               0x08003935   Thumb Code   286  dev_timer.o(i.Initialize_TIMER_INTERRUPT)
    Initialize_TIMER_PWM                     0x08003b05   Thumb Code   194  dev_timer.o(i.Initialize_TIMER_PWM)
    Initialize_Timer                         0x08003c31   Thumb Code    72  timing_manage.o(i.Initialize_Timer)
    Initialize_Volt_FB                       0x08003cbd   Thumb Code   264  voltage_fb.o(i.Initialize_Volt_FB)
    MPU6050_ConnectionCheck                  0x08003e59   Thumb Code    28  mpu6050.o(i.MPU6050_ConnectionCheck)
    MPU6050_GetDeviceID                      0x08003e75   Thumb Code    26  mpu6050.o(i.MPU6050_GetDeviceID)
    MPU6050_Get_rawMotion                    0x08003e91   Thumb Code   162  mpu6050.o(i.MPU6050_Get_rawMotion)
    MPU6050_Set_ACCEL_Config                 0x08003f39   Thumb Code   132  mpu6050.o(i.MPU6050_Set_ACCEL_Config)
    MPU6050_Set_Configuration                0x08003fed   Thumb Code   130  mpu6050.o(i.MPU6050_Set_Configuration)
    MPU6050_Set_GYRO_Config                  0x08004099   Thumb Code   132  mpu6050.o(i.MPU6050_Set_GYRO_Config)
    MPU6050_Set_PWR_MGMT_1                   0x0800414d   Thumb Code   212  mpu6050.o(i.MPU6050_Set_PWR_MGMT_1)
    MPU6050_Set_SMPLRT_DIV                   0x0800424d   Thumb Code    72  mpu6050.o(i.MPU6050_Set_SMPLRT_DIV)
    NVIC_Init                                0x080042bd   Thumb Code   108  misc.o(i.NVIC_Init)
    RCC_AHB1PeriphClockCmd                   0x08004335   Thumb Code    26  stm32f4xx_rcc.o(i.RCC_AHB1PeriphClockCmd)
    RCC_APB1PeriphClockCmd                   0x08004355   Thumb Code    26  stm32f4xx_rcc.o(i.RCC_APB1PeriphClockCmd)
    RCC_APB1PeriphResetCmd                   0x08004375   Thumb Code    26  stm32f4xx_rcc.o(i.RCC_APB1PeriphResetCmd)
    RCC_APB2PeriphClockCmd                   0x08004395   Thumb Code    26  stm32f4xx_rcc.o(i.RCC_APB2PeriphClockCmd)
    RCC_APB2PeriphResetCmd                   0x080043b5   Thumb Code    26  stm32f4xx_rcc.o(i.RCC_APB2PeriphResetCmd)
    RCC_GetClocksFreq                        0x080043d5   Thumb Code   214  stm32f4xx_rcc.o(i.RCC_GetClocksFreq)
    RGB_Process                              0x080044bd   Thumb Code   416  dev_digital.o(i.RGB_Process)
    RGB_SetLoop                              0x08004679   Thumb Code    74  dev_digital.o(i.RGB_SetLoop)
    RGB_Setup                                0x080046c9   Thumb Code   120  dev_digital.o(i.RGB_Setup)
    RGB_Update                               0x08004765   Thumb Code   160  dev_digital.o(i.RGB_Update)
    SerialLink_DMAStreamProcess              0x08004811   Thumb Code   704  serial_link.o(i.SerialLink_DMAStreamProcess)
    SerialLink_Debug                         0x08004af5   Thumb Code    26  serial_link.o(i.SerialLink_Debug)
    SysTick_Handler                          0x08004c09   Thumb Code    36  systick.o(i.SysTick_Handler)
    SystemInit                               0x08004c31   Thumb Code    74  system_stm32f4xx.o(i.SystemInit)
    TIM1_BRK_TIM9_IRQHandler                 0x08004c8d   Thumb Code     2  dev_timer.o(i.TIM1_BRK_TIM9_IRQHandler)
    TIM1_CC_IRQHandler                       0x08004c8f   Thumb Code     2  dev_timer.o(i.TIM1_CC_IRQHandler)
    TIM2_IRQHandler                          0x08004c91   Thumb Code     2  dev_timer.o(i.TIM2_IRQHandler)
    TIM3_IRQHandler                          0x08004c93   Thumb Code     2  dev_timer.o(i.TIM3_IRQHandler)
    TIM4_IRQHandler                          0x08004c95   Thumb Code     2  dev_timer.o(i.TIM4_IRQHandler)
    TIM5_IRQHandler                          0x08004c97   Thumb Code     2  dev_timer.o(i.TIM5_IRQHandler)
    TIM6_DAC_IRQHandler                      0x08004c99   Thumb Code     2  dev_timer.o(i.TIM6_DAC_IRQHandler)
    TIM7_IRQHandler                          0x08004c9b   Thumb Code     2  dev_timer.o(i.TIM7_IRQHandler)
    TIM8_CC_IRQHandler                       0x08004c9d   Thumb Code   142  dev_timer.o(i.TIM8_CC_IRQHandler)
    TIM_BDTRConfig                           0x08004d35   Thumb Code    32  stm32f4xx_tim.o(i.TIM_BDTRConfig)
    TIM_BDTRStructInit                       0x08004d55   Thumb Code    18  stm32f4xx_tim.o(i.TIM_BDTRStructInit)
    TIM_ClearITPendingBit                    0x08004d67   Thumb Code     6  stm32f4xx_tim.o(i.TIM_ClearITPendingBit)
    TIM_Cmd                                  0x08004d6d   Thumb Code    24  stm32f4xx_tim.o(i.TIM_Cmd)
    TIM_GetCapture1                          0x08004d85   Thumb Code     6  stm32f4xx_tim.o(i.TIM_GetCapture1)
    TIM_GetCapture2                          0x08004d8b   Thumb Code     6  stm32f4xx_tim.o(i.TIM_GetCapture2)
    TIM_GetCapture3                          0x08004d91   Thumb Code     6  stm32f4xx_tim.o(i.TIM_GetCapture3)
    TIM_GetCounter                           0x08004d97   Thumb Code     6  stm32f4xx_tim.o(i.TIM_GetCounter)
    TIM_GetITStatus                          0x08004d9d   Thumb Code    34  stm32f4xx_tim.o(i.TIM_GetITStatus)
    TIM_ITConfig                             0x08004dbf   Thumb Code    18  stm32f4xx_tim.o(i.TIM_ITConfig)
    TIM_OC1Init                              0x08004dd1   Thumb Code   114  stm32f4xx_tim.o(i.TIM_OC1Init)
    TIM_OC2Init                              0x08004e4d   Thumb Code   154  stm32f4xx_tim.o(i.TIM_OC2Init)
    TIM_OC3Init                              0x08004ef1   Thumb Code   150  stm32f4xx_tim.o(i.TIM_OC3Init)
    TIM_OC4Init                              0x08004f91   Thumb Code   112  stm32f4xx_tim.o(i.TIM_OC4Init)
    TIM_OCStructInit                         0x08005009   Thumb Code    20  stm32f4xx_tim.o(i.TIM_OCStructInit)
    TIM_SetCompare1                          0x0800501d   Thumb Code     4  stm32f4xx_tim.o(i.TIM_SetCompare1)
    TIM_SetCompare2                          0x08005021   Thumb Code     4  stm32f4xx_tim.o(i.TIM_SetCompare2)
    TIM_SetCompare3                          0x08005025   Thumb Code     4  stm32f4xx_tim.o(i.TIM_SetCompare3)
    TIM_TimeBaseInit                         0x08005029   Thumb Code   104  stm32f4xx_tim.o(i.TIM_TimeBaseInit)
    Timing_Channel_1                         0x080050ad   Thumb Code     8  timing_manage.o(i.Timing_Channel_1)
    Timing_Channel_2                         0x080050b5   Thumb Code    18  timing_manage.o(i.Timing_Channel_2)
    Timing_Channel_3                         0x080050cd   Thumb Code    10  timing_manage.o(i.Timing_Channel_3)
    USART1_IRQHandler                        0x080050d9   Thumb Code   118  dev_usart.o(i.USART1_IRQHandler)
    USART3_IRQHandler                        0x08005159   Thumb Code   122  dev_usart.o(i.USART3_IRQHandler)
    USART_Cmd                                0x080051dd   Thumb Code    24  stm32f4xx_usart.o(i.USART_Cmd)
    USART_DMACmd                             0x080051f5   Thumb Code    18  stm32f4xx_usart.o(i.USART_DMACmd)
    USART_DMA_Set                            0x08005209   Thumb Code   152  dev_usart.o(i.USART_DMA_Set)
    USART_GetITStatus                        0x080052a5   Thumb Code    84  stm32f4xx_usart.o(i.USART_GetITStatus)
    USART_ITConfig                           0x080052f9   Thumb Code    74  stm32f4xx_usart.o(i.USART_ITConfig)
    USART_Init                               0x08005345   Thumb Code   204  stm32f4xx_usart.o(i.USART_Init)
    USART_OpenPort                           0x08005419   Thumb Code   584  dev_usart.o(i.USART_OpenPort)
    USART_ReceiveData                        0x08005685   Thumb Code    10  stm32f4xx_usart.o(i.USART_ReceiveData)
    USART_SendData                           0x0800568f   Thumb Code     8  stm32f4xx_usart.o(i.USART_SendData)
    __ARM_fpclassify                         0x08005697   Thumb Code    40  fpclassify.o(i.__ARM_fpclassify)
    __I2C_Debug__                            0x080056c1   Thumb Code    74  dev_i2c.o(i.__I2C_Debug__)
    __ieee754_rem_pio2                       0x08005711   Thumb Code   832  rred.o(i.__ieee754_rem_pio2)
    __kernel_cos                             0x08005a99   Thumb Code   230  cos_i.o(i.__kernel_cos)
    __kernel_poly                            0x08005b95   Thumb Code   170  poly.o(i.__kernel_poly)
    __kernel_sin                             0x08005c41   Thumb Code   224  sin_i.o(i.__kernel_sin)
    __mathlib_dbl_underflow                  0x08005d2d   Thumb Code    10  dunder.o(i.__mathlib_dbl_underflow)
    __scatterload_copy                       0x08005d3d   Thumb Code    14  handlers.o(i.__scatterload_copy)
    __scatterload_null                       0x08005d4b   Thumb Code     2  handlers.o(i.__scatterload_null)
    __scatterload_zeroinit                   0x08005d4d   Thumb Code    14  handlers.o(i.__scatterload_zeroinit)
    __set_errno                              0x08005d5d   Thumb Code     6  errno.o(i.__set_errno)
    arm_mat_init_f32                         0x08005d69   Thumb Code     8  arm_mat_init_f32.o(i.arm_mat_init_f32)
    arm_mat_mult_f32                         0x08005d71   Thumb Code   306  arm_mat_mult_f32.o(i.arm_mat_mult_f32)
    arm_mat_trans_f32                        0x08005ea3   Thumb Code   152  arm_mat_trans_f32.o(i.arm_mat_trans_f32)
    asin                                     0x08005f3d   Thumb Code   584  asin.o(i.asin)
    atan                                     0x080061b9   Thumb Code   478  atan.o(i.atan)
    atan2                                    0x080063dd   Thumb Code   346  atan2.o(i.atan2)
    cos                                      0x0800655d   Thumb Code   164  cos.o(i.cos)
    exp                                      0x08006609   Thumb Code   566  exp.o(i.exp)
    main                                     0x08006899   Thumb Code    94  main.o(i.main)
    sin                                      0x08006905   Thumb Code   166  sin.o(i.sin)
    sqrt                                     0x080069b5   Thumb Code    76  sqrt.o(i.sqrt)
    Data_I                                   0x08006a00   Data         196  ekf.o(.constdata)
    __mathlib_zero                           0x08006c38   Data           8  qnan.o(.constdata)
    Region$$Table$$Base                      0x08006d30   Number         0  anon$$obj.o(Region$$Table)
    Region$$Table$$Limit                     0x08006d50   Number         0  anon$$obj.o(Region$$Table)
    shutdown                                 0x20000000   Data           1  main.o(.data)
    EKF_dti                                  0x20000004   Data           4  main.o(.data)
    lastdt                                   0x20000008   Data           4  main.o(.data)
    Battery_Cell                             0x2000000c   Data           2  voltage_fb.o(.data)
    CELL                                     0x2000000e   Data           2  voltage_fb.o(.data)
    EKF_dt                                   0x20000010   Data           4  ekf.o(.data)
    EKF_status                               0x20000014   Data           1  ekf.o(.data)
    Raw_Acce                                 0x200003ec   Data           6  ekf.o(.data)
    Raw_Gyro                                 0x200003f2   Data           6  ekf.o(.data)
    Raw_Magn                                 0x200003f8   Data           6  ekf.o(.data)
    EKF_Lastime                              0x20000400   Data           8  ekf.o(.data)
    EKF_Time                                 0x20000408   Data           8  ekf.o(.data)
    EnA_Speed                                0x20000480   Data           4  motor.o(.data)
    EnB_Speed                                0x20000484   Data           4  motor.o(.data)
    EnA_Distance                             0x20000488   Data           4  motor.o(.data)
    EnB_Distance                             0x2000048c   Data           4  motor.o(.data)
    EnA_cnt_Old                              0x20000490   Data           4  motor.o(.data)
    EnB_cnt_Old                              0x20000494   Data           4  motor.o(.data)
    EnA_cnt_New                              0x20000498   Data           4  motor.o(.data)
    EnB_cnt_New                              0x2000049c   Data           4  motor.o(.data)
    TickCnt                                  0x200004a0   Data           8  systick.o(.data)
    cnt                                      0x200004a8   Data           8  systick.o(.data)
    capture                                  0x200004b0   Data           4  timing_manage.o(.data)
    ms_Tick                                  0x200004b4   Data           4  timing_manage.o(.data)
    RGB_MATRIX                               0x200004b8   Data          63  dev_digital.o(.data)
    RGB_LOOP                                 0x200004f7   Data           1  dev_digital.o(.data)
    RED                                      0x200004f8   Data           1  dev_digital.o(.data)
    BLUE                                     0x200004f9   Data           1  dev_digital.o(.data)
    GREEN                                    0x200004fa   Data           1  dev_digital.o(.data)
    RGB_Inicate                              0x200004fb   Data           1  dev_digital.o(.data)
    RGB_check                                0x200004fc   Data           1  dev_digital.o(.data)
    i2c_debug_Count                          0x20000500   Data           4  dev_i2c.o(.data)
    test                                     0x20000504   Data           3  dev_usart.o(.data)
    Capture_1                                0x20000508   Data           2  dev_timer.o(.data)
    Capture_2                                0x2000050a   Data           2  dev_timer.o(.data)
    Capture_3                                0x2000050c   Data           2  dev_timer.o(.data)
    Capture_4                                0x2000050e   Data           2  dev_timer.o(.data)
    Capture_5                                0x20000510   Data           2  dev_timer.o(.data)
    Capture_6                                0x20000512   Data           2  dev_timer.o(.data)
    Capture_7                                0x20000514   Data           2  dev_timer.o(.data)
    Capture_8                                0x20000516   Data           2  dev_timer.o(.data)
    Capture_9                                0x20000518   Data           2  dev_timer.o(.data)
    Serial_Link_DATA                         0x2000052a   Data          50  serial_link.o(.data)
    SerialLink_Mode                          0x2000055c   Data           1  serial_link.o(.data)
    DebugStack_size                          0x2000055d   Data           1  serial_link.o(.data)
    DebugStack_index                         0x2000055e   Data           1  serial_link.o(.data)
    ADC_Volt                                 0x20000564   Data          20  voltage_fb.o(.bss)
    HMC5883_RegDebug                         0x20000578   Data          13  hmc5883l.o(.bss)
    MPU6050_RegDebug                         0x20000585   Data         117  mpu6050.o(.bss)
    Angle                                    0x200005fc   Data          12  ekf.o(.bss)
    Kalman_Angle                             0x20000608   Data          12  ekf.o(.bss)
    quaternion                               0x20000614   Data          16  ekf.o(.bss)
    Kalman_Quaternion                        0x20000624   Data          16  ekf.o(.bss)
    Sca_Magn                                 0x20000634   Data          12  ekf.o(.bss)
    MagErrorGain                             0x20000640   Data          12  ekf.o(.bss)
    MagOFFSET                                0x2000064c   Data          12  ekf.o(.bss)
    LCD_Clock                                0x20000b60   Data          10  timing_manage.o(.bss)
    IMU                                      0x20000b6c   Data         160  dev_i2c.o(.bss)
    EEPROM                                   0x20000c0c   Data         160  dev_i2c.o(.bss)
    DMA_I2C_InitStructure                    0x20000cac   Data          60  dev_i2c.o(.bss)
    USART_1                                  0x20000ce8   Data          72  dev_usart.o(.bss)
    USART_3                                  0x20000d30   Data          72  dev_usart.o(.bss)
    DMA_USART_InitStructure                  0x20000d78   Data          60  dev_usart.o(.bss)
    DATA_OUT                                 0x20000db4   Data          36  serial_link.o(.bss)
    debugstring                              0x20000dd8   Data         400  serial_link.o(.bss)
    Serial_Link_Debug                        0x20000f68   Data        5000  serial_link.o(.bss)
    __initial_sp                             0x200026f0   Data           0  startup_stm32f4xx.o(STACK)



==============================================================================

Memory Map of the image

  Image Entry point : 0x08000189

  Load Region LR_IROM1 (Base: 0x08000000, Size: 0x000072b4, Max: 0x00080000, ABSOLUTE, COMPRESSED[0x00006da8])

    Execution Region ER_IROM1 (Base: 0x08000000, Size: 0x00006d50, Max: 0x00080000, ABSOLUTE)

    Base Addr    Size         Type   Attr      Idx    E Section Name        Object

    0x08000000   0x00000188   Data   RO         3155    RESET               startup_stm32f4xx.o
    0x08000188   0x00000000   Code   RO         3290  * .ARM.Collect$$$$00000000  mc_w.l(entry.o)
    0x08000188   0x00000004   Code   RO         3352    .ARM.Collect$$$$00000001  mc_w.l(entry2.o)
    0x0800018c   0x00000004   Code   RO         3355    .ARM.Collect$$$$00000004  mc_w.l(entry5.o)
    0x08000190   0x00000000   Code   RO         3357    .ARM.Collect$$$$00000008  mc_w.l(entry7b.o)
    0x08000190   0x00000000   Code   RO         3359    .ARM.Collect$$$$0000000A  mc_w.l(entry8b.o)
    0x08000190   0x00000008   Code   RO         3360    .ARM.Collect$$$$0000000B  mc_w.l(entry9a.o)
    0x08000198   0x00000000   Code   RO         3362    .ARM.Collect$$$$0000000D  mc_w.l(entry10a.o)
    0x08000198   0x00000000   Code   RO         3364    .ARM.Collect$$$$0000000F  mc_w.l(entry11a.o)
    0x08000198   0x00000004   Code   RO         3353    .ARM.Collect$$$$00002712  mc_w.l(entry2.o)
    0x0800019c   0x00000024   Code   RO         3156    .text               startup_stm32f4xx.o
    0x080001c0   0x000000b0   Code   RO         3297    .text               mf_w.l(fadd.o)
    0x08000270   0x0000006c   Code   RO         3299    .text               mf_w.l(fmul.o)
    0x080002dc   0x00000080   Code   RO         3301    .text               mf_w.l(fdiv.o)
    0x0800035c   0x0000014e   Code   RO         3303    .text               mf_w.l(dadd.o)
    0x080004aa   0x000000e4   Code   RO         3305    .text               mf_w.l(dmul.o)
    0x0800058e   0x000000de   Code   RO         3307    .text               mf_w.l(ddiv.o)
    0x0800066c   0x00000012   Code   RO         3309    .text               mf_w.l(fflti.o)
    0x0800067e   0x0000000a   Code   RO         3311    .text               mf_w.l(ffltui.o)
    0x08000688   0x0000001c   Code   RO         3313    .text               mf_w.l(ffltul.o)
    0x080006a4   0x00000022   Code   RO         3315    .text               mf_w.l(dflti.o)
    0x080006c6   0x0000001a   Code   RO         3317    .text               mf_w.l(dfltui.o)
    0x080006e0   0x00000032   Code   RO         3319    .text               mf_w.l(ffixi.o)
    0x08000712   0x00000028   Code   RO         3321    .text               mf_w.l(ffixui.o)
    0x0800073a   0x00000026   Code   RO         3323    .text               mf_w.l(f2d.o)
    0x08000760   0x00000038   Code   RO         3325    .text               mf_w.l(d2f.o)
    0x08000798   0x00000014   Code   RO         3327    .text               mf_w.l(cfcmple.o)
    0x080007ac   0x00000014   Code   RO         3329    .text               mf_w.l(cfrcmple.o)
    0x080007c0   0x0000001e   Code   RO         3366    .text               mc_w.l(llshl.o)
    0x080007de   0x00000024   Code   RO         3368    .text               mc_w.l(llsshr.o)
    0x08000802   0x00000000   Code   RO         3377    .text               mc_w.l(iusefp.o)
    0x08000802   0x0000006c   Code   RO         3378    .text               mf_w.l(fepilogue.o)
    0x0800086e   0x000000be   Code   RO         3380    .text               mf_w.l(depilogue.o)
    0x0800092c   0x0000002e   Code   RO         3382    .text               mf_w.l(dscalb.o)
    0x0800095a   0x000000a2   Code   RO         3384    .text               mf_w.l(dsqrt.o)
    0x080009fc   0x0000003e   Code   RO         3386    .text               mf_w.l(dfixi.o)
    0x08000a3a   0x00000002   PAD
    0x08000a3c   0x00000028   Code   RO         3388    .text               mf_w.l(cdcmple.o)
    0x08000a64   0x00000028   Code   RO         3390    .text               mf_w.l(cdrcmple.o)
    0x08000a8c   0x00000024   Code   RO         3392    .text               mc_w.l(init.o)
    0x08000ab0   0x00000020   Code   RO         3394    .text               mc_w.l(llushr.o)
    0x08000ad0   0x0000005c   Code   RO         3404    .text               mc_w.l(__dczerorl2.o)
    0x08000b2c   0x00000016   Code   RO         1420    i.ADC_Cmd           stm32f4xx_adc.o
    0x08000b42   0x00000002   PAD
    0x08000b44   0x00000038   Code   RO         1421    i.ADC_CommonInit    stm32f4xx_adc.o
    0x08000b7c   0x00000016   Code   RO         1424    i.ADC_DMACmd        stm32f4xx_adc.o
    0x08000b92   0x00000016   Code   RO         1425    i.ADC_DMARequestAfterLastTransferCmd  stm32f4xx_adc.o
    0x08000ba8   0x00000016   Code   RO         1426    i.ADC_DeInit        stm32f4xx_adc.o
    0x08000bbe   0x00000002   PAD
    0x08000bc0   0x00000054   Code   RO         1440    i.ADC_Init          stm32f4xx_adc.o
    0x08000c14   0x000000b8   Code   RO         1445    i.ADC_RegularChannelConfig  stm32f4xx_adc.o
    0x08000ccc   0x0000000a   Code   RO         1447    i.ADC_SoftwareStartConv  stm32f4xx_adc.o
    0x08000cd6   0x00000002   PAD
    0x08000cd8   0x000000d4   Code   RO          177    i.Cell_Detect       voltage_fb.o
    0x08000dac   0x0000003e   Code   RO          820    i.Check_msTick      timing_manage.o
    0x08000dea   0x00000002   PAD
    0x08000dec   0x00000040   Code   RO          949    i.DMA1_Stream0_IRQHandler  dev_i2c.o
    0x08000e2c   0x00000020   Code   RO         1066    i.DMA1_Stream1_IRQHandler  dev_usart.o
    0x08000e4c   0x00000040   Code   RO          950    i.DMA1_Stream2_IRQHandler  dev_i2c.o
    0x08000e8c   0x0000004c   Code   RO         1067    i.DMA1_Stream3_IRQHandler  dev_usart.o
    0x08000ed8   0x00000044   Code   RO          951    i.DMA1_Stream6_IRQHandler  dev_i2c.o
    0x08000f1c   0x00000044   Code   RO          952    i.DMA1_Stream7_IRQHandler  dev_i2c.o
    0x08000f60   0x00000028   Code   RO         1068    i.DMA2_Stream3_IRQHandler  dev_usart.o
    0x08000f88   0x00000020   Code   RO         1069    i.DMA2_Stream7_IRQHandler  dev_usart.o
    0x08000fa8   0x00000034   Code   RO         1653    i.DMA_ClearITPendingBit  stm32f4xx_dma.o
    0x08000fdc   0x00000016   Code   RO         1654    i.DMA_Cmd           stm32f4xx_dma.o
    0x08000ff2   0x00000002   PAD
    0x08000ff4   0x00000158   Code   RO         1655    i.DMA_DeInit        stm32f4xx_dma.o
    0x0800114c   0x00000060   Code   RO         1664    i.DMA_GetITStatus   stm32f4xx_dma.o
    0x080011ac   0x0000003a   Code   RO         1665    i.DMA_ITConfig      stm32f4xx_dma.o
    0x080011e6   0x00000002   PAD
    0x080011e8   0x00000058   Code   RO         1666    i.DMA_Init          stm32f4xx_dma.o
    0x08001240   0x00000020   Code   RO          821    i.Delay_ms          timing_manage.o
    0x08001260   0x00000298   Code   RO          400    i.EKF_EulerToQuaternion  ekf.o
    0x080014f8   0x0000011c   Code   RO          401    i.EKF_Initialize_Matrix  ekf.o
    0x08001614   0x00000298   Code   RO          404    i.EKF_Process       ekf.o
    0x080018ac   0x00000168   Code   RO          405    i.EKF_QuaternionToEuler  ekf.o
    0x08001a14   0x00000280   Code   RO          406    i.EKF_TiltCommpensation  ekf.o
    0x08001c94   0x0000011c   Code   RO          407    i.EKF_Update_Data   ekf.o
    0x08001db0   0x000001c4   Code   RO          408    i.EKF_Update_TransitionMatix  ekf.o
    0x08001f74   0x0000000c   Code   RO          409    i.EKF_delay         ekf.o
    0x08001f80   0x00000088   Code   RO          650    i.Encoders_Read     motor.o
    0x08002008   0x00000090   Code   RO         1835    i.GPIO_Init         stm32f4xx_gpio.o
    0x08002098   0x00000046   Code   RO         1836    i.GPIO_PinAFConfig  stm32f4xx_gpio.o
    0x080020de   0x00000002   PAD
    0x080020e0   0x00000064   Code   RO          178    i.Get_Voltage       voltage_fb.o
    0x08002144   0x0000000c   Code   RO          822    i.Get_msTick        timing_manage.o
    0x08002150   0x000000f8   Code   RO          218    i.HMC5883_Configuration_A  hmc5883l.o
    0x08002248   0x000000ac   Code   RO          219    i.HMC5883_Configuration_B  hmc5883l.o
    0x080022f4   0x000000d0   Code   RO          220    i.HMC5883_Configuration_MODE  hmc5883l.o
    0x080023c4   0x00000030   Code   RO          221    i.HMC5883_ConnectionCheck  hmc5883l.o
    0x080023f4   0x0000001a   Code   RO          222    i.HMC5883_GetDeviceID  hmc5883l.o
    0x0800240e   0x00000002   PAD
    0x08002410   0x00000060   Code   RO          223    i.HMC5883_Get_RawMagn  hmc5883l.o
    0x08002470   0x00000020   Code   RO          953    i.I2C1_ER_IRQHandler  dev_i2c.o
    0x08002490   0x00000010   Code   RO          954    i.I2C1_EV_IRQHandler  dev_i2c.o
    0x080024a0   0x00000020   Code   RO          955    i.I2C2_ER_IRQHandler  dev_i2c.o
    0x080024c0   0x00000010   Code   RO          956    i.I2C2_EV_IRQHandler  dev_i2c.o
    0x080024d0   0x00000018   Code   RO         1929    i.I2C_AcknowledgeConfig  stm32f4xx_i2c.o
    0x080024e8   0x00000036   Code   RO          957    i.I2C_BUSY_Check    dev_i2c.o
    0x0800251e   0x0000000c   Code   RO         1933    i.I2C_ClearITPendingBit  stm32f4xx_i2c.o
    0x0800252a   0x00000018   Code   RO         1934    i.I2C_Cmd           stm32f4xx_i2c.o
    0x08002542   0x00000018   Code   RO         1935    i.I2C_DMACmd        stm32f4xx_i2c.o
    0x0800255a   0x00000018   Code   RO         1936    i.I2C_DMALastTransferCmd  stm32f4xx_i2c.o
    0x08002572   0x00000002   PAD
    0x08002574   0x00000060   Code   RO          958    i.I2C_DMA_Config    dev_i2c.o
    0x080025d4   0x00000060   Code   RO         1937    i.I2C_DeInit        stm32f4xx_i2c.o
    0x08002634   0x00000018   Code   RO         1941    i.I2C_GenerateSTART  stm32f4xx_i2c.o
    0x0800264c   0x00000018   Code   RO         1942    i.I2C_GenerateSTOP  stm32f4xx_i2c.o
    0x08002664   0x0000003a   Code   RO         1943    i.I2C_GetFlagStatus  stm32f4xx_i2c.o
    0x0800269e   0x00000026   Code   RO         1944    i.I2C_GetITStatus   stm32f4xx_i2c.o
    0x080026c4   0x0000001a   Code   RO         1945    i.I2C_GetLastEvent  stm32f4xx_i2c.o
    0x080026de   0x00000012   Code   RO         1947    i.I2C_ITConfig      stm32f4xx_i2c.o
    0x080026f0   0x000000e8   Code   RO         1948    i.I2C_Init          stm32f4xx_i2c.o
    0x080027d8   0x000001e4   Code   RO          960    i.I2C_Interupt      dev_i2c.o
    0x080029bc   0x00000038   Code   RO          961    i.I2C_LAST_TRANSMIT_Check  dev_i2c.o
    0x080029f4   0x00000090   Code   RO          230    i.I2C_Read          hmc5883l.o
    0x08002a84   0x00000094   Code   RO          316    i.I2C_Read          mpu6050.o
    0x08002b18   0x00000008   Code   RO         1953    i.I2C_ReceiveData   stm32f4xx_i2c.o
    0x08002b20   0x00000090   Code   RO          231    i.I2C_RegWrite      hmc5883l.o
    0x08002bb0   0x00000098   Code   RO          317    i.I2C_RegWrite      mpu6050.o
    0x08002c48   0x0000017a   Code   RO          962    i.I2C_Request       dev_i2c.o
    0x08002dc2   0x00000010   Code   RO         1955    i.I2C_Send7bitAddress  stm32f4xx_i2c.o
    0x08002dd2   0x00000004   Code   RO         1956    i.I2C_SendData      stm32f4xx_i2c.o
    0x08002dd6   0x00000002   PAD
    0x08002dd8   0x00000068   Code   RO          823    i.Increase_RTC      timing_manage.o
    0x08002e40   0x00000058   Code   RO          895    i.Initialize_DIGITAL  dev_digital.o
    0x08002e98   0x00000100   Code   RO          606    i.Initialize_EEPROM  eeprom.o
    0x08002f98   0x0000023c   Code   RO          410    i.Initialize_EKF    ekf.o
    0x080031d4   0x000001d0   Code   RO          963    i.Initialize_I2C    dev_i2c.o
    0x080033a4   0x000001b0   Code   RO          411    i.Initialize_SENSOR_Bus  ekf.o
    0x08003554   0x0000015c   Code   RO         3194    i.Initialize_SerialLink  serial_link.o
    0x080036b0   0x00000284   Code   RO         1147    i.Initialize_TIMER  dev_timer.o
    0x08003934   0x000001d0   Code   RO         1148    i.Initialize_TIMER_INTERRUPT  dev_timer.o
    0x08003b04   0x0000012c   Code   RO         1149    i.Initialize_TIMER_PWM  dev_timer.o
    0x08003c30   0x0000008c   Code   RO          824    i.Initialize_Timer  timing_manage.o
    0x08003cbc   0x0000019c   Code   RO          179    i.Initialize_Volt_FB  voltage_fb.o
    0x08003e58   0x0000001c   Code   RO          318    i.MPU6050_ConnectionCheck  mpu6050.o
    0x08003e74   0x0000001a   Code   RO          319    i.MPU6050_GetDeviceID  mpu6050.o
    0x08003e8e   0x00000002   PAD
    0x08003e90   0x000000a8   Code   RO          321    i.MPU6050_Get_rawMotion  mpu6050.o
    0x08003f38   0x000000b4   Code   RO          322    i.MPU6050_Set_ACCEL_Config  mpu6050.o
    0x08003fec   0x000000ac   Code   RO          323    i.MPU6050_Set_Configuration  mpu6050.o
    0x08004098   0x000000b4   Code   RO          324    i.MPU6050_Set_GYRO_Config  mpu6050.o
    0x0800414c   0x00000100   Code   RO          325    i.MPU6050_Set_PWR_MGMT_1  mpu6050.o
    0x0800424c   0x00000070   Code   RO          326    i.MPU6050_Set_SMPLRT_DIV  mpu6050.o
    0x080042bc   0x00000078   Code   RO         1374    i.NVIC_Init         misc.o
    0x08004334   0x00000020   Code   RO         2136    i.RCC_AHB1PeriphClockCmd  stm32f4xx_rcc.o
    0x08004354   0x00000020   Code   RO         2145    i.RCC_APB1PeriphClockCmd  stm32f4xx_rcc.o
    0x08004374   0x00000020   Code   RO         2147    i.RCC_APB1PeriphResetCmd  stm32f4xx_rcc.o
    0x08004394   0x00000020   Code   RO         2148    i.RCC_APB2PeriphClockCmd  stm32f4xx_rcc.o
    0x080043b4   0x00000020   Code   RO         2150    i.RCC_APB2PeriphResetCmd  stm32f4xx_rcc.o
    0x080043d4   0x000000e8   Code   RO         2157    i.RCC_GetClocksFreq  stm32f4xx_rcc.o
    0x080044bc   0x000001bc   Code   RO          896    i.RGB_Process       dev_digital.o
    0x08004678   0x00000050   Code   RO          897    i.RGB_SetLoop       dev_digital.o
    0x080046c8   0x0000009c   Code   RO          898    i.RGB_Setup         dev_digital.o
    0x08004764   0x000000ac   Code   RO          899    i.RGB_Update        dev_digital.o
    0x08004810   0x000002e4   Code   RO         3195    i.SerialLink_DMAStreamProcess  serial_link.o
    0x08004af4   0x00000028   Code   RO         3196    i.SerialLink_Debug  serial_link.o
    0x08004b1c   0x000000ec   Code   RO         3161    i.SetSysClock       system_stm32f4xx.o
    0x08004c08   0x00000028   Code   RO          779    i.SysTick_Handler   systick.o
    0x08004c30   0x0000005c   Code   RO         3163    i.SystemInit        system_stm32f4xx.o
    0x08004c8c   0x00000002   Code   RO         1150    i.TIM1_BRK_TIM9_IRQHandler  dev_timer.o
    0x08004c8e   0x00000002   Code   RO         1151    i.TIM1_CC_IRQHandler  dev_timer.o
    0x08004c90   0x00000002   Code   RO         1152    i.TIM2_IRQHandler   dev_timer.o
    0x08004c92   0x00000002   Code   RO         1153    i.TIM3_IRQHandler   dev_timer.o
    0x08004c94   0x00000002   Code   RO         1154    i.TIM4_IRQHandler   dev_timer.o
    0x08004c96   0x00000002   Code   RO         1155    i.TIM5_IRQHandler   dev_timer.o
    0x08004c98   0x00000002   Code   RO         1156    i.TIM6_DAC_IRQHandler  dev_timer.o
    0x08004c9a   0x00000002   Code   RO         1157    i.TIM7_IRQHandler   dev_timer.o
    0x08004c9c   0x00000098   Code   RO         1158    i.TIM8_CC_IRQHandler  dev_timer.o
    0x08004d34   0x00000020   Code   RO         2417    i.TIM_BDTRConfig    stm32f4xx_tim.o
    0x08004d54   0x00000012   Code   RO         2418    i.TIM_BDTRStructInit  stm32f4xx_tim.o
    0x08004d66   0x00000006   Code   RO         2423    i.TIM_ClearITPendingBit  stm32f4xx_tim.o
    0x08004d6c   0x00000018   Code   RO         2428    i.TIM_Cmd           stm32f4xx_tim.o
    0x08004d84   0x00000006   Code   RO         2443    i.TIM_GetCapture1   stm32f4xx_tim.o
    0x08004d8a   0x00000006   Code   RO         2444    i.TIM_GetCapture2   stm32f4xx_tim.o
    0x08004d90   0x00000006   Code   RO         2445    i.TIM_GetCapture3   stm32f4xx_tim.o
    0x08004d96   0x00000006   Code   RO         2447    i.TIM_GetCounter    stm32f4xx_tim.o
    0x08004d9c   0x00000022   Code   RO         2449    i.TIM_GetITStatus   stm32f4xx_tim.o
    0x08004dbe   0x00000012   Code   RO         2453    i.TIM_ITConfig      stm32f4xx_tim.o
    0x08004dd0   0x0000007c   Code   RO         2457    i.TIM_OC1Init       stm32f4xx_tim.o
    0x08004e4c   0x000000a4   Code   RO         2462    i.TIM_OC2Init       stm32f4xx_tim.o
    0x08004ef0   0x000000a0   Code   RO         2467    i.TIM_OC3Init       stm32f4xx_tim.o
    0x08004f90   0x00000078   Code   RO         2472    i.TIM_OC4Init       stm32f4xx_tim.o
    0x08005008   0x00000014   Code   RO         2475    i.TIM_OCStructInit  stm32f4xx_tim.o
    0x0800501c   0x00000004   Code   RO         2490    i.TIM_SetCompare1   stm32f4xx_tim.o
    0x08005020   0x00000004   Code   RO         2491    i.TIM_SetCompare2   stm32f4xx_tim.o
    0x08005024   0x00000004   Code   RO         2492    i.TIM_SetCompare3   stm32f4xx_tim.o
    0x08005028   0x00000084   Code   RO         2500    i.TIM_TimeBaseInit  stm32f4xx_tim.o
    0x080050ac   0x00000008   Code   RO          825    i.Timing_Channel_1  timing_manage.o
    0x080050b4   0x00000018   Code   RO          826    i.Timing_Channel_2  timing_manage.o
    0x080050cc   0x0000000a   Code   RO          827    i.Timing_Channel_3  timing_manage.o
    0x080050d6   0x00000002   PAD
    0x080050d8   0x00000080   Code   RO         1071    i.USART1_IRQHandler  dev_usart.o
    0x08005158   0x00000084   Code   RO         1072    i.USART3_IRQHandler  dev_usart.o
    0x080051dc   0x00000018   Code   RO         2974    i.USART_Cmd         stm32f4xx_usart.o
    0x080051f4   0x00000012   Code   RO         2975    i.USART_DMACmd      stm32f4xx_usart.o
    0x08005206   0x00000002   PAD
    0x08005208   0x0000009c   Code   RO         1073    i.USART_DMA_Set     dev_usart.o
    0x080052a4   0x00000054   Code   RO         2978    i.USART_GetITStatus  stm32f4xx_usart.o
    0x080052f8   0x0000004a   Code   RO         2980    i.USART_ITConfig    stm32f4xx_usart.o
    0x08005342   0x00000002   PAD
    0x08005344   0x000000d4   Code   RO         2981    i.USART_Init        stm32f4xx_usart.o
    0x08005418   0x0000026c   Code   RO         1075    i.USART_OpenPort    dev_usart.o
    0x08005684   0x0000000a   Code   RO         2988    i.USART_ReceiveData  stm32f4xx_usart.o
    0x0800568e   0x00000008   Code   RO         2991    i.USART_SendData    stm32f4xx_usart.o
    0x08005696   0x00000028   Code   RO         3336    i.__ARM_fpclassify  m_ws.l(fpclassify.o)
    0x080056be   0x00000002   PAD
    0x080056c0   0x00000050   Code   RO          964    i.__I2C_Debug__     dev_i2c.o
    0x08005710   0x00000388   Code   RO         3341    i.__ieee754_rem_pio2  m_ws.l(rred.o)
    0x08005a98   0x000000fc   Code   RO         3331    i.__kernel_cos      m_ws.l(cos_i.o)
    0x08005b94   0x000000aa   Code   RO         3338    i.__kernel_poly     m_ws.l(poly.o)
    0x08005c3e   0x00000002   PAD
    0x08005c40   0x000000ec   Code   RO         3346    i.__kernel_sin      m_ws.l(sin_i.o)
    0x08005d2c   0x00000010   Code   RO         3334    i.__mathlib_dbl_underflow  m_ws.l(dunder.o)
    0x08005d3c   0x0000000e   Code   RO         3398    i.__scatterload_copy  mc_w.l(handlers.o)
    0x08005d4a   0x00000002   Code   RO         3399    i.__scatterload_null  mc_w.l(handlers.o)
    0x08005d4c   0x0000000e   Code   RO         3400    i.__scatterload_zeroinit  mc_w.l(handlers.o)
    0x08005d5a   0x00000002   PAD
    0x08005d5c   0x0000000c   Code   RO         3372    i.__set_errno       mc_w.l(errno.o)
    0x08005d68   0x00000008   Code   RO          506    i.arm_mat_init_f32  arm_mat_init_f32.o
    0x08005d70   0x00000132   Code   RO          537    i.arm_mat_mult_f32  arm_mat_mult_f32.o
    0x08005ea2   0x00000098   Code   RO          585    i.arm_mat_trans_f32  arm_mat_trans_f32.o
    0x08005f3a   0x00000002   PAD
    0x08005f3c   0x0000027c   Code   RO         3229    i.asin              m_ws.l(asin.o)
    0x080061b8   0x00000224   Code   RO         3239    i.atan              m_ws.l(atan.o)
    0x080063dc   0x00000180   Code   RO         3249    i.atan2             m_ws.l(atan2.o)
    0x0800655c   0x000000ac   Code   RO         3257    i.cos               m_ws.l(cos.o)
    0x08006608   0x00000290   Code   RO         3265    i.exp               m_ws.l(exp.o)
    0x08006898   0x0000006c   Code   RO            2    i.main              main.o
    0x08006904   0x000000b0   Code   RO         3275    i.sin               m_ws.l(sin.o)
    0x080069b4   0x0000004c   Code   RO         3283    i.sqrt              m_ws.l(sqrt.o)
    0x08006a00   0x000000c4   Data   RO          413    .constdata          ekf.o
    0x08006ac4   0x00000004   PAD
    0x08006ac8   0x00000050   Data   RO         3230    .constdata          m_ws.l(asin.o)
    0x08006b18   0x00000098   Data   RO         3240    .constdata          m_ws.l(atan.o)
    0x08006bb0   0x00000058   Data   RO         3266    .constdata          m_ws.l(exp.o)
    0x08006c08   0x00000030   Data   RO         3332    .constdata          m_ws.l(cos_i.o)
    0x08006c38   0x00000008   Data   RO         3340    .constdata          m_ws.l(qnan.o)
    0x08006c40   0x000000c8   Data   RO         3343    .constdata          m_ws.l(rred.o)
    0x08006d08   0x00000028   Data   RO         3347    .constdata          m_ws.l(sin_i.o)
    0x08006d30   0x00000020   Data   RO         3396    Region$$Table       anon$$obj.o


    Execution Region RW_IRAM1 (Base: 0x20000000, Size: 0x000026f0, Max: 0x00020000, ABSOLUTE, COMPRESSED[0x00000058])

    Base Addr    Size         Type   Attr      Idx    E Section Name        Object

    0x20000000   0x0000000c   Data   RW            3    .data               main.o
    0x2000000c   0x00000004   Data   RW          181    .data               voltage_fb.o
    0x20000010   0x00000470   Data   RW          414    .data               ekf.o
    0x20000480   0x00000020   Data   RW          658    .data               motor.o
    0x200004a0   0x00000010   Data   RW          781    .data               systick.o
    0x200004b0   0x00000008   Data   RW          829    .data               timing_manage.o
    0x200004b8   0x00000045   Data   RW          901    .data               dev_digital.o
    0x200004fd   0x00000003   PAD
    0x20000500   0x00000004   Data   RW          966    .data               dev_i2c.o
    0x20000504   0x00000003   Data   RW         1077    .data               dev_usart.o
    0x20000507   0x00000001   PAD
    0x20000508   0x00000012   Data   RW         1159    .data               dev_timer.o
    0x2000051a   0x00000010   Data   RW         2180    .data               stm32f4xx_rcc.o
    0x2000052a   0x00000035   Data   RW         3198    .data               serial_link.o
    0x2000055f   0x00000001   PAD
    0x20000560   0x00000004   Data   RW         3373    .data               mc_w.l(errno.o)
    0x20000564   0x00000014   Zero   RW          180    .bss                voltage_fb.o
    0x20000578   0x0000000d   Zero   RW          232    .bss                hmc5883l.o
    0x20000585   0x00000075   Zero   RW          327    .bss                mpu6050.o
    0x200005fa   0x00000002   PAD
    0x200005fc   0x00000564   Zero   RW          412    .bss                ekf.o
    0x20000b60   0x0000000a   Zero   RW          828    .bss                timing_manage.o
    0x20000b6a   0x00000002   PAD
    0x20000b6c   0x0000017c   Zero   RW          965    .bss                dev_i2c.o
    0x20000ce8   0x000000cc   Zero   RW         1076    .bss                dev_usart.o
    0x20000db4   0x0000153c   Zero   RW         3197    .bss                serial_link.o
    0x200022f0   0x00000400   Zero   RW         3153    STACK               startup_stm32f4xx.o


==============================================================================

Image component sizes


      Code (inc. data)   RO Data    RW Data    ZI Data      Debug   Object Name

         8          0          0          0          0      11707   arm_mat_init_f32.o
       306          0          0          0          0       1303   arm_mat_mult_f32.o
       152          0          0          0          0       1064   arm_mat_trans_f32.o
       940        150          0         69          0       4075   dev_digital.o
      1972        138          0          4        380      10237   dev_i2c.o
      1576        592          0         18          0       6772   dev_timer.o
      1216        104          0          3        204       5894   dev_usart.o
       256         98          0          0          0       1032   eeprom.o
      4364        624        196       1136       1380      10293   ekf.o
      1086        274          0          0         13       7510   hmc5883l.o
       108         14          0         12          0     313362   main.o
       120         12          0          0          0        820   misc.o
       136         40          0         32          0        892   motor.o
      1422        388          0          0        117      11058   mpu6050.o
      1128        204          0         53       5436       3484   serial_link.o
        36          8        392          0       1024        708   startup_stm32f4xx.o
       422         22          0          0          0       4988   stm32f4xx_adc.o
       660         56          0          0          0       4383   stm32f4xx_dma.o
       214          0          0          0          0       1463   stm32f4xx_gpio.o
       652         28          0          0          0       8258   stm32f4xx_i2c.o
       392         48          0         16          0       4729   stm32f4xx_rcc.o
         0          0          0          0          0      80408   stm32f4xx_syscfg.o
       888         66          0          0          0       9824   stm32f4xx_tim.o
       430          8          0          0          0       4514   stm32f4xx_usart.o
       328         36          0          0          0       1293   system_stm32f4xx.o
        40          4          0         16          0        868   systick.o
       392         82          0          8         10       4698   timing_manage.o
       724        182          0          4         20       2470   voltage_fb.o

    ----------------------------------------------------------------------
     19998       3178        624       1376       8588     518107   Object Totals
         0          0         32          0          0          0   (incl. Generated)
        30          0          4          5          4          0   (incl. Padding)

    ----------------------------------------------------------------------

      Code (inc. data)   RO Data    RW Data    ZI Data      Debug   Library Member Name

       636         52         80          0          0        168   asin.o
       548         70        152          0          0        124   atan.o
       384         38          0          0          0        144   atan2.o
       172          8          0          0          0        112   cos.o
       252         22         48          0          0        124   cos_i.o
        16          6          0          0          0         68   dunder.o
       656         90         88          0          0        204   exp.o
        40          0          0          0          0         68   fpclassify.o
       170          0          0          0          0         96   poly.o
         0          0          8          0          0          0   qnan.o
       904         72        200          0          0        140   rred.o
       176         10          0          0          0        116   sin.o
       236         12         40          0          0        128   sin_i.o
        76          0          0          0          0         84   sqrt.o
        92          0          0          0          0          0   __dczerorl2.o
         0          0          0          0          0          0   entry.o
         0          0          0          0          0          0   entry10a.o
         0          0          0          0          0          0   entry11a.o
         8          4          0          0          0          0   entry2.o
         4          0          0          0          0          0   entry5.o
         0          0          0          0          0          0   entry7b.o
         0          0          0          0          0          0   entry8b.o
         8          4          0          0          0          0   entry9a.o
        12          6          0          4          0         68   errno.o
        30          0          0          0          0          0   handlers.o
        36          8          0          0          0         68   init.o
         0          0          0          0          0          0   iusefp.o
        30          0          0          0          0         68   llshl.o
        36          0          0          0          0         68   llsshr.o
        32          0          0          0          0         68   llushr.o
        40          2          0          0          0         68   cdcmple.o
        40          2          0          0          0         68   cdrcmple.o
        20          0          0          0          0         68   cfcmple.o
        20          0          0          0          0         68   cfrcmple.o
        56          0          0          0          0         88   d2f.o
       334          0          0          0          0        148   dadd.o
       222          0          0          0          0        100   ddiv.o
       190          0          0          0          0        176   depilogue.o
        62          0          0          0          0         80   dfixi.o
        34          0          0          0          0         76   dflti.o
        26          0          0          0          0         76   dfltui.o
       228          0          0          0          0         96   dmul.o
        46          0          0          0          0         80   dscalb.o
       162          0          0          0          0        100   dsqrt.o
        38          0          0          0          0         68   f2d.o
       176          0          0          0          0        140   fadd.o
       128          0          0          0          0         88   fdiv.o
       108          0          0          0          0        168   fepilogue.o
        50          0          0          0          0         68   ffixi.o
        40          0          0          0          0         68   ffixui.o
        18          0          0          0          0         68   fflti.o
        10          0          0          0          0         68   ffltui.o
        28          0          0          0          0         84   ffltul.o
       108          0          0          0          0         76   fmul.o

    ----------------------------------------------------------------------
      6746        406        616          4          0       4104   Library Totals
         8          0          0          0          0          0   (incl. Padding)

    ----------------------------------------------------------------------

      Code (inc. data)   RO Data    RW Data    ZI Data      Debug   Library Name

      4266        380        616          0          0       1576   m_ws.l
       288         22          0          4          0        340   mc_w.l
      2184          4          0          0          0       2188   mf_w.l

    ----------------------------------------------------------------------
      6746        406        616          4          0       4104   Library Totals

    ----------------------------------------------------------------------

==============================================================================


      Code (inc. data)   RO Data    RW Data    ZI Data      Debug   

     26744       3584       1240       1380       8588     512175   Grand Totals
     26744       3584       1240         88       8588     512175   ELF Image Totals (compressed)
     26744       3584       1240         88          0          0   ROM Totals

==============================================================================

    Total RO  Size (Code + RO Data)                27984 (  27.33kB)
    Total RW  Size (RW Data + ZI Data)              9968 (   9.73kB)
    Total ROM Size (Code + RO Data + RW Data)      28072 (  27.41kB)

==============================================================================

