<html>
<body>
<pre>
<h1>µVision Build Log</h1>
<h2>Project:</h2>
D:\Dropbox\_ARM_\STM32F4xx\BalaPi_F4_New\V1C\Bin\BalaPi_stm32f4.uvproj
Project File Date:  09/14/2014

<h2>Output:</h2>
Load "D:\\Dropbox\\_ARM_\\STM32F4xx\\BalaPi_F4_New\\V1C\\Bin\\BalaPi_stm32f4.axf" 
Load "D:\\Dropbox\\_ARM_\\STM32F4xx\\BalaPi_F4_New\\V1C\\Bin\\BalaPi_stm32f4.axf" 
Load "D:\\Dropbox\\_ARM_\\STM32F4xx\\BalaPi_F4_New\\V1C\\Bin\\BalaPi_stm32f4.axf" 
Load "D:\\Dropbox\\_ARM_\\STM32F4xx\\BalaPi_F4_New\\V1C\\Bin\\BalaPi_stm32f4.axf" 
Erase Failed!
Internal command error
Load "D:\\Dropbox\\_ARM_\\STM32F4xx\\BalaPi_F4_New\\V1C\\Bin\\BalaPi_stm32f4.axf" 
Erase Done.
Programming Done.
Verify OK.
Application running ...
Load "D:\\Dropbox\\_ARM_\\STM32F4xx\\BalaPi_F4_New\\V1C\\Bin\\BalaPi_stm32f4.axf" 
Erase Done.
Programming Done.
Verify OK.
Application running ...
Load "D:\\Dropbox\\_ARM_\\STM32F4xx\\BalaPi_F4_New\\V1C\\Bin\\BalaPi_stm32f4.axf" 
Erase Done.
Programming Done.
Verify OK.
Application running ...
Build target 'balaPi'
compiling User_Interface.c...
compiling HMC5883L.c...
..\_Code_\Sensor\HMC5883L.c(231): warning:  #1-D: last line of file ends without a newline
linking...
Program Size: Code=35552 RO-data=720 RW-data=312 ZI-data=2080  
FromELF: creating hex file...
"BalaPi_stm32f4.axf" - 0 Error(s), 1 Warning(s).
Build target 'balaPi'
compiling HMC5883L.c...
linking...
Program Size: Code=35552 RO-data=720 RW-data=312 ZI-data=2080  
FromELF: creating hex file...
"BalaPi_stm32f4.axf" - 0 Error(s), 0 Warning(s).
Load "D:\\Dropbox\\_ARM_\\STM32F4xx\\BalaPi_F4_New\\V1C\\Bin\\BalaPi_stm32f4.axf" 
Erase Done.
Programming Done.
Verify OK.
Application running ...
Build target 'balaPi'
compiling User_Interface.c...
linking...
Program Size: Code=35472 RO-data=720 RW-data=312 ZI-data=2080  
FromELF: creating hex file...
"BalaPi_stm32f4.axf" - 0 Error(s), 0 Warning(s).
Load "D:\\Dropbox\\_ARM_\\STM32F4xx\\BalaPi_F4_New\\V1C\\Bin\\BalaPi_stm32f4.axf" 
Erase Done.
Programming Done.
Verify OK.
Application running ...
Build target 'balaPi'
compiling User_Interface.c...
linking...
Program Size: Code=35544 RO-data=720 RW-data=312 ZI-data=2080  
FromELF: creating hex file...
"BalaPi_stm32f4.axf" - 0 Error(s), 0 Warning(s).
Load "D:\\Dropbox\\_ARM_\\STM32F4xx\\BalaPi_F4_New\\V1C\\Bin\\BalaPi_stm32f4.axf" 
Erase Done.
Programming Done.
Verify OK.
Application running ...
Build target 'balaPi'
compiling User_Interface.c...
linking...
Program Size: Code=35560 RO-data=720 RW-data=312 ZI-data=2080  
FromELF: creating hex file...
"BalaPi_stm32f4.axf" - 0 Error(s), 0 Warning(s).
Load "D:\\Dropbox\\_ARM_\\STM32F4xx\\BalaPi_F4_New\\V1C\\Bin\\BalaPi_stm32f4.axf" 
Erase Done.
Programming Done.
Verify OK.
Application running ...
Build target 'balaPi'
compiling IMU.c...
linking...
Program Size: Code=35568 RO-data=720 RW-data=312 ZI-data=2080  
FromELF: creating hex file...
"BalaPi_stm32f4.axf" - 0 Error(s), 0 Warning(s).
Load "D:\\Dropbox\\_ARM_\\STM32F4xx\\BalaPi_F4_New\\V1C\\Bin\\BalaPi_stm32f4.axf" 
Erase Done.
Programming Done.
Verify OK.
Application running ...
Load "D:\\Dropbox\\_ARM_\\STM32F4xx\\BalaPi_F4_New\\V1C\\Bin\\BalaPi_stm32f4.axf" 
Erase Done.
Programming Done.
Verify OK.
Application running ...
Load "D:\\Dropbox\\_ARM_\\STM32F4xx\\BalaPi_F4_New\\V1C\\Bin\\BalaPi_stm32f4.axf" 
Erase Done.
Programming Done.
Verify OK.
Application running ...
Build target 'balaPi'
compiling IMU.c...
linking...
Program Size: Code=35560 RO-data=720 RW-data=312 ZI-data=2080  
FromELF: creating hex file...
"BalaPi_stm32f4.axf" - 0 Error(s), 0 Warning(s).
Load "D:\\Dropbox\\_ARM_\\STM32F4xx\\BalaPi_F4_New\\V1C\\Bin\\BalaPi_stm32f4.axf" 
Erase Done.
Programming Done.
Verify OK.
Application running ...
Build target 'balaPi'
compiling main.c...
linking...
Program Size: Code=35552 RO-data=720 RW-data=312 ZI-data=2080  
FromELF: creating hex file...
"BalaPi_stm32f4.axf" - 0 Error(s), 0 Warning(s).
Load "D:\\Dropbox\\_ARM_\\STM32F4xx\\BalaPi_F4_New\\V1C\\Bin\\BalaPi_stm32f4.axf" 
Erase Done.
Programming Done.
Verify OK.
Application running ...
Build target 'balaPi'
compiling IMU.c...
linking...
Program Size: Code=35568 RO-data=720 RW-data=312 ZI-data=2080  
FromELF: creating hex file...
"BalaPi_stm32f4.axf" - 0 Error(s), 0 Warning(s).
Load "D:\\Dropbox\\_ARM_\\STM32F4xx\\BalaPi_F4_New\\V1C\\Bin\\BalaPi_stm32f4.axf" 
Erase Done.
Programming Done.
Verify OK.
Application running ...
Build target 'balaPi'
compiling User_Interface.c...
compiling IMU.c...
linking...
Program Size: Code=35496 RO-data=720 RW-data=312 ZI-data=2080  
FromELF: creating hex file...
"BalaPi_stm32f4.axf" - 0 Error(s), 0 Warning(s).
Load "D:\\Dropbox\\_ARM_\\STM32F4xx\\BalaPi_F4_New\\V1C\\Bin\\BalaPi_stm32f4.axf" 
Erase Done.
Programming Done.
Verify OK.
Application running ...
Build target 'balaPi'
compiling IMU.c...
linking...
Program Size: Code=35480 RO-data=720 RW-data=312 ZI-data=2080  
FromELF: creating hex file...
"BalaPi_stm32f4.axf" - 0 Error(s), 0 Warning(s).
Load "D:\\Dropbox\\_ARM_\\STM32F4xx\\BalaPi_F4_New\\V1C\\Bin\\BalaPi_stm32f4.axf" 
Erase Done.
Programming Done.
Verify OK.
Application running ...
compiling User_Interface.c...
..\_Code_\User\User_Interface.c - 0 Error(s), 0 Warning(s).
Build target 'balaPi'
linking...
Program Size: Code=35512 RO-data=720 RW-data=312 ZI-data=2080  
FromELF: creating hex file...
"BalaPi_stm32f4.axf" - 0 Error(s), 0 Warning(s).
Load "D:\\Dropbox\\_ARM_\\STM32F4xx\\BalaPi_F4_New\\V1C\\Bin\\BalaPi_stm32f4.axf" 
Erase Done.
Programming Done.
Verify OK.
Application running ...
Build target 'balaPi'
compiling User_Interface.c...
linking...
Program Size: Code=35544 RO-data=720 RW-data=312 ZI-data=2080  
FromELF: creating hex file...
"BalaPi_stm32f4.axf" - 0 Error(s), 0 Warning(s).
Load "D:\\Dropbox\\_ARM_\\STM32F4xx\\BalaPi_F4_New\\V1C\\Bin\\BalaPi_stm32f4.axf" 
Erase Done.
Programming Done.
Verify OK.
Application running ...
Build target 'balaPi'
compiling User_Interface.c...
compiling IMU.c...
linking...
Program Size: Code=35568 RO-data=720 RW-data=312 ZI-data=2080  
FromELF: creating hex file...
"BalaPi_stm32f4.axf" - 0 Error(s), 0 Warning(s).
Load "D:\\Dropbox\\_ARM_\\STM32F4xx\\BalaPi_F4_New\\V1C\\Bin\\BalaPi_stm32f4.axf" 
Erase Done.
Programming Done.
Verify OK.
Application running ...
