ARM Linker, 5.03 [Build 76] [MDK-ARM Standard]

==============================================================================

Section Cross References

    main.o(i.main) refers to serial_link.o(i.Initialize_SerialLink) for Initialize_SerialLink
    main.o(i.main) refers to timing_manage.o(i.Initialize_Timer) for Initialize_Timer
    main.o(i.main) refers to parameter.o(i.Initialize_PARAMETER) for Initialize_PARAMETER
    main.o(i.main) refers to button.o(i.Button_Initialize) for Button_Initialize
    main.o(i.main) refers to rgb.o(i.RGB_Initialize) for RGB_Initialize
    main.o(i.main) refers to voltage_fb.o(i.Voltage_FB_Initiallize) for Voltage_FB_Initiallize
    main.o(i.main) refers to serial_link.o(i.SerialLink_GetCMD) for SerialLink_GetCMD
    main.o(i.main) refers to algorithm.o(i.Algorithm_Switch) for Algorithm_Switch
    main.o(i.main) refers to parameter.o(i.PARAM_EEPROM_READ) for PARAM_EEPROM_READ
    main.o(i.main) refers to serial_link.o(i.SerialLink_SendParameter) for SerialLink_SendParameter
    main.o(i.main) refers to parameter.o(i.PARAM_EEPROM_WRITE) for PARAM_EEPROM_WRITE
    main.o(i.main) refers to serial_link.o(i.SerialLink_ResetCMD) for SerialLink_ResetCMD
    main.o(i.main) refers to calibration.o(i.CALIB_Calibrate) for CALIB_Calibrate
    main.o(i.main) refers to algorithm.o(i.Algorithm_Reset) for Algorithm_Reset
    main.o(i.main) refers to algorithm.o(i.Algorithm_Orientiation) for Algorithm_Orientiation
    rgb.o(i.RGB_Flash) refers to rgb.o(.data) for .data
    rgb.o(i.RGB_Initialize) refers to stm32f4xx_rcc.o(i.RCC_AHB1PeriphClockCmd) for RCC_AHB1PeriphClockCmd
    rgb.o(i.RGB_Initialize) refers to stm32f4xx_gpio.o(i.GPIO_Init) for GPIO_Init
    rgb.o(i.RGB_Initialize) refers to stm32f4xx_gpio.o(i.GPIO_PinAFConfig) for GPIO_PinAFConfig
    rgb.o(i.RGB_Initialize) refers to dev_timer.o(i.Initialize_TIMER) for Initialize_TIMER
    rgb.o(i.RGB_Initialize) refers to dev_timer.o(i.Initialize_TIMER_PWM) for Initialize_TIMER_PWM
    rgb.o(i.RGB_Initialize) refers to stm32f4xx_tim.o(i.TIM_Cmd) for TIM_Cmd
    rgb.o(i.RGB_Process) refers to ffltui.o(.text) for __aeabi_ui2f
    rgb.o(i.RGB_Process) refers to fmul.o(.text) for __aeabi_fmul
    rgb.o(i.RGB_Process) refers to fdiv.o(.text) for __aeabi_fdiv
    rgb.o(i.RGB_Process) refers to ffixui.o(.text) for __aeabi_f2uiz
    rgb.o(i.RGB_Process) refers to stm32f4xx_tim.o(i.TIM_SetCompare2) for TIM_SetCompare2
    rgb.o(i.RGB_Process) refers to stm32f4xx_tim.o(i.TIM_SetCompare3) for TIM_SetCompare3
    rgb.o(i.RGB_Process) refers to stm32f4xx_tim.o(i.TIM_SetCompare1) for TIM_SetCompare1
    rgb.o(i.RGB_Process) refers to rgb.o(.bss) for .bss
    rgb.o(i.RGB_Process) refers to rgb.o(.data) for .data
    rgb.o(i.RGB_Set) refers to ffltui.o(.text) for __aeabi_ui2f
    rgb.o(i.RGB_Set) refers to fmul.o(.text) for __aeabi_fmul
    rgb.o(i.RGB_Set) refers to fdiv.o(.text) for __aeabi_fdiv
    rgb.o(i.RGB_Set) refers to rgb.o(.data) for .data
    rgb.o(i.RGB_Set) refers to rgb.o(.bss) for .bss
    rgb.o(i.RGB_Update) refers to stm32f4xx_tim.o(i.TIM_SetCompare2) for TIM_SetCompare2
    rgb.o(i.RGB_Update) refers to stm32f4xx_tim.o(i.TIM_SetCompare3) for TIM_SetCompare3
    rgb.o(i.RGB_Update) refers to stm32f4xx_tim.o(i.TIM_SetCompare1) for TIM_SetCompare1
    timing_manage.o(i.Check_msTick) refers to timing_manage.o(i.Get_msTick) for Get_msTick
    timing_manage.o(i.Delay_ms) refers to timing_manage.o(i.Get_msTick) for Get_msTick
    timing_manage.o(i.Delay_ms) refers to timing_manage.o(i.Check_msTick) for Check_msTick
    timing_manage.o(i.Get_msTick) refers to timing_manage.o(.data) for .data
    timing_manage.o(i.Get_usTick) refers to timing_manage.o(.data) for .data
    timing_manage.o(i.Initialize_Timer) refers to serial_link.o(i.SerialLink_Console) for SerialLink_Console
    timing_manage.o(i.Initialize_Timer) refers to stm32f4xx_rcc.o(i.RCC_GetClocksFreq) for RCC_GetClocksFreq
    timing_manage.o(i.Initialize_Timer) refers to dev_timer.o(i.Initialize_TIMER) for Initialize_TIMER
    timing_manage.o(i.Initialize_Timer) refers to dev_timer.o(i.Initialize_TIMER_INTERRUPT) for Initialize_TIMER_INTERRUPT
    timing_manage.o(i.Initialize_Timer) refers to stm32f4xx_tim.o(i.TIM_Cmd) for TIM_Cmd
    timing_manage.o(i.Initialize_Timer) refers to timing_manage.o(.bss) for .bss
    timing_manage.o(i.SysTick_Handler) refers to timing_manage.o(.data) for .data
    button.o(i.Button_Check) refers to stm32f4xx_gpio.o(i.GPIO_ReadInputDataBit) for GPIO_ReadInputDataBit
    button.o(i.Button_Check) refers to button.o(.bss) for .bss
    button.o(i.Button_Initialize) refers to button.o(i.Setup_BUTTON) for Setup_BUTTON
    button.o(i.Button_Initialize) refers to timing_manage.o(i.Delay_ms) for Delay_ms
    button.o(i.Button_Initialize) refers to button.o(.bss) for .bss
    button.o(i.Button_ReadList) refers to stm32f4xx_gpio.o(i.GPIO_ReadInputDataBit) for GPIO_ReadInputDataBit
    button.o(i.Button_ReadList) refers to button.o(.bss) for .bss
[...]
    Magn_PosBias                             0x200001a4   Data           6  calibration.o(.data)
    Magn_NegBias                             0x200001aa   Data           6  calibration.o(.data)
    Magn_max                                 0x200001b0   Data           6  calibration.o(.data)
    Magn_min                                 0x200001b6   Data           6  calibration.o(.data)
    .data                                    0x200001bc   Section       20  serial_link.o(.data)
    SerialLink_Input_cnt                     0x200001bc   Data           1  serial_link.o(.data)
    SerialLink_Input_match                   0x200001bd   Data           1  serial_link.o(.data)
    SerialLink_Console_StackSize             0x200001be   Data           1  serial_link.o(.data)
    SerialLink_Console_StackIndex            0x200001bf   Data           1  serial_link.o(.data)
    SerialLink_Console_printfcnt             0x200001c0   Data           1  serial_link.o(.data)
    SerialLink_Param_StackIndex              0x200001c1   Data           1  serial_link.o(.data)
    SerialLink_Mode                          0x200001c4   Data           4  serial_link.o(.data)
    SerialLink_Input_Mode                    0x200001c8   Data           4  serial_link.o(.data)
    SerialLink_Input_CMD                     0x200001cc   Data           4  serial_link.o(.data)
    .data                                    0x200001d0   Section       12  serial_link_string.o(.data)
    .data                                    0x200001dc   Section       16  serial_link_string.o(.data)
    .data                                    0x200001ec   Section       16  serial_link_string.o(.data)
    .data                                    0x200001fc   Section       16  serial_link_string.o(.data)
    .data                                    0x2000020c   Section       40  serial_link_string.o(.data)
    .data                                    0x20000234   Section       24  serial_link_string.o(.data)
    .data                                    0x2000024c   Section       60  serial_link_string.o(.data)
    .data                                    0x20000288   Section       20  serial_link_string.o(.data)
    .data                                    0x2000029c   Section       80  serial_link_string.o(.data)
    .data                                    0x200002f0   Section       16  eeprom.o(.data)
    EEPROM_zero                              0x200002f8   Data           8  eeprom.o(.data)
    .data                                    0x20000300   Section        1  parameter.o(.data)
    .data                                    0x20000304   Section        4  dev_i2c.o(.data)
    .data                                    0x20000308   Section        3  dev_usart.o(.data)
    .data                                    0x2000030c   Section       16  dev_timer.o(.data)
    .data                                    0x2000031c   Section       24  dev_sdio.o(.data)
    CardType                                 0x2000031c   Data           4  dev_sdio.o(.data)
    RCA                                      0x20000320   Data           4  dev_sdio.o(.data)
    .data                                    0x20000334   Section       16  stm32f4xx_rcc.o(.data)
    APBAHBPrescTable                         0x20000334   Data          16  stm32f4xx_rcc.o(.data)
    .data                                    0x20000344   Section        4  stdout.o(.data)
    .data                                    0x20000348   Section        4  errno.o(.data)
    _errno                                   0x20000348   Data           4  errno.o(.data)
    .bss                                     0x2000034c   Section       56  rgb.o(.bss)
    RGB_LOOP                                 0x2000034c   Data          56  rgb.o(.bss)
    .bss                                     0x20000384   Section       16  timing_manage.o(.bss)
    .bss                                     0x20000394   Section       24  button.o(.bss)
    .bss                                     0x200003ac   Section      396  ekf_dcm.o(.bss)
    Data_Xminus1                             0x200003ac   Data          12  ekf_dcm.o(.bss)
    Data_Xminus2                             0x200003b8   Data          12  ekf_dcm.o(.bss)
    Data_Xplus1                              0x200003c4   Data          12  ekf_dcm.o(.bss)
    Data_Xplus2                              0x200003d0   Data          12  ekf_dcm.o(.bss)
    Data_Pplus1                              0x200003dc   Data          36  ekf_dcm.o(.bss)
    Data_Pplus2                              0x20000400   Data          36  ekf_dcm.o(.bss)
    Data_F                                   0x20000424   Data          36  ekf_dcm.o(.bss)
    Data_Ft                                  0x20000448   Data          36  ekf_dcm.o(.bss)
    Data_PR                                  0x2000046c   Data          36  ekf_dcm.o(.bss)
    Data_PRt                                 0x20000490   Data          36  ekf_dcm.o(.bss)
    Data_K                                   0x200004b4   Data          36  ekf_dcm.o(.bss)
    Data_E                                   0x200004d8   Data          12  ekf_dcm.o(.bss)
    Data_Correct                             0x200004e4   Data          12  ekf_dcm.o(.bss)
    Data_PF                                  0x200004f0   Data          36  ekf_dcm.o(.bss)
    Data_FPF                                 0x20000514   Data          36  ekf_dcm.o(.bss)
    .bss                                     0x20000538   Section       28  ahrs.o(.bss)
    AHRS_Qua                                 0x20000538   Data          16  ahrs.o(.bss)
    eInt                                     0x20000548   Data          12  ahrs.o(.bss)
    .bss                                     0x20000554   Section      136  algorithm.o(.bss)
    Raw_Acce                                 0x20000554   Data          12  algorithm.o(.bss)
    Raw_Gyro                                 0x20000560   Data          12  algorithm.o(.bss)
    Raw_Magn                                 0x2000056c   Data          12  algorithm.o(.bss)
    Velocity                                 0x20000578   Data          12  algorithm.o(.bss)
    Position                                 0x20000584   Data          12  algorithm.o(.bss)
    .bss                                     0x200005dc   Section      108  adaptive.o(.bss)
    .bss                                     0x20000648   Section       36  sensor_data.o(.bss)
    .bss                                     0x2000066c   Section       12  sensor_data.o(.bss)
    .bss                                     0x20000678   Section       12  sensor_data.o(.bss)
    .bss                                     0x20000684   Section       13  hmc5883l.o(.bss)
    .bss                                     0x20000691   Section      117  mpu6050.o(.bss)
    .bss                                     0x20000708   Section    100583  serial_link.o(.bss)
    b                                        0x20000708   Data          32  serial_link.o(.bss)
    SerialLink_Input                         0x20000798   Data          20  serial_link.o(.bss)
    SerialLink_Console_BUFF                  0x200007ac   Data       100000  serial_link.o(.bss)
    SerialLink_Stream_BUFF                   0x20018f8b   Data         100  serial_link.o(.bss)
    .bss                                     0x20018ff0   Section      548  parameter.o(.bss)
    .bss                                     0x20019214   Section      884  dev_i2c.o(.bss)
    .bss                                     0x20019588   Section      204  dev_usart.o(.bss)
    .bss                                     0x20019654   Section       20  dev_timer.o(.bss)
    STACK                                    0x20019668   Section     1024  startup_stm32f4xx.o(STACK)

    Global Symbols

    Symbol Name                              Value     Ov Type        Size  Object(Section)

    BuildAttributes$$THM_ISAv4$E$P$D$K$B$S$7EM$PE$A:L22UL41UL21$X:L11$S22US41US21$IEEE1$IW$USESV6$~STKCKD$USESV7$ENUMINT$~SHL$OTIME$ROPI$IEEEX$EBA8$MICROLIB$REQ8$PRES8$EABIv2 0x00000000   Number         0  anon$$obj.o ABSOLUTE
    __ARM_use_no_argv                        0x00000000   Number         0  main.o ABSOLUTE
    __cpp_initialize__aeabi_                  - Undefined Weak Reference
    __cxa_finalize                            - Undefined Weak Reference
    _clock_init                               - Undefined Weak Reference
    _microlib_exit                            - Undefined Weak Reference
    __Vectors_Size                           0x00000188   Number         0  startup_stm32f4xx.o ABSOLUTE
    __Vectors                                0x08000000   Data           4  startup_stm32f4xx.o(RESET)
    __Vectors_End                            0x08000188   Data           0  startup_stm32f4xx.o(RESET)
    __main                                   0x08000189   Thumb Code     0  entry.o(.ARM.Collect$$$$00000000)
    _main_stk                                0x08000189   Thumb Code     0  entry2.o(.ARM.Collect$$$$00000001)
    _main_scatterload                        0x0800018d   Thumb Code     0  entry5.o(.ARM.Collect$$$$00000004)
    __main_after_scatterload                 0x08000191   Thumb Code     0  entry5.o(.ARM.Collect$$$$00000004)
    _main_clock                              0x08000191   Thumb Code     0  entry7b.o(.ARM.Collect$$$$00000008)
    _main_cpp_init                           0x08000191   Thumb Code     0  entry8b.o(.ARM.Collect$$$$0000000A)
    _main_init                               0x08000191   Thumb Code     0  entry9a.o(.ARM.Collect$$$$0000000B)
    __rt_final_cpp                           0x08000199   Thumb Code     0  entry10a.o(.ARM.Collect$$$$0000000D)
    __rt_final_exit                          0x08000199   Thumb Code     0  entry11a.o(.ARM.Collect$$$$0000000F)
    Reset_Handler                            0x0800019d   Thumb Code     8  startup_stm32f4xx.o(.text)
    NMI_Handler                              0x080001a5   Thumb Code     2  startup_stm32f4xx.o(.text)
    MemManage_Handler                        0x080001a9   Thumb Code     2  startup_stm32f4xx.o(.text)
    BusFault_Handler                         0x080001ab   Thumb Code     2  startup_stm32f4xx.o(.text)
    UsageFault_Handler                       0x080001ad   Thumb Code     2  startup_stm32f4xx.o(.text)
    SVC_Handler                              0x080001af   Thumb Code     2  startup_stm32f4xx.o(.text)
    DebugMon_Handler                         0x080001b1   Thumb Code     2  startup_stm32f4xx.o(.text)
    PendSV_Handler                           0x080001b3   Thumb Code     2  startup_stm32f4xx.o(.text)
    ADC_IRQHandler                           0x080001b7   Thumb Code     0  startup_stm32f4xx.o(.text)
    CAN1_RX0_IRQHandler                      0x080001b7   Thumb Code     0  startup_stm32f4xx.o(.text)
    CAN1_RX1_IRQHandler                      0x080001b7   Thumb Code     0  startup_stm32f4xx.o(.text)
    CAN1_SCE_IRQHandler                      0x080001b7   Thumb Code     0  startup_stm32f4xx.o(.text)
    CAN1_TX_IRQHandler                       0x080001b7   Thumb Code     0  startup_stm32f4xx.o(.text)
    CAN2_RX0_IRQHandler                      0x080001b7   Thumb Code     0  startup_stm32f4xx.o(.text)
    CAN2_RX1_IRQHandler                      0x080001b7   Thumb Code     0  startup_stm32f4xx.o(.text)
    CAN2_SCE_IRQHandler                      0x080001b7   Thumb Code     0  startup_stm32f4xx.o(.text)
    CAN2_TX_IRQHandler                       0x080001b7   Thumb Code     0  startup_stm32f4xx.o(.text)
    CRYP_IRQHandler                          0x080001b7   Thumb Code     0  startup_stm32f4xx.o(.text)
    DCMI_IRQHandler                          0x080001b7   Thumb Code     0  startup_stm32f4xx.o(.text)
    DMA1_Stream4_IRQHandler                  0x080001b7   Thumb Code     0  startup_stm32f4xx.o(.text)
    DMA1_Stream5_IRQHandler                  0x080001b7   Thumb Code     0  startup_stm32f4xx.o(.text)
    DMA2_Stream0_IRQHandler                  0x080001b7   Thumb Code     0  startup_stm32f4xx.o(.text)
    DMA2_Stream1_IRQHandler                  0x080001b7   Thumb Code     0  startup_stm32f4xx.o(.text)
    DMA2_Stream4_IRQHandler                  0x080001b7   Thumb Code     0  startup_stm32f4xx.o(.text)
    DMA2_Stream5_IRQHandler                  0x080001b7   Thumb Code     0  startup_stm32f4xx.o(.text)
    DMA2_Stream6_IRQHandler                  0x080001b7   Thumb Code     0  startup_stm32f4xx.o(.text)
    ETH_IRQHandler                           0x080001b7   Thumb Code     0  startup_stm32f4xx.o(.text)
    ETH_WKUP_IRQHandler                      0x080001b7   Thumb Code     0  startup_stm32f4xx.o(.text)
    EXTI0_IRQHandler                         0x080001b7   Thumb Code     0  startup_stm32f4xx.o(.text)
    EXTI15_10_IRQHandler                     0x080001b7   Thumb Code     0  startup_stm32f4xx.o(.text)
    EXTI1_IRQHandler                         0x080001b7   Thumb Code     0  startup_stm32f4xx.o(.text)
    EXTI2_IRQHandler                         0x080001b7   Thumb Code     0  startup_stm32f4xx.o(.text)
    EXTI3_IRQHandler                         0x080001b7   Thumb Code     0  startup_stm32f4xx.o(.text)
    EXTI4_IRQHandler                         0x080001b7   Thumb Code     0  startup_stm32f4xx.o(.text)
    EXTI9_5_IRQHandler                       0x080001b7   Thumb Code     0  startup_stm32f4xx.o(.text)
    FLASH_IRQHandler                         0x080001b7   Thumb Code     0  startup_stm32f4xx.o(.text)
    FPU_IRQHandler                           0x080001b7   Thumb Code     0  startup_stm32f4xx.o(.text)
    FSMC_IRQHandler                          0x080001b7   Thumb Code     0  startup_stm32f4xx.o(.text)
    HASH_RNG_IRQHandler                      0x080001b7   Thumb Code     0  startup_stm32f4xx.o(.text)
    I2C3_ER_IRQHandler                       0x080001b7   Thumb Code     0  startup_stm32f4xx.o(.text)
    I2C3_EV_IRQHandler                       0x080001b7   Thumb Code     0  startup_stm32f4xx.o(.text)
    OTG_FS_IRQHandler                        0x080001b7   Thumb Code     0  startup_stm32f4xx.o(.text)
    OTG_FS_WKUP_IRQHandler                   0x080001b7   Thumb Code     0  startup_stm32f4xx.o(.text)
    OTG_HS_EP1_IN_IRQHandler                 0x080001b7   Thumb Code     0  startup_stm32f4xx.o(.text)
    OTG_HS_EP1_OUT_IRQHandler                0x080001b7   Thumb Code     0  startup_stm32f4xx.o(.text)
    OTG_HS_IRQHandler                        0x080001b7   Thumb Code     0  startup_stm32f4xx.o(.text)
    OTG_HS_WKUP_IRQHandler                   0x080001b7   Thumb Code     0  startup_stm32f4xx.o(.text)
    PVD_IRQHandler                           0x080001b7   Thumb Code     0  startup_stm32f4xx.o(.text)
    RCC_IRQHandler                           0x080001b7   Thumb Code     0  startup_stm32f4xx.o(.text)
    RTC_Alarm_IRQHandler                     0x080001b7   Thumb Code     0  startup_stm32f4xx.o(.text)
    RTC_WKUP_IRQHandler                      0x080001b7   Thumb Code     0  startup_stm32f4xx.o(.text)
    SPI1_IRQHandler                          0x080001b7   Thumb Code     0  startup_stm32f4xx.o(.text)
    SPI2_IRQHandler                          0x080001b7   Thumb Code     0  startup_stm32f4xx.o(.text)
    SPI3_IRQHandler                          0x080001b7   Thumb Code     0  startup_stm32f4xx.o(.text)
    TAMP_STAMP_IRQHandler                    0x080001b7   Thumb Code     0  startup_stm32f4xx.o(.text)
    TIM8_BRK_TIM12_IRQHandler                0x080001b7   Thumb Code     0  startup_stm32f4xx.o(.text)
    TIM8_TRG_COM_TIM14_IRQHandler            0x080001b7   Thumb Code     0  startup_stm32f4xx.o(.text)
    TIM8_UP_TIM13_IRQHandler                 0x080001b7   Thumb Code     0  startup_stm32f4xx.o(.text)
    UART4_IRQHandler                         0x080001b7   Thumb Code     0  startup_stm32f4xx.o(.text)
    UART5_IRQHandler                         0x080001b7   Thumb Code     0  startup_stm32f4xx.o(.text)
    USART2_IRQHandler                        0x080001b7   Thumb Code     0  startup_stm32f4xx.o(.text)
    USART6_IRQHandler                        0x080001b7   Thumb Code     0  startup_stm32f4xx.o(.text)
    WWDG_IRQHandler                          0x080001b7   Thumb Code     0  startup_stm32f4xx.o(.text)
    __aeabi_memcpy                           0x080001c1   Thumb Code    36  memcpya.o(.text)
    __aeabi_memcpy4                          0x080001c1   Thumb Code     0  memcpya.o(.text)
    __aeabi_memcpy8                          0x080001c1   Thumb Code     0  memcpya.o(.text)
    __aeabi_fadd                             0x080001e5   Thumb Code   164  fadd.o(.text)
    __aeabi_fsub                             0x08000289   Thumb Code     6  fadd.o(.text)
    __aeabi_frsub                            0x0800028f   Thumb Code     6  fadd.o(.text)
    __aeabi_fmul                             0x08000295   Thumb Code   108  fmul.o(.text)
    __aeabi_fdiv                             0x08000301   Thumb Code   128  fdiv.o(.text)
    __ARM_scalbnf                            0x08000381   Thumb Code    24  fscalb.o(.text)
    scalbnf                                  0x08000381   Thumb Code     0  fscalb.o(.text)
    __aeabi_dadd                             0x08000399   Thumb Code   322  dadd.o(.text)
    __aeabi_dsub                             0x080004db   Thumb Code     6  dadd.o(.text)
    __aeabi_drsub                            0x080004e1   Thumb Code     6  dadd.o(.text)
    __aeabi_dmul                             0x080004e7   Thumb Code   228  dmul.o(.text)
    __aeabi_ddiv                             0x080005cb   Thumb Code   222  ddiv.o(.text)
    __aeabi_i2f                              0x080006a9   Thumb Code    18  fflti.o(.text)
    __aeabi_ui2f                             0x080006bb   Thumb Code    10  ffltui.o(.text)
    __aeabi_ul2f                             0x080006c5   Thumb Code    28  ffltul.o(.text)
    __aeabi_f2iz                             0x080006e1   Thumb Code    50  ffixi.o(.text)
    __aeabi_f2uiz                            0x08000713   Thumb Code    40  ffixui.o(.text)
    __aeabi_f2d                              0x0800073b   Thumb Code    38  f2d.o(.text)
    __aeabi_cdrcmple                         0x08000761   Thumb Code    38  cdrcmple.o(.text)
    __aeabi_d2f                              0x08000789   Thumb Code    56  d2f.o(.text)
    __aeabi_cfcmpeq                          0x080007c1   Thumb Code     0  cfcmple.o(.text)
    __aeabi_cfcmple                          0x080007c1   Thumb Code    20  cfcmple.o(.text)
    __aeabi_cfrcmple                         0x080007d5   Thumb Code    20  cfrcmple.o(.text)
    __aeabi_uidiv                            0x080007e9   Thumb Code     0  uidiv.o(.text)
    __aeabi_uidivmod                         0x080007e9   Thumb Code    44  uidiv.o(.text)
    __aeabi_uldivmod                         0x08000815   Thumb Code    98  uldiv.o(.text)
    __aeabi_llsl                             0x08000877   Thumb Code    30  llshl.o(.text)
    _ll_shift_l                              0x08000877   Thumb Code     0  llshl.o(.text)
    __aeabi_lasr                             0x08000895   Thumb Code    36  llsshr.o(.text)
    _ll_sshift_r                             0x08000895   Thumb Code     0  llsshr.o(.text)
    __I$use$fp                               0x080008b9   Thumb Code     0  iusefp.o(.text)
    _float_round                             0x080008b9   Thumb Code    18  fepilogue.o(.text)
    _float_epilogue                          0x080008cb   Thumb Code    90  fepilogue.o(.text)
    _double_round                            0x08000925   Thumb Code    26  depilogue.o(.text)
    _double_epilogue                         0x0800093f   Thumb Code   164  depilogue.o(.text)
    __ARM_scalbn                             0x080009e3   Thumb Code    46  dscalb.o(.text)
    scalbn                                   0x080009e3   Thumb Code     0  dscalb.o(.text)
    _dsqrt                                   0x08000a11   Thumb Code   162  dsqrt.o(.text)
    __aeabi_d2ulz                            0x08000ab3   Thumb Code    48  dfixul.o(.text)
    __scatterload                            0x08000ae5   Thumb Code    28  init.o(.text)
    __scatterload_rt2                        0x08000ae5   Thumb Code     0  init.o(.text)
    __aeabi_llsr                             0x08000b09   Thumb Code    32  llushr.o(.text)
    _ll_ushift_r                             0x08000b09   Thumb Code     0  llushr.o(.text)
    __aeabi_i2d                              0x08000b29   Thumb Code    34  dflti.o(.text)
    __aeabi_ui2d                             0x08000b4b   Thumb Code    26  dfltui.o(.text)
    __aeabi_d2iz                             0x08000b65   Thumb Code    62  dfixi.o(.text)
    __decompress                             0x08000ba3   Thumb Code     0  __dczerorl2.o(.text)
    __decompress1                            0x08000ba3   Thumb Code    92  __dczerorl2.o(.text)
    ADC_Cmd                                  0x08000bff   Thumb Code    20  stm32f4xx_adc.o(i.ADC_Cmd)
    ADC_CommonInit                           0x08000c15   Thumb Code    30  stm32f4xx_adc.o(i.ADC_CommonInit)
    ADC_DMACmd                               0x08000c3d   Thumb Code    20  stm32f4xx_adc.o(i.ADC_DMACmd)
    ADC_DMARequestAfterLastTransferCmd       0x08000c51   Thumb Code    20  stm32f4xx_adc.o(i.ADC_DMARequestAfterLastTransferCmd)
    ADC_Init                                 0x08000c65   Thumb Code    66  stm32f4xx_adc.o(i.ADC_Init)
    ADC_RegularChannelConfig                 0x08000cb1   Thumb Code   116  stm32f4xx_adc.o(i.ADC_RegularChannelConfig)
    ADC_SoftwareStartConv                    0x08000d25   Thumb Code    10  stm32f4xx_adc.o(i.ADC_SoftwareStartConv)
    AHRS_EstimateAttitude                    0x08000d31   Thumb Code  1506  ahrs.o(i.AHRS_EstimateAttitude)
    Adaptive_EstimateVelPos                  0x0800131d   Thumb Code   392  adaptive.o(i.Adaptive_EstimateVelPos)
    Adaptive_MoveDetect                      0x080014ad   Thumb Code   112  adaptive.o(i.Adaptive_MoveDetect)
    Adaptive_ResetVelPos                     0x08001525   Thumb Code    68  adaptive.o(i.Adaptive_ResetVelPos)
    Algorithm_Orientiation                   0x0800156d   Thumb Code   412  algorithm.o(i.Algorithm_Orientiation)
    Algorithm_Reset                          0x080018dd   Thumb Code    68  algorithm.o(i.Algorithm_Reset)
    Algorithm_Switch                         0x08001929   Thumb Code    52  algorithm.o(i.Algorithm_Switch)
    Button_Check                             0x0800196d   Thumb Code    60  button.o(i.Button_Check)
    Button_Initialize                        0x080019ad   Thumb Code    66  button.o(i.Button_Initialize)
    CALIB_Calibrate                          0x080019f9   Thumb Code   232  calibration.o(i.CALIB_Calibrate)
    Check_msTick                             0x08001c29   Thumb Code    32  timing_manage.o(i.Check_msTick)
    Complementary_Estimate                   0x08001c49   Thumb Code   338  computation.o(i.Complementary_Estimate)
    Convert_Dcm_Deg                          0x08001da5   Thumb Code    20  computation.o(i.Convert_Dcm_Deg)
    Convert_Dcm_Rad                          0x08001db9   Thumb Code    92  computation.o(i.Convert_Dcm_Rad)
    Convert_Deg_Quaternion                   0x08001e15   Thumb Code    20  computation.o(i.Convert_Deg_Quaternion)
    Convert_Deg_Rad                          0x08001e29   Thumb Code    40  computation.o(i.Convert_Deg_Rad)
    Convert_Quaternion_Dcm                   0x08001e55   Thumb Code   280  computation.o(i.Convert_Quaternion_Dcm)
    Convert_Quaternion_Deg                   0x08001f6d   Thumb Code    20  computation.o(i.Convert_Quaternion_Deg)
    Convert_Quaternion_Rad                   0x08001f81   Thumb Code   258  computation.o(i.Convert_Quaternion_Rad)
    Convert_Rad_Deg                          0x08002085   Thumb Code    40  computation.o(i.Convert_Rad_Deg)
    Convert_Rad_Quaternion                   0x080020b1   Thumb Code   520  computation.o(i.Convert_Rad_Quaternion)
    DCMKF_Estimate                           0x080022b9   Thumb Code   712  ekf_dcm.o(i.DCMKF_Estimate)
    DMA1_Stream0_IRQHandler                  0x08002599   Thumb Code    56  dev_i2c.o(i.DMA1_Stream0_IRQHandler)
    DMA1_Stream1_IRQHandler                  0x080025e1   Thumb Code    32  dev_usart.o(i.DMA1_Stream1_IRQHandler)
    DMA1_Stream2_IRQHandler                  0x08002609   Thumb Code    56  dev_i2c.o(i.DMA1_Stream2_IRQHandler)
    DMA1_Stream3_IRQHandler                  0x08002651   Thumb Code    56  dev_usart.o(i.DMA1_Stream3_IRQHandler)
    DMA1_Stream6_IRQHandler                  0x08002695   Thumb Code    62  dev_i2c.o(i.DMA1_Stream6_IRQHandler)
    DMA1_Stream7_IRQHandler                  0x080026e5   Thumb Code    62  dev_i2c.o(i.DMA1_Stream7_IRQHandler)
    DMA2_Stream2_IRQHandler                  0x08002735   Thumb Code    32  dev_usart.o(i.DMA2_Stream2_IRQHandler)
    DMA2_Stream3_IRQHandler                  0x0800275d   Thumb Code    30  dev_sdio.o(i.DMA2_Stream3_IRQHandler)
    DMA2_Stream7_IRQHandler                  0x08002785   Thumb Code    40  dev_usart.o(i.DMA2_Stream7_IRQHandler)
    DMA_ClearFlag                            0x080027b5   Thumb Code    32  stm32f4xx_dma.o(i.DMA_ClearFlag)
    DMA_ClearITPendingBit                    0x080027e1   Thumb Code    32  stm32f4xx_dma.o(i.DMA_ClearITPendingBit)
    DMA_Cmd                                  0x0800280d   Thumb Code    20  stm32f4xx_dma.o(i.DMA_Cmd)
    DMA_DeInit                               0x08002821   Thumb Code   272  stm32f4xx_dma.o(i.DMA_DeInit)
    DMA_GetITStatus                          0x08002945   Thumb Code    68  stm32f4xx_dma.o(i.DMA_GetITStatus)
    DMA_ITConfig                             0x08002999   Thumb Code    44  stm32f4xx_dma.o(i.DMA_ITConfig)
    DMA_Init                                 0x080029c5   Thumb Code    80  stm32f4xx_dma.o(i.DMA_Init)
    Delay_ms                                 0x08002a19   Thumb Code    30  timing_manage.o(i.Delay_ms)
    EEPROM_ReadPage                          0x08002ad5   Thumb Code    18  eeprom.o(i.EEPROM_ReadPage)
    EEPROM_WritePage                         0x08002b85   Thumb Code    18  eeprom.o(i.EEPROM_WritePage)
    Estimate_MagnGain                        0x08002f09   Thumb Code   582  calibration.o(i.Estimate_MagnGain)
    GPIO_Init                                0x08003581   Thumb Code   120  stm32f4xx_gpio.o(i.GPIO_Init)
    GPIO_PinAFConfig                         0x080035f9   Thumb Code    32  stm32f4xx_gpio.o(i.GPIO_PinAFConfig)
    GPIO_ReadInputDataBit                    0x08003619   Thumb Code    14  stm32f4xx_gpio.o(i.GPIO_ReadInputDataBit)
    GPIO_ResetBits                           0x08003627   Thumb Code     4  stm32f4xx_gpio.o(i.GPIO_ResetBits)
    Get_Voltage                              0x0800362d   Thumb Code    34  voltage_fb.o(i.Get_Voltage)
    Get_msTick                               0x0800365d   Thumb Code    16  timing_manage.o(i.Get_msTick)
    Get_usTick                               0x08003671   Thumb Code     8  timing_manage.o(i.Get_usTick)
    HMC5883_Configuration_A                  0x0800367d   Thumb Code   142  hmc5883l.o(i.HMC5883_Configuration_A)
    HMC5883_Configuration_B                  0x08003729   Thumb Code   168  hmc5883l.o(i.HMC5883_Configuration_B)
    HMC5883_Configuration_MODE               0x08003811   Thumb Code   122  hmc5883l.o(i.HMC5883_Configuration_MODE)
    HMC5883_ConnectionCheck                  0x080038a9   Thumb Code    42  hmc5883l.o(i.HMC5883_ConnectionCheck)
    HMC5883_GetDeviceID                      0x080038d3   Thumb Code    20  hmc5883l.o(i.HMC5883_GetDeviceID)
    HMC5883_Get_Gain                         0x080038e9   Thumb Code     6  hmc5883l.o(i.HMC5883_Get_Gain)
    HMC5883_Get_RawMagn                      0x080038f5   Thumb Code   118  hmc5883l.o(i.HMC5883_Get_RawMagn)
    HardFault_Handler                        0x08003971   Thumb Code     2  main.o(i.HardFault_Handler)
    HighPassFilter                           0x08003975   Thumb Code   158  adaptive.o(i.HighPassFilter)
    I2C1_ER_IRQHandler                       0x08003a1d   Thumb Code    32  dev_i2c.o(i.I2C1_ER_IRQHandler)
    I2C1_EV_IRQHandler                       0x08003a45   Thumb Code     6  dev_i2c.o(i.I2C1_EV_IRQHandler)
    I2C2_ER_IRQHandler                       0x08003a51   Thumb Code    32  dev_i2c.o(i.I2C2_ER_IRQHandler)
    I2C2_EV_IRQHandler                       0x08003a79   Thumb Code     6  dev_i2c.o(i.I2C2_EV_IRQHandler)
    I2C_AcknowledgeConfig                    0x08003a85   Thumb Code    20  stm32f4xx_i2c.o(i.I2C_AcknowledgeConfig)
    I2C_BUSY_Check                           0x08003a99   Thumb Code    52  dev_i2c.o(i.I2C_BUSY_Check)
    I2C_ClearITPendingBit                    0x08003acd   Thumb Code     6  stm32f4xx_i2c.o(i.I2C_ClearITPendingBit)
    I2C_Cmd                                  0x08003ad3   Thumb Code    20  stm32f4xx_i2c.o(i.I2C_Cmd)
    I2C_DMACmd                               0x08003ae7   Thumb Code    20  stm32f4xx_i2c.o(i.I2C_DMACmd)
    I2C_DMALastTransferCmd                   0x08003afb   Thumb Code    20  stm32f4xx_i2c.o(i.I2C_DMALastTransferCmd)
    I2C_DMA_Config                           0x08003b11   Thumb Code    64  dev_i2c.o(i.I2C_DMA_Config)
    I2C_DeInit                               0x08003b55   Thumb Code    56  stm32f4xx_i2c.o(i.I2C_DeInit)
    I2C_GenerateSTART                        0x08003b99   Thumb Code    20  stm32f4xx_i2c.o(i.I2C_GenerateSTART)
    I2C_GenerateSTOP                         0x08003bad   Thumb Code    20  stm32f4xx_i2c.o(i.I2C_GenerateSTOP)
    I2C_GetFlagStatus                        0x08003bc1   Thumb Code    42  stm32f4xx_i2c.o(i.I2C_GetFlagStatus)
    I2C_GetITStatus                          0x08003beb   Thumb Code    36  stm32f4xx_i2c.o(i.I2C_GetITStatus)
    I2C_GetLastEvent                         0x08003c0f   Thumb Code    14  stm32f4xx_i2c.o(i.I2C_GetLastEvent)
    I2C_ITConfig                             0x08003c1d   Thumb Code    16  stm32f4xx_i2c.o(i.I2C_ITConfig)
    I2C_Init                                 0x08003c2d   Thumb Code   172  stm32f4xx_i2c.o(i.I2C_Init)
    I2C_Interupt                             0x08003ce1   Thumb Code   390  dev_i2c.o(i.I2C_Interupt)
    I2C_LAST_TRANSMIT_Check                  0x08003e6d   Thumb Code    48  dev_i2c.o(i.I2C_LAST_TRANSMIT_Check)
    I2C_ReceiveData                          0x08003f71   Thumb Code     6  stm32f4xx_i2c.o(i.I2C_ReceiveData)
    I2C_Request                              0x08004049   Thumb Code   314  dev_i2c.o(i.I2C_Request)
    I2C_Send7bitAddress                      0x08004183   Thumb Code    16  stm32f4xx_i2c.o(i.I2C_Send7bitAddress)
    I2C_SendData                             0x08004193   Thumb Code     4  stm32f4xx_i2c.o(i.I2C_SendData)
    Initialize_AHRS                          0x08004199   Thumb Code    18  ahrs.o(i.Initialize_AHRS)
    Initialize_EEPROM                        0x080041b1   Thumb Code   140  eeprom.o(i.Initialize_EEPROM)
    Initialize_EKFDCM                        0x0800426d   Thumb Code   296  ekf_dcm.o(i.Initialize_EKFDCM)
    Initialize_I2C                           0x0800439d   Thumb Code   410  dev_i2c.o(i.Initialize_I2C)
    Initialize_PARAMETER                     0x08004549   Thumb Code   664  parameter.o(i.Initialize_PARAMETER)
    Initialize_SENSOR_Bus                    0x080048d9   Thumb Code   236  sensor_data.o(i.Initialize_SENSOR_Bus)
    Initialize_SerialLink                    0x080049e1   Thumb Code   242  serial_link.o(i.Initialize_SerialLink)
    Initialize_TIMER                         0x08004b75   Thumb Code   294  dev_timer.o(i.Initialize_TIMER)
    Initialize_TIMER_INTERRUPT               0x08004d8d   Thumb Code   300  dev_timer.o(i.Initialize_TIMER_INTERRUPT)
    Initialize_TIMER_PWM                     0x08004f69   Thumb Code   184  dev_timer.o(i.Initialize_TIMER_PWM)
    Initialize_Timer                         0x08005079   Thumb Code   172  timing_manage.o(i.Initialize_Timer)
    KFDCM_Update                             0x080051b9   Thumb Code   350  ekf_dcm.o(i.KFDCM_Update)
    MPU6050_ConnectionCheck                  0x08005321   Thumb Code    26  mpu6050.o(i.MPU6050_ConnectionCheck)
    MPU6050_GetDeviceID                      0x0800533b   Thumb Code    20  mpu6050.o(i.MPU6050_GetDeviceID)
    MPU6050_Get_rawDATA                      0x08005351   Thumb Code   120  mpu6050.o(i.MPU6050_Get_rawDATA)
    MPU6050_Get_rawMotion                    0x080053d1   Thumb Code    88  mpu6050.o(i.MPU6050_Get_rawMotion)
    MPU6050_Set_ACCEL_Config                 0x08005429   Thumb Code   102  mpu6050.o(i.MPU6050_Set_ACCEL_Config)
    MPU6050_Set_Configuration                0x080054b1   Thumb Code   100  mpu6050.o(i.MPU6050_Set_Configuration)
    MPU6050_Set_GYRO_Config                  0x08005531   Thumb Code   102  mpu6050.o(i.MPU6050_Set_GYRO_Config)
    MPU6050_Set_PWR_MGMT_1                   0x080055b9   Thumb Code   146  mpu6050.o(i.MPU6050_Set_PWR_MGMT_1)
    MPU6050_Set_SMPLRT_DIV                   0x0800566d   Thumb Code    60  mpu6050.o(i.MPU6050_Set_SMPLRT_DIV)
    NVIC_Init                                0x080056c5   Thumb Code    92  misc.o(i.NVIC_Init)
    NVIC_PriorityGroupConfig                 0x08005729   Thumb Code    10  misc.o(i.NVIC_PriorityGroupConfig)
    Normalize_Quaternion                     0x0800573d   Thumb Code   134  computation.o(i.Normalize_Quaternion)
    Normalize_Three                          0x080057c3   Thumb Code   106  computation.o(i.Normalize_Three)
    PARAM_EEPROM_READ                        0x0800582d   Thumb Code   110  parameter.o(i.PARAM_EEPROM_READ)
    PARAM_EEPROM_WRITE                       0x080058d9   Thumb Code   136  parameter.o(i.PARAM_EEPROM_WRITE)
    PARAM_Individual_Init                    0x080059a1   Thumb Code    24  parameter.o(i.PARAM_Individual_Init)
    PARAM_Read                               0x080059bd   Thumb Code   194  parameter.o(i.PARAM_Read)
    PARAM_VariableToSerial                   0x08005a8d   Thumb Code    54  parameter.o(i.PARAM_VariableToSerial)
    PARAM_Write                              0x08005ae5   Thumb Code   324  parameter.o(i.PARAM_Write)
    Quaternion_UpdateRate                    0x08005c3d   Thumb Code   310  computation.o(i.Quaternion_UpdateRate)
    RCC_AHB1PeriphClockCmd                   0x08005d75   Thumb Code    18  stm32f4xx_rcc.o(i.RCC_AHB1PeriphClockCmd)
    RCC_APB1PeriphClockCmd                   0x08005d8d   Thumb Code    18  stm32f4xx_rcc.o(i.RCC_APB1PeriphClockCmd)
    RCC_APB1PeriphResetCmd                   0x08005da5   Thumb Code    18  stm32f4xx_rcc.o(i.RCC_APB1PeriphResetCmd)
    RCC_APB2PeriphClockCmd                   0x08005dbd   Thumb Code    18  stm32f4xx_rcc.o(i.RCC_APB2PeriphClockCmd)
    RCC_GetClocksFreq                        0x08005dd5   Thumb Code   132  stm32f4xx_rcc.o(i.RCC_GetClocksFreq)
    RGB_Flash                                0x08005e65   Thumb Code     6  rgb.o(i.RGB_Flash)
    RGB_Initialize                           0x08005e71   Thumb Code   106  rgb.o(i.RGB_Initialize)
    RGB_Process                              0x08005ee5   Thumb Code   466  rgb.o(i.RGB_Process)
    RGB_Set                                  0x080060c9   Thumb Code   466  rgb.o(i.RGB_Set)
    SDIO_ClearITPendingBit                   0x080062ad   Thumb Code     6  stm32f4xx_sdio.o(i.SDIO_ClearITPendingBit)
    SDIO_GetITStatus                         0x080062b9   Thumb Code    16  stm32f4xx_sdio.o(i.SDIO_GetITStatus)
    SDIO_IRQHandler                          0x080062cd   Thumb Code   140  dev_sdio.o(i.SDIO_IRQHandler)
    SDIO_ITConfig                            0x0800635d   Thumb Code    18  stm32f4xx_sdio.o(i.SDIO_ITConfig)
    SENSOR_DataAlign                         0x08006375   Thumb Code   626  sensor_data.o(i.SENSOR_DataAlign)
    SENSOR_Update_Data                       0x080065fd   Thumb Code   392  sensor_data.o(i.SENSOR_Update_Data)
    SerialLink_Console                       0x08006799   Thumb Code   250  serial_link.o(i.SerialLink_Console)
    SerialLink_DMATX_Process                 0x0800689d   Thumb Code   210  serial_link.o(i.SerialLink_DMATX_Process)
    SerialLink_GetCMD                        0x08006989   Thumb Code     6  serial_link.o(i.SerialLink_GetCMD)
    SerialLink_INPUT_INTERRUPT               0x08006995   Thumb Code   154  serial_link.o(i.SerialLink_INPUT_INTERRUPT)
    SerialLink_ResetCMD                      0x08006a3d   Thumb Code     8  serial_link.o(i.SerialLink_ResetCMD)
    SerialLink_SendParameter                 0x08006a49   Thumb Code    12  serial_link.o(i.SerialLink_SendParameter)
    SerialLink_SetParameter                  0x08006a59   Thumb Code    46  serial_link.o(i.SerialLink_SetParameter)
    SerialLink_StartStream                   0x08006a8d   Thumb Code     8  serial_link.o(i.SerialLink_StartStream)
    SerialLink_StreamProcess                 0x08006a99   Thumb Code   458  serial_link.o(i.SerialLink_StreamProcess)
    Setup_BUTTON                             0x08006d21   Thumb Code    90  button.o(i.Setup_BUTTON)
    SysTick_Handler                          0x08006d8d   Thumb Code    10  timing_manage.o(i.SysTick_Handler)
    SystemInit                               0x08006d9d   Thumb Code    62  system_stm32f4xx.o(i.SystemInit)
    TIM1_BRK_TIM9_IRQHandler                 0x08006ded   Thumb Code     2  dev_timer.o(i.TIM1_BRK_TIM9_IRQHandler)
    TIM1_CC_IRQHandler                       0x08006def   Thumb Code     2  dev_timer.o(i.TIM1_CC_IRQHandler)
    TIM1_TRG_COM_TIM11_IRQHandler            0x08006df1   Thumb Code    56  dev_timer.o(i.TIM1_TRG_COM_TIM11_IRQHandler)
    TIM1_UP_TIM10_IRQHandler                 0x08006e31   Thumb Code    54  dev_timer.o(i.TIM1_UP_TIM10_IRQHandler)
    TIM2_IRQHandler                          0x08006e71   Thumb Code     2  dev_timer.o(i.TIM2_IRQHandler)
    TIM3_IRQHandler                          0x08006e73   Thumb Code     2  dev_timer.o(i.TIM3_IRQHandler)
    TIM4_IRQHandler                          0x08006e75   Thumb Code     2  dev_timer.o(i.TIM4_IRQHandler)
    TIM5_IRQHandler                          0x08006e77   Thumb Code     2  dev_timer.o(i.TIM5_IRQHandler)
    TIM6_DAC_IRQHandler                      0x08006e79   Thumb Code     2  dev_timer.o(i.TIM6_DAC_IRQHandler)
    TIM7_IRQHandler                          0x08006e7b   Thumb Code     2  dev_timer.o(i.TIM7_IRQHandler)
    TIM8_CC_IRQHandler                       0x08006e7d   Thumb Code     2  dev_timer.o(i.TIM8_CC_IRQHandler)
    TIM_BDTRConfig                           0x08006e7f   Thumb Code    34  stm32f4xx_tim.o(i.TIM_BDTRConfig)
    TIM_BDTRStructInit                       0x08006ea1   Thumb Code    18  stm32f4xx_tim.o(i.TIM_BDTRStructInit)
    TIM_ClearITPendingBit                    0x08006eb3   Thumb Code     6  stm32f4xx_tim.o(i.TIM_ClearITPendingBit)
    TIM_Cmd                                  0x08006eb9   Thumb Code    20  stm32f4xx_tim.o(i.TIM_Cmd)
    TIM_GetCapture1                          0x08006ecd   Thumb Code     4  stm32f4xx_tim.o(i.TIM_GetCapture1)
    TIM_GetITStatus                          0x08006ed1   Thumb Code    24  stm32f4xx_tim.o(i.TIM_GetITStatus)
    TIM_ITConfig                             0x08006ee9   Thumb Code    16  stm32f4xx_tim.o(i.TIM_ITConfig)
    TIM_OC1Init                              0x08006ef9   Thumb Code    88  stm32f4xx_tim.o(i.TIM_OC1Init)
    TIM_OC2Init                              0x08006f59   Thumb Code   120  stm32f4xx_tim.o(i.TIM_OC2Init)
    TIM_OC3Init                              0x08006fd9   Thumb Code   116  stm32f4xx_tim.o(i.TIM_OC3Init)
    TIM_OC4Init                              0x08007055   Thumb Code    88  stm32f4xx_tim.o(i.TIM_OC4Init)
    TIM_OCStructInit                         0x080070b5   Thumb Code    20  stm32f4xx_tim.o(i.TIM_OCStructInit)
    TIM_SetCompare1                          0x080070c9   Thumb Code     4  stm32f4xx_tim.o(i.TIM_SetCompare1)
    TIM_SetCompare2                          0x080070cd   Thumb Code     4  stm32f4xx_tim.o(i.TIM_SetCompare2)
    TIM_SetCompare3                          0x080070d1   Thumb Code     4  stm32f4xx_tim.o(i.TIM_SetCompare3)
    TIM_TimeBaseInit                         0x080070d5   Thumb Code    96  stm32f4xx_tim.o(i.TIM_TimeBaseInit)
    Tilt_Compensate                          0x08007151   Thumb Code   372  computation.o(i.Tilt_Compensate)
    USART1_IRQHandler                        0x080072c5   Thumb Code   102  dev_usart.o(i.USART1_IRQHandler)
    USART3_IRQHandler                        0x08007335   Thumb Code    84  dev_usart.o(i.USART3_IRQHandler)
    USART_Cmd                                0x08007391   Thumb Code    20  stm32f4xx_usart.o(i.USART_Cmd)
    USART_DMACmd                             0x080073a5   Thumb Code    16  stm32f4xx_usart.o(i.USART_DMACmd)
    USART_DMA_Set                            0x080073b5   Thumb Code   146  dev_usart.o(i.USART_DMA_Set)
    USART_GetITStatus                        0x0800744d   Thumb Code    62  stm32f4xx_usart.o(i.USART_GetITStatus)
    USART_ITConfig                           0x0800748b   Thumb Code    48  stm32f4xx_usart.o(i.USART_ITConfig)
    USART_Init                               0x080074bd   Thumb Code   174  stm32f4xx_usart.o(i.USART_Init)
    USART_Interrupt_Set                      0x08007575   Thumb Code    60  dev_usart.o(i.USART_Interrupt_Set)
    USART_OpenPort                           0x080075b1   Thumb Code   542  dev_usart.o(i.USART_OpenPort)
    USART_ReceiveData                        0x080077f5   Thumb Code     8  stm32f4xx_usart.o(i.USART_ReceiveData)
    USART_SendData                           0x080077fd   Thumb Code     8  stm32f4xx_usart.o(i.USART_SendData)
    Voltage_FB_Initiallize                   0x08007805   Thumb Code   188  voltage_fb.o(i.Voltage_FB_Initiallize)
    __0vprintf                               0x080078d5   Thumb Code     8  printfa.o(i.__0vprintf)
    __1vprintf                               0x080078d5   Thumb Code     0  printfa.o(i.__0vprintf)
    __2vprintf                               0x080078d5   Thumb Code     0  printfa.o(i.__0vprintf)
    __c89vprintf                             0x080078d5   Thumb Code     0  printfa.o(i.__0vprintf)
    vprintf                                  0x080078d5   Thumb Code     0  printfa.o(i.__0vprintf)
    __ARM_fpclassify                         0x080078e5   Thumb Code    40  fpclassify.o(i.__ARM_fpclassify)
    __I2C_Debug__                            0x0800790d   Thumb Code    50  dev_i2c.o(i.__I2C_Debug__)
    __ieee754_rem_pio2                       0x08007945   Thumb Code   832  rred.o(i.__ieee754_rem_pio2)
    __kernel_cos                             0x08007ccd   Thumb Code   230  cos_i.o(i.__kernel_cos)
    __kernel_poly                            0x08007dc9   Thumb Code   170  poly.o(i.__kernel_poly)
    __kernel_sin                             0x08007e75   Thumb Code   224  sin_i.o(i.__kernel_sin)
    __mathlib_dbl_underflow                  0x08007f61   Thumb Code    10  dunder.o(i.__mathlib_dbl_underflow)
    __scatterload_copy                       0x08007f71   Thumb Code    14  handlers.o(i.__scatterload_copy)
    __scatterload_null                       0x08007f7f   Thumb Code     2  handlers.o(i.__scatterload_null)
    __scatterload_zeroinit                   0x08007f81   Thumb Code    14  handlers.o(i.__scatterload_zeroinit)
    __set_errno                              0x08007f91   Thumb Code     6  errno.o(i.__set_errno)
    arm_mat_init_f32                         0x0800883f   Thumb Code     8  arm_mat_init_f32.o(i.arm_mat_init_f32)
    arm_mat_inverse_f32                      0x08008847   Thumb Code   454  arm_mat_inverse_f32.o(i.arm_mat_inverse_f32)
    arm_mat_mult_f32                         0x08008a0d   Thumb Code   274  arm_mat_mult_f32.o(i.arm_mat_mult_f32)
    asin                                     0x08008b21   Thumb Code   584  asin.o(i.asin)
    atan                                     0x08008d9d   Thumb Code   478  atan.o(i.atan)
    atan2                                    0x08008fc1   Thumb Code   346  atan2.o(i.atan2)
    cos                                      0x08009141   Thumb Code   164  cos.o(i.cos)
    fputc                                    0x080091ed   Thumb Code    28  serial_link.o(i.fputc)
    main                                     0x08009211   Thumb Code   104  main.o(i.main)
    sin                                      0x0800927d   Thumb Code   166  sin.o(i.sin)
    sqrt                                     0x0800932d   Thumb Code    76  sqrt.o(i.sqrt)
    __mathlib_zero                           0x08009490   Data           8  qnan.o(.constdata)
    Region$$Table$$Base                      0x08009aa8   Number         0  anon$$obj.o(Region$$Table)
    Region$$Table$$Limit                     0x08009ac8   Number         0  anon$$obj.o(Region$$Table)
    us_Tick                                  0x20000040   Data           4  timing_manage.o(.data)
    ADCBUFF                                  0x20000044   Data           4  voltage_fb.o(.data)
    BatVolt                                  0x20000048   Data           4  voltage_fb.o(.data)
    Status                                   0x20000124   Data           4  algorithm.o(.data)
    Algorithm_Tempe                          0x2000012c   Data           4  algorithm.o(.data)
    stationary_Mag                           0x20000138   Data           8  adaptive.o(.data)
    SenseFreq                                0x20000160   Data           4  sensor_data.o(.data)
    KFDCM_r1                                 0x20000164   Data           4  sensor_data.o(.data)
    KFDCM_q1                                 0x20000168   Data           4  sensor_data.o(.data)
    KFDCM_r2                                 0x2000016c   Data           4  sensor_data.o(.data)
    KFDCM_q2                                 0x20000170   Data           4  sensor_data.o(.data)
    Thres_Acce                               0x20000174   Data           4  sensor_data.o(.data)
    Thres_Gyro                               0x20000178   Data           4  sensor_data.o(.data)
    aKFDCM_r1                                0x2000017c   Data           4  sensor_data.o(.data)
    aKFDCM_q1                                0x20000180   Data           4  sensor_data.o(.data)
    aKFDCM_r2                                0x20000184   Data           4  sensor_data.o(.data)
    aKFDCM_q2                                0x20000188   Data           4  sensor_data.o(.data)
    AHRS_Kp                                  0x2000018c   Data           4  sensor_data.o(.data)
    AHRS_Ki                                  0x20000190   Data           4  sensor_data.o(.data)
    HMC5883_Gain                             0x20000194   Data           4  hmc5883l.o(.data)
    String_I2C_Status                        0x200001d0   Data          12  serial_link_string.o(.data)
    String_HMC5883_Status                    0x200001dc   Data          16  serial_link_string.o(.data)
    String_MPU6050_Status                    0x200001ec   Data          16  serial_link_string.o(.data)
    String_EPPROM_Status                     0x200001fc   Data          16  serial_link_string.o(.data)
    String_Algorithm                         0x2000020c   Data          40  serial_link_string.o(.data)
    String_ALGORITHM_Status                  0x20000234   Data          24  serial_link_string.o(.data)
    String_CALIB_Status                      0x2000024c   Data          60  serial_link_string.o(.data)
    String_SENSOR_Status                     0x20000288   Data          20  serial_link_string.o(.data)
    String_PARAMETER_Type                    0x2000029c   Data          80  serial_link_string.o(.data)
    EEPROM_Register                          0x200002f0   Data           2  eeprom.o(.data)
    PARAM_EPPROM_size                        0x20000300   Data           1  parameter.o(.data)
    i2c_debug_Count                          0x20000304   Data           4  dev_i2c.o(.data)
    DevUSART_BUFF                            0x20000308   Data           3  dev_usart.o(.data)
    Capture_10                               0x2000030c   Data           2  dev_timer.o(.data)
    Capture_11                               0x2000030e   Data           2  dev_timer.o(.data)
    ITHandler                                0x20000310   Data           4  dev_timer.o(.data)
    NVIC_InitStructure                       0x20000314   Data           8  dev_timer.o(.data)
    StopCondition                            0x20000324   Data           4  dev_sdio.o(.data)
    TransferError                            0x20000328   Data           4  dev_sdio.o(.data)
    TransferEnd                              0x2000032c   Data           4  dev_sdio.o(.data)
    DMAEndOfTransfer                         0x20000330   Data           4  dev_sdio.o(.data)
    __stdout                                 0x20000344   Data           4  stdout.o(.data)
    RCC_Clocks                               0x20000384   Data          16  timing_manage.o(.bss)
    GPIOLIST                                 0x20000394   Data          24  button.o(.bss)
    EulerRAD                                 0x20000590   Data          12  algorithm.o(.bss)
    EulerDEG                                 0x2000059c   Data          12  algorithm.o(.bss)
    Qua                                      0x200005a8   Data          16  algorithm.o(.bss)
    dcm                                      0x200005b8   Data          36  algorithm.o(.bss)
    Scale_Acce                               0x200005dc   Data          12  adaptive.o(.bss)
    HP_Vel                                   0x200005e8   Data          48  adaptive.o(.bss)
    HP_Pos                                   0x20000618   Data          48  adaptive.o(.bss)
    MagScalerGain                            0x20000648   Data          12  sensor_data.o(.bss)
    MagOffset                                0x20000654   Data          12  sensor_data.o(.bss)
    GyroBias                                 0x20000660   Data          12  sensor_data.o(.bss)
    MagAxis                                  0x2000066c   Data          12  sensor_data.o(.bss)
    Comp                                     0x20000678   Data          12  sensor_data.o(.bss)
    HMC5883_Reg                              0x20000684   Data          13  hmc5883l.o(.bss)
    MPU6050_RegDebug                         0x20000691   Data         117  mpu6050.o(.bss)
    DATA_OUT                                 0x20000728   Data         112  serial_link.o(.bss)
    SerialLink_Param_BUFF                    0x20018e4c   Data         319  serial_link.o(.bss)
    PARA_STRUCT                              0x20018ff0   Data         348  parameter.o(.bss)
    PARAM_EPPROM                             0x2001914c   Data         200  parameter.o(.bss)
    IMU                                      0x20019214   Data         412  dev_i2c.o(.bss)
    EEPROM                                   0x200193b0   Data         412  dev_i2c.o(.bss)
    DMA_I2C_InitStructure                    0x2001954c   Data          60  dev_i2c.o(.bss)
    USART_1                                  0x20019588   Data          72  dev_usart.o(.bss)
    USART_3                                  0x200195d0   Data          72  dev_usart.o(.bss)
    DMA_USART_InitStructure                  0x20019618   Data          60  dev_usart.o(.bss)
    TIM_OCInitStructure                      0x20019654   Data          20  dev_timer.o(.bss)
    __initial_sp                             0x20019a68   Data           0  startup_stm32f4xx.o(STACK)



==============================================================================

Memory Map of the image

  Image Entry point : 0x08000189

  Load Region LR_IROM1 (Base: 0x08000000, Size: 0x00009e14, Max: 0x00080000, ABSOLUTE, COMPRESSED[0x00009bdc])

    Execution Region ER_IROM1 (Base: 0x08000000, Size: 0x00009ac8, Max: 0x00080000, ABSOLUTE)

    Base Addr    Size         Type   Attr      Idx    E Section Name        Object

    0x08000000   0x00000188   Data   RO         4276    RESET               startup_stm32f4xx.o
    0x08000188   0x00000000   Code   RO         4366  * .ARM.Collect$$$$00000000  mc_w.l(entry.o)
    0x08000188   0x00000004   Code   RO         4456    .ARM.Collect$$$$00000001  mc_w.l(entry2.o)
    0x0800018c   0x00000004   Code   RO         4459    .ARM.Collect$$$$00000004  mc_w.l(entry5.o)
    0x08000190   0x00000000   Code   RO         4461    .ARM.Collect$$$$00000008  mc_w.l(entry7b.o)
    0x08000190   0x00000000   Code   RO         4463    .ARM.Collect$$$$0000000A  mc_w.l(entry8b.o)
    0x08000190   0x00000008   Code   RO         4464    .ARM.Collect$$$$0000000B  mc_w.l(entry9a.o)
    0x08000198   0x00000000   Code   RO         4466    .ARM.Collect$$$$0000000D  mc_w.l(entry10a.o)
    0x08000198   0x00000000   Code   RO         4468    .ARM.Collect$$$$0000000F  mc_w.l(entry11a.o)
    0x08000198   0x00000004   Code   RO         4457    .ARM.Collect$$$$00002712  mc_w.l(entry2.o)
    0x0800019c   0x00000024   Code   RO         4277    .text               startup_stm32f4xx.o
    0x080001c0   0x00000024   Code   RO         4369    .text               mc_w.l(memcpya.o)
    0x080001e4   0x000000b0   Code   RO         4401    .text               mf_w.l(fadd.o)
    0x08000294   0x0000006c   Code   RO         4403    .text               mf_w.l(fmul.o)
    0x08000300   0x00000080   Code   RO         4405    .text               mf_w.l(fdiv.o)
    0x08000380   0x00000018   Code   RO         4407    .text               mf_w.l(fscalb.o)
    0x08000398   0x0000014e   Code   RO         4409    .text               mf_w.l(dadd.o)
    0x080004e6   0x000000e4   Code   RO         4411    .text               mf_w.l(dmul.o)
    0x080005ca   0x000000de   Code   RO         4413    .text               mf_w.l(ddiv.o)
    0x080006a8   0x00000012   Code   RO         4415    .text               mf_w.l(fflti.o)
    0x080006ba   0x0000000a   Code   RO         4417    .text               mf_w.l(ffltui.o)
    0x080006c4   0x0000001c   Code   RO         4419    .text               mf_w.l(ffltul.o)
    0x080006e0   0x00000032   Code   RO         4421    .text               mf_w.l(ffixi.o)
    0x08000712   0x00000028   Code   RO         4423    .text               mf_w.l(ffixui.o)
    0x0800073a   0x00000026   Code   RO         4425    .text               mf_w.l(f2d.o)
    0x08000760   0x00000028   Code   RO         4427    .text               mf_w.l(cdrcmple.o)
    0x08000788   0x00000038   Code   RO         4429    .text               mf_w.l(d2f.o)
    0x080007c0   0x00000014   Code   RO         4431    .text               mf_w.l(cfcmple.o)
    0x080007d4   0x00000014   Code   RO         4433    .text               mf_w.l(cfrcmple.o)
    0x080007e8   0x0000002c   Code   RO         4471    .text               mc_w.l(uidiv.o)
    0x08000814   0x00000062   Code   RO         4473    .text               mc_w.l(uldiv.o)
    0x08000876   0x0000001e   Code   RO         4475    .text               mc_w.l(llshl.o)
    0x08000894   0x00000024   Code   RO         4477    .text               mc_w.l(llsshr.o)
    0x080008b8   0x00000000   Code   RO         4486    .text               mc_w.l(iusefp.o)
    0x080008b8   0x0000006c   Code   RO         4487    .text               mf_w.l(fepilogue.o)
    0x08000924   0x000000be   Code   RO         4489    .text               mf_w.l(depilogue.o)
    0x080009e2   0x0000002e   Code   RO         4491    .text               mf_w.l(dscalb.o)
    0x08000a10   0x000000a2   Code   RO         4493    .text               mf_w.l(dsqrt.o)
    0x08000ab2   0x00000030   Code   RO         4495    .text               mf_w.l(dfixul.o)
    0x08000ae2   0x00000002   PAD
    0x08000ae4   0x00000024   Code   RO         4499    .text               mc_w.l(init.o)
    0x08000b08   0x00000020   Code   RO         4501    .text               mc_w.l(llushr.o)
    0x08000b28   0x00000022   Code   RO         4503    .text               mf_w.l(dflti.o)
    0x08000b4a   0x0000001a   Code   RO         4505    .text               mf_w.l(dfltui.o)
    0x08000b64   0x0000003e   Code   RO         4507    .text               mf_w.l(dfixi.o)
    0x08000ba2   0x0000005c   Code   RO         4517    .text               mc_w.l(__dczerorl2.o)
    0x08000bfe   0x00000014   Code   RO         2366    i.ADC_Cmd           stm32f4xx_adc.o
    0x08000c12   0x00000002   PAD
    0x08000c14   0x00000028   Code   RO         2367    i.ADC_CommonInit    stm32f4xx_adc.o
    0x08000c3c   0x00000014   Code   RO         2370    i.ADC_DMACmd        stm32f4xx_adc.o
    0x08000c50   0x00000014   Code   RO         2371    i.ADC_DMARequestAfterLastTransferCmd  stm32f4xx_adc.o
    0x08000c64   0x0000004c   Code   RO         2386    i.ADC_Init          stm32f4xx_adc.o
    0x08000cb0   0x00000074   Code   RO         2391    i.ADC_RegularChannelConfig  stm32f4xx_adc.o
    0x08000d24   0x0000000a   Code   RO         2393    i.ADC_SoftwareStartConv  stm32f4xx_adc.o
    0x08000d2e   0x00000002   PAD
    0x08000d30   0x000005ec   Code   RO          472    i.AHRS_EstimateAttitude  ahrs.o
    0x0800131c   0x00000190   Code   RO          690    i.Adaptive_EstimateVelPos  adaptive.o
    0x080014ac   0x00000078   Code   RO          691    i.Adaptive_MoveDetect  adaptive.o
    0x08001524   0x00000048   Code   RO          692    i.Adaptive_ResetVelPos  adaptive.o
    0x0800156c   0x000001ec   Code   RO          513    i.Algorithm_Orientiation  algorithm.o
    0x08001758   0x00000184   Code   RO          514    i.Algorithm_Process  algorithm.o
    0x080018dc   0x0000004c   Code   RO          515    i.Algorithm_Reset   algorithm.o
    0x08001928   0x00000044   Code   RO          516    i.Algorithm_Switch  algorithm.o
    0x0800196c   0x00000040   Code   RO          326    i.Button_Check      button.o
    0x080019ac   0x0000004c   Code   RO          327    i.Button_Initialize  button.o
    0x080019f8   0x00000230   Code   RO          987    i.CALIB_Calibrate   calibration.o
    0x08001c28   0x00000020   Code   RO          262    i.Check_msTick      timing_manage.o
    0x08001c48   0x0000015c   Code   RO          570    i.Complementary_Estimate  computation.o
    0x08001da4   0x00000014   Code   RO          572    i.Convert_Dcm_Deg   computation.o
    0x08001db8   0x0000005c   Code   RO          573    i.Convert_Dcm_Rad   computation.o
    0x08001e14   0x00000014   Code   RO          574    i.Convert_Deg_Quaternion  computation.o
    0x08001e28   0x0000002c   Code   RO          575    i.Convert_Deg_Rad   computation.o
    0x08001e54   0x00000118   Code   RO          576    i.Convert_Quaternion_Dcm  computation.o
    0x08001f6c   0x00000014   Code   RO          577    i.Convert_Quaternion_Deg  computation.o
    0x08001f80   0x00000102   Code   RO          578    i.Convert_Quaternion_Rad  computation.o
    0x08002082   0x00000002   PAD
    0x08002084   0x0000002c   Code   RO          580    i.Convert_Rad_Deg   computation.o
    0x080020b0   0x00000208   Code   RO          581    i.Convert_Rad_Quaternion  computation.o
    0x080022b8   0x000002e0   Code   RO          402    i.DCMKF_Estimate    ekf_dcm.o
    0x08002598   0x00000048   Code   RO         1340    i.DMA1_Stream0_IRQHandler  dev_i2c.o
    0x080025e0   0x00000028   Code   RO         1453    i.DMA1_Stream1_IRQHandler  dev_usart.o
    0x08002608   0x00000048   Code   RO         1341    i.DMA1_Stream2_IRQHandler  dev_i2c.o
    0x08002650   0x00000044   Code   RO         1454    i.DMA1_Stream3_IRQHandler  dev_usart.o
    0x08002694   0x00000050   Code   RO         1342    i.DMA1_Stream6_IRQHandler  dev_i2c.o
    0x080026e4   0x00000050   Code   RO         1343    i.DMA1_Stream7_IRQHandler  dev_i2c.o
    0x08002734   0x00000028   Code   RO         1455    i.DMA2_Stream2_IRQHandler  dev_usart.o
    0x0800275c   0x00000028   Code   RO         1637    i.DMA2_Stream3_IRQHandler  dev_sdio.o
    0x08002784   0x00000030   Code   RO         1456    i.DMA2_Stream7_IRQHandler  dev_usart.o
    0x080027b4   0x0000002c   Code   RO         2598    i.DMA_ClearFlag     stm32f4xx_dma.o
    0x080027e0   0x0000002c   Code   RO         2599    i.DMA_ClearITPendingBit  stm32f4xx_dma.o
    0x0800280c   0x00000014   Code   RO         2600    i.DMA_Cmd           stm32f4xx_dma.o
    0x08002820   0x00000124   Code   RO         2601    i.DMA_DeInit        stm32f4xx_dma.o
    0x08002944   0x00000054   Code   RO         2610    i.DMA_GetITStatus   stm32f4xx_dma.o
    0x08002998   0x0000002c   Code   RO         2611    i.DMA_ITConfig      stm32f4xx_dma.o
    0x080029c4   0x00000054   Code   RO         2612    i.DMA_Init          stm32f4xx_dma.o
    0x08002a18   0x0000001e   Code   RO          263    i.Delay_ms          timing_manage.o
    0x08002a36   0x00000002   PAD
    0x08002a38   0x0000009c   Code   RO         1173    i.EEPROM_Read       eeprom.o
    0x08002ad4   0x00000012   Code   RO         1174    i.EEPROM_ReadPage   eeprom.o
    0x08002ae6   0x00000002   PAD
    0x08002ae8   0x0000009c   Code   RO         1175    i.EEPROM_Write      eeprom.o
    0x08002b84   0x00000012   Code   RO         1176    i.EEPROM_WritePage  eeprom.o
    0x08002b96   0x00000002   PAD
    0x08002b98   0x00000370   Code   RO          988    i.Estimate_GyroBias  calibration.o
    0x08002f08   0x00000300   Code   RO          989    i.Estimate_MagnGain  calibration.o
    0x08003208   0x00000378   Code   RO          990    i.Estimate_MagnOffset  calibration.o
    0x08003580   0x00000078   Code   RO         2781    i.GPIO_Init         stm32f4xx_gpio.o
    0x080035f8   0x00000020   Code   RO         2782    i.GPIO_PinAFConfig  stm32f4xx_gpio.o
    0x08003618   0x0000000e   Code   RO         2785    i.GPIO_ReadInputDataBit  stm32f4xx_gpio.o
    0x08003626   0x00000004   Code   RO         2788    i.GPIO_ResetBits    stm32f4xx_gpio.o
    0x0800362a   0x00000002   PAD
    0x0800362c   0x00000030   Code   RO          370    i.Get_Voltage       voltage_fb.o
    0x0800365c   0x00000014   Code   RO          264    i.Get_msTick        timing_manage.o
    0x08003670   0x0000000c   Code   RO          265    i.Get_usTick        timing_manage.o
    0x0800367c   0x000000ac   Code   RO          798    i.HMC5883_Configuration_A  hmc5883l.o
    0x08003728   0x000000e8   Code   RO          799    i.HMC5883_Configuration_B  hmc5883l.o
    0x08003810   0x00000098   Code   RO          800    i.HMC5883_Configuration_MODE  hmc5883l.o
    0x080038a8   0x0000002a   Code   RO          801    i.HMC5883_ConnectionCheck  hmc5883l.o
    0x080038d2   0x00000014   Code   RO          802    i.HMC5883_GetDeviceID  hmc5883l.o
    0x080038e6   0x00000002   PAD
    0x080038e8   0x0000000c   Code   RO          803    i.HMC5883_Get_Gain  hmc5883l.o
    0x080038f4   0x0000007c   Code   RO          804    i.HMC5883_Get_RawMagn  hmc5883l.o
    0x08003970   0x00000002   Code   RO            2    i.HardFault_Handler  main.o
    0x08003972   0x00000002   PAD
    0x08003974   0x000000a8   Code   RO          693    i.HighPassFilter    adaptive.o
    0x08003a1c   0x00000028   Code   RO         1344    i.I2C1_ER_IRQHandler  dev_i2c.o
    0x08003a44   0x0000000c   Code   RO         1345    i.I2C1_EV_IRQHandler  dev_i2c.o
    0x08003a50   0x00000028   Code   RO         1346    i.I2C2_ER_IRQHandler  dev_i2c.o
    0x08003a78   0x0000000c   Code   RO         1347    i.I2C2_EV_IRQHandler  dev_i2c.o
    0x08003a84   0x00000014   Code   RO         2875    i.I2C_AcknowledgeConfig  stm32f4xx_i2c.o
    0x08003a98   0x00000034   Code   RO         1348    i.I2C_BUSY_Check    dev_i2c.o
    0x08003acc   0x00000006   Code   RO         2879    i.I2C_ClearITPendingBit  stm32f4xx_i2c.o
    0x08003ad2   0x00000014   Code   RO         2880    i.I2C_Cmd           stm32f4xx_i2c.o
    0x08003ae6   0x00000014   Code   RO         2881    i.I2C_DMACmd        stm32f4xx_i2c.o
    0x08003afa   0x00000014   Code   RO         2882    i.I2C_DMALastTransferCmd  stm32f4xx_i2c.o
    0x08003b0e   0x00000002   PAD
    0x08003b10   0x00000044   Code   RO         1349    i.I2C_DMA_Config    dev_i2c.o
    0x08003b54   0x00000044   Code   RO         2883    i.I2C_DeInit        stm32f4xx_i2c.o
    0x08003b98   0x00000014   Code   RO         2887    i.I2C_GenerateSTART  stm32f4xx_i2c.o
    0x08003bac   0x00000014   Code   RO         2888    i.I2C_GenerateSTOP  stm32f4xx_i2c.o
    0x08003bc0   0x0000002a   Code   RO         2889    i.I2C_GetFlagStatus  stm32f4xx_i2c.o
    0x08003bea   0x00000024   Code   RO         2890    i.I2C_GetITStatus   stm32f4xx_i2c.o
    0x08003c0e   0x0000000e   Code   RO         2891    i.I2C_GetLastEvent  stm32f4xx_i2c.o
    0x08003c1c   0x00000010   Code   RO         2893    i.I2C_ITConfig      stm32f4xx_i2c.o
    0x08003c2c   0x000000b4   Code   RO         2894    i.I2C_Init          stm32f4xx_i2c.o
    0x08003ce0   0x0000018c   Code   RO         1351    i.I2C_Interupt      dev_i2c.o
    0x08003e6c   0x00000034   Code   RO         1352    i.I2C_LAST_TRANSMIT_Check  dev_i2c.o
    0x08003ea0   0x00000068   Code   RO          811    i.I2C_Read          hmc5883l.o
    0x08003f08   0x00000068   Code   RO          907    i.I2C_Read          mpu6050.o
    0x08003f70   0x00000006   Code   RO         2899    i.I2C_ReceiveData   stm32f4xx_i2c.o
    0x08003f76   0x00000002   PAD
    0x08003f78   0x00000068   Code   RO          812    i.I2C_RegWrite      hmc5883l.o
    0x08003fe0   0x00000068   Code   RO          908    i.I2C_RegWrite      mpu6050.o
    0x08004048   0x0000013a   Code   RO         1353    i.I2C_Request       dev_i2c.o
    0x08004182   0x00000010   Code   RO         2901    i.I2C_Send7bitAddress  stm32f4xx_i2c.o
    0x08004192   0x00000004   Code   RO         2902    i.I2C_SendData      stm32f4xx_i2c.o
    0x08004196   0x00000002   PAD
    0x08004198   0x00000018   Code   RO          473    i.Initialize_AHRS   ahrs.o
    0x080041b0   0x000000bc   Code   RO         1177    i.Initialize_EEPROM  eeprom.o
    0x0800426c   0x00000130   Code   RO          403    i.Initialize_EKFDCM  ekf_dcm.o
    0x0800439c   0x000001ac   Code   RO         1354    i.Initialize_I2C    dev_i2c.o
    0x08004548   0x00000390   Code   RO         1275    i.Initialize_PARAMETER  parameter.o
    0x080048d8   0x00000108   Code   RO          738    i.Initialize_SENSOR_Bus  sensor_data.o
    0x080049e0   0x00000194   Code   RO         1025    i.Initialize_SerialLink  serial_link.o
    0x08004b74   0x00000218   Code   RO         1524    i.Initialize_TIMER  dev_timer.o
    0x08004d8c   0x000001dc   Code   RO         1525    i.Initialize_TIMER_INTERRUPT  dev_timer.o
    0x08004f68   0x00000110   Code   RO         1526    i.Initialize_TIMER_PWM  dev_timer.o
    0x08005078   0x00000140   Code   RO          266    i.Initialize_Timer  timing_manage.o
    0x080051b8   0x00000168   Code   RO          404    i.KFDCM_Update      ekf_dcm.o
    0x08005320   0x0000001a   Code   RO          909    i.MPU6050_ConnectionCheck  mpu6050.o
    0x0800533a   0x00000014   Code   RO          910    i.MPU6050_GetDeviceID  mpu6050.o
    0x0800534e   0x00000002   PAD
    0x08005350   0x00000080   Code   RO          911    i.MPU6050_Get_rawDATA  mpu6050.o
    0x080053d0   0x00000058   Code   RO          912    i.MPU6050_Get_rawMotion  mpu6050.o
    0x08005428   0x00000088   Code   RO          913    i.MPU6050_Set_ACCEL_Config  mpu6050.o
    0x080054b0   0x00000080   Code   RO          914    i.MPU6050_Set_Configuration  mpu6050.o
    0x08005530   0x00000088   Code   RO          915    i.MPU6050_Set_GYRO_Config  mpu6050.o
    0x080055b8   0x000000b4   Code   RO          916    i.MPU6050_Set_PWR_MGMT_1  mpu6050.o
    0x0800566c   0x00000058   Code   RO          917    i.MPU6050_Set_SMPLRT_DIV  mpu6050.o
    0x080056c4   0x00000064   Code   RO         2320    i.NVIC_Init         misc.o
    0x08005728   0x00000014   Code   RO         2321    i.NVIC_PriorityGroupConfig  misc.o
    0x0800573c   0x00000086   Code   RO          584    i.Normalize_Quaternion  computation.o
    0x080057c2   0x0000006a   Code   RO          585    i.Normalize_Three   computation.o
    0x0800582c   0x000000ac   Code   RO         1276    i.PARAM_EEPROM_READ  parameter.o
    0x080058d8   0x000000c8   Code   RO         1277    i.PARAM_EEPROM_WRITE  parameter.o
    0x080059a0   0x0000001c   Code   RO         1278    i.PARAM_Individual_Init  parameter.o
    0x080059bc   0x000000d0   Code   RO         1279    i.PARAM_Read        parameter.o
    0x08005a8c   0x00000058   Code   RO         1280    i.PARAM_VariableToSerial  parameter.o
    0x08005ae4   0x00000158   Code   RO         1281    i.PARAM_Write       parameter.o
    0x08005c3c   0x00000136   Code   RO          586    i.Quaternion_UpdateRate  computation.o
    0x08005d72   0x00000002   PAD
    0x08005d74   0x00000018   Code   RO         3082    i.RCC_AHB1PeriphClockCmd  stm32f4xx_rcc.o
    0x08005d8c   0x00000018   Code   RO         3091    i.RCC_APB1PeriphClockCmd  stm32f4xx_rcc.o
    0x08005da4   0x00000018   Code   RO         3093    i.RCC_APB1PeriphResetCmd  stm32f4xx_rcc.o
    0x08005dbc   0x00000018   Code   RO         3094    i.RCC_APB2PeriphClockCmd  stm32f4xx_rcc.o
    0x08005dd4   0x00000090   Code   RO         3103    i.RCC_GetClocksFreq  stm32f4xx_rcc.o
    0x08005e64   0x0000000c   Code   RO          205    i.RGB_Flash         rgb.o
    0x08005e70   0x00000074   Code   RO          206    i.RGB_Initialize    rgb.o
    0x08005ee4   0x000001e4   Code   RO          207    i.RGB_Process       rgb.o
    0x080060c8   0x000001e4   Code   RO          208    i.RGB_Set           rgb.o
    0x080062ac   0x0000000c   Code   RO         4087    i.SDIO_ClearITPendingBit  stm32f4xx_sdio.o
    0x080062b8   0x00000014   Code   RO         4099    i.SDIO_GetITStatus  stm32f4xx_sdio.o
    0x080062cc   0x00000090   Code   RO         1652    i.SDIO_IRQHandler   dev_sdio.o
    0x0800635c   0x00000018   Code   RO         4102    i.SDIO_ITConfig     stm32f4xx_sdio.o
    0x08006374   0x00000288   Code   RO          739    i.SENSOR_DataAlign  sensor_data.o
    0x080065fc   0x0000019c   Code   RO          740    i.SENSOR_Update_Data  sensor_data.o
    0x08006798   0x00000104   Code   RO         1026    i.SerialLink_Console  serial_link.o
    0x0800689c   0x000000ec   Code   RO         1027    i.SerialLink_DMATX_Process  serial_link.o
    0x08006988   0x0000000c   Code   RO         1028    i.SerialLink_GetCMD  serial_link.o
    0x08006994   0x000000a8   Code   RO         1029    i.SerialLink_INPUT_INTERRUPT  serial_link.o
    0x08006a3c   0x0000000c   Code   RO         1030    i.SerialLink_ResetCMD  serial_link.o
    0x08006a48   0x00000010   Code   RO         1031    i.SerialLink_SendParameter  serial_link.o
    0x08006a58   0x00000034   Code   RO         1032    i.SerialLink_SetParameter  serial_link.o
    0x08006a8c   0x0000000c   Code   RO         1033    i.SerialLink_StartStream  serial_link.o
    0x08006a98   0x000001d4   Code   RO         1034    i.SerialLink_StreamProcess  serial_link.o
    0x08006c6c   0x000000b4   Code   RO         4282    i.SetSysClock       system_stm32f4xx.o
    0x08006d20   0x0000006c   Code   RO          329    i.Setup_BUTTON      button.o
    0x08006d8c   0x00000010   Code   RO          267    i.SysTick_Handler   timing_manage.o
    0x08006d9c   0x00000050   Code   RO         4284    i.SystemInit        system_stm32f4xx.o
    0x08006dec   0x00000002   Code   RO         1527    i.TIM1_BRK_TIM9_IRQHandler  dev_timer.o
    0x08006dee   0x00000002   Code   RO         1528    i.TIM1_CC_IRQHandler  dev_timer.o
    0x08006df0   0x00000040   Code   RO         1529    i.TIM1_TRG_COM_TIM11_IRQHandler  dev_timer.o
    0x08006e30   0x00000040   Code   RO         1530    i.TIM1_UP_TIM10_IRQHandler  dev_timer.o
    0x08006e70   0x00000002   Code   RO         1531    i.TIM2_IRQHandler   dev_timer.o
    0x08006e72   0x00000002   Code   RO         1532    i.TIM3_IRQHandler   dev_timer.o
    0x08006e74   0x00000002   Code   RO         1533    i.TIM4_IRQHandler   dev_timer.o
    0x08006e76   0x00000002   Code   RO         1534    i.TIM5_IRQHandler   dev_timer.o
    0x08006e78   0x00000002   Code   RO         1535    i.TIM6_DAC_IRQHandler  dev_timer.o
    0x08006e7a   0x00000002   Code   RO         1536    i.TIM7_IRQHandler   dev_timer.o
    0x08006e7c   0x00000002   Code   RO         1537    i.TIM8_CC_IRQHandler  dev_timer.o
    0x08006e7e   0x00000022   Code   RO         3361    i.TIM_BDTRConfig    stm32f4xx_tim.o
    0x08006ea0   0x00000012   Code   RO         3362    i.TIM_BDTRStructInit  stm32f4xx_tim.o
    0x08006eb2   0x00000006   Code   RO         3367    i.TIM_ClearITPendingBit  stm32f4xx_tim.o
    0x08006eb8   0x00000014   Code   RO         3372    i.TIM_Cmd           stm32f4xx_tim.o
    0x08006ecc   0x00000004   Code   RO         3387    i.TIM_GetCapture1   stm32f4xx_tim.o
    0x08006ed0   0x00000018   Code   RO         3393    i.TIM_GetITStatus   stm32f4xx_tim.o
    0x08006ee8   0x00000010   Code   RO         3397    i.TIM_ITConfig      stm32f4xx_tim.o
    0x08006ef8   0x00000060   Code   RO         3401    i.TIM_OC1Init       stm32f4xx_tim.o
    0x08006f58   0x00000080   Code   RO         3406    i.TIM_OC2Init       stm32f4xx_tim.o
    0x08006fd8   0x0000007c   Code   RO         3411    i.TIM_OC3Init       stm32f4xx_tim.o
    0x08007054   0x00000060   Code   RO         3416    i.TIM_OC4Init       stm32f4xx_tim.o
    0x080070b4   0x00000014   Code   RO         3419    i.TIM_OCStructInit  stm32f4xx_tim.o
    0x080070c8   0x00000004   Code   RO         3434    i.TIM_SetCompare1   stm32f4xx_tim.o
    0x080070cc   0x00000004   Code   RO         3435    i.TIM_SetCompare2   stm32f4xx_tim.o
    0x080070d0   0x00000004   Code   RO         3436    i.TIM_SetCompare3   stm32f4xx_tim.o
    0x080070d4   0x0000007c   Code   RO         3444    i.TIM_TimeBaseInit  stm32f4xx_tim.o
    0x08007150   0x00000174   Code   RO          587    i.Tilt_Compensate   computation.o
    0x080072c4   0x00000070   Code   RO         1457    i.USART1_IRQHandler  dev_usart.o
    0x08007334   0x0000005c   Code   RO         1458    i.USART3_IRQHandler  dev_usart.o
    0x08007390   0x00000014   Code   RO         3905    i.USART_Cmd         stm32f4xx_usart.o
    0x080073a4   0x00000010   Code   RO         3906    i.USART_DMACmd      stm32f4xx_usart.o
    0x080073b4   0x00000098   Code   RO         1459    i.USART_DMA_Set     dev_usart.o
    0x0800744c   0x0000003e   Code   RO         3909    i.USART_GetITStatus  stm32f4xx_usart.o
    0x0800748a   0x00000030   Code   RO         3911    i.USART_ITConfig    stm32f4xx_usart.o
    0x080074ba   0x00000002   PAD
    0x080074bc   0x000000b8   Code   RO         3912    i.USART_Init        stm32f4xx_usart.o
    0x08007574   0x0000003c   Code   RO         1460    i.USART_Interrupt_Set  dev_usart.o
    0x080075b0   0x00000244   Code   RO         1461    i.USART_OpenPort    dev_usart.o
    0x080077f4   0x00000008   Code   RO         3919    i.USART_ReceiveData  stm32f4xx_usart.o
    0x080077fc   0x00000008   Code   RO         3922    i.USART_SendData    stm32f4xx_usart.o
    0x08007804   0x000000d0   Code   RO          371    i.Voltage_FB_Initiallize  voltage_fb.o
    0x080078d4   0x00000010   Code   RO         4378    i.__0vprintf        mc_w.l(printfa.o)
    0x080078e4   0x00000028   Code   RO         4440    i.__ARM_fpclassify  m_ws.l(fpclassify.o)
    0x0800790c   0x00000038   Code   RO         1355    i.__I2C_Debug__     dev_i2c.o
    0x08007944   0x00000388   Code   RO         4445    i.__ieee754_rem_pio2  m_ws.l(rred.o)
    0x08007ccc   0x000000fc   Code   RO         4435    i.__kernel_cos      m_ws.l(cos_i.o)
    0x08007dc8   0x000000aa   Code   RO         4442    i.__kernel_poly     m_ws.l(poly.o)
    0x08007e72   0x00000002   PAD
    0x08007e74   0x000000ec   Code   RO         4450    i.__kernel_sin      m_ws.l(sin_i.o)
    0x08007f60   0x00000010   Code   RO         4438    i.__mathlib_dbl_underflow  m_ws.l(dunder.o)
    0x08007f70   0x0000000e   Code   RO         4511    i.__scatterload_copy  mc_w.l(handlers.o)
    0x08007f7e   0x00000002   Code   RO         4512    i.__scatterload_null  mc_w.l(handlers.o)
    0x08007f80   0x0000000e   Code   RO         4513    i.__scatterload_zeroinit  mc_w.l(handlers.o)
    0x08007f8e   0x00000002   PAD
    0x08007f90   0x0000000c   Code   RO         4481    i.__set_errno       mc_w.l(errno.o)
    0x08007f9c   0x0000015c   Code   RO         4381    i._fp_digits        mc_w.l(printfa.o)
    0x080080f8   0x000006f0   Code   RO         4382    i._printf_core      mc_w.l(printfa.o)
    0x080087e8   0x00000026   Code   RO         4383    i._printf_post_padding  mc_w.l(printfa.o)
    0x0800880e   0x00000030   Code   RO         4384    i._printf_pre_padding  mc_w.l(printfa.o)
    0x0800883e   0x00000008   Code   RO         2175    i.arm_mat_init_f32  arm_mat_init_f32.o
    0x08008846   0x000001c6   Code   RO         2258    i.arm_mat_inverse_f32  arm_mat_inverse_f32.o
    0x08008a0c   0x00000112   Code   RO         2194    i.arm_mat_mult_f32  arm_mat_mult_f32.o
    0x08008b1e   0x00000002   PAD
    0x08008b20   0x0000027c   Code   RO         4315    i.asin              m_ws.l(asin.o)
    0x08008d9c   0x00000224   Code   RO         4325    i.atan              m_ws.l(atan.o)
    0x08008fc0   0x00000180   Code   RO         4335    i.atan2             m_ws.l(atan2.o)
    0x08009140   0x000000ac   Code   RO         4343    i.cos               m_ws.l(cos.o)
    0x080091ec   0x00000024   Code   RO         1036    i.fputc             serial_link.o
    0x08009210   0x0000006c   Code   RO            3    i.main              main.o
    0x0800927c   0x000000b0   Code   RO         4351    i.sin               m_ws.l(sin.o)
    0x0800932c   0x0000004c   Code   RO         4359    i.sqrt              m_ws.l(sqrt.o)
    0x08009378   0x00000050   Data   RO         4316    .constdata          m_ws.l(asin.o)
    0x080093c8   0x00000098   Data   RO         4326    .constdata          m_ws.l(atan.o)
    0x08009460   0x00000030   Data   RO         4436    .constdata          m_ws.l(cos_i.o)
    0x08009490   0x00000008   Data   RO         4444    .constdata          m_ws.l(qnan.o)
    0x08009498   0x000000c8   Data   RO         4447    .constdata          m_ws.l(rred.o)
    0x08009560   0x00000028   Data   RO         4451    .constdata          m_ws.l(sin_i.o)
    0x08009588   0x0000001c   Data   RO         1132    .conststring        serial_link_string.o
    0x080095a4   0x00000041   Data   RO         1133    .conststring        serial_link_string.o
    0x080095e5   0x00000041   Data   RO         1134    .conststring        serial_link_string.o
    0x08009626   0x0000003d   Data   RO         1135    .conststring        serial_link_string.o
    0x08009663   0x000000b4   Data   RO         1137    .conststring        serial_link_string.o
    0x08009717   0x0000006e   Data   RO         1138    .conststring        serial_link_string.o
    0x08009785   0x00000191   Data   RO         1139    .conststring        serial_link_string.o
    0x08009916   0x00000085   Data   RO         1140    .conststring        serial_link_string.o
    0x0800999b   0x0000010c   Data   RO         1141    .conststring        serial_link_string.o
    0x08009aa7   0x00000001   PAD
    0x08009aa8   0x00000020   Data   RO         4509    Region$$Table       anon$$obj.o


    Execution Region RW_IRAM1 (Base: 0x20000000, Size: 0x00019a68, Max: 0x00020000, ABSOLUTE, COMPRESSED[0x00000114])

    Base Addr    Size         Type   Attr      Idx    E Section Name        Object

    0x20000000   0x00000040   Data   RW          211    .data               rgb.o
    0x20000040   0x00000004   Data   RW          272    .data               timing_manage.o
    0x20000044   0x00000008   Data   RW          372    .data               voltage_fb.o
    0x2000004c   0x000000d0   Data   RW          406    .data               ekf_dcm.o
    0x2000011c   0x00000004   PAD
    0x20000120   0x00000018   Data   RW          518    .data               algorithm.o
    0x20000138   0x00000008   Data   RW          695    .data               adaptive.o
    0x20000140   0x00000020   Data   RW          744    .data               sensor_data.o
    0x20000160   0x00000004   Data   RW          745    .data               sensor_data.o
    0x20000164   0x00000004   Data   RW          748    .data               sensor_data.o
    0x20000168   0x00000004   Data   RW          749    .data               sensor_data.o
    0x2000016c   0x00000004   Data   RW          750    .data               sensor_data.o
    0x20000170   0x00000004   Data   RW          751    .data               sensor_data.o
    0x20000174   0x00000004   Data   RW          752    .data               sensor_data.o
    0x20000178   0x00000004   Data   RW          753    .data               sensor_data.o
    0x2000017c   0x00000004   Data   RW          754    .data               sensor_data.o
    0x20000180   0x00000004   Data   RW          755    .data               sensor_data.o
    0x20000184   0x00000004   Data   RW          756    .data               sensor_data.o
    0x20000188   0x00000004   Data   RW          757    .data               sensor_data.o
    0x2000018c   0x00000004   Data   RW          759    .data               sensor_data.o
    0x20000190   0x00000004   Data   RW          760    .data               sensor_data.o
    0x20000194   0x00000004   Data   RW          814    .data               hmc5883l.o
    0x20000198   0x00000024   Data   RW          991    .data               calibration.o
    0x200001bc   0x00000014   Data   RW         1038    .data               serial_link.o
    0x200001d0   0x0000000c   Data   RW         1143    .data               serial_link_string.o
    0x200001dc   0x00000010   Data   RW         1144    .data               serial_link_string.o
    0x200001ec   0x00000010   Data   RW         1145    .data               serial_link_string.o
    0x200001fc   0x00000010   Data   RW         1146    .data               serial_link_string.o
    0x2000020c   0x00000028   Data   RW         1148    .data               serial_link_string.o
    0x20000234   0x00000018   Data   RW         1149    .data               serial_link_string.o
    0x2000024c   0x0000003c   Data   RW         1150    .data               serial_link_string.o
    0x20000288   0x00000014   Data   RW         1151    .data               serial_link_string.o
    0x2000029c   0x00000050   Data   RW         1152    .data               serial_link_string.o
    0x200002ec   0x00000004   PAD
    0x200002f0   0x00000010   Data   RW         1178    .data               eeprom.o
    0x20000300   0x00000001   Data   RW         1286    .data               parameter.o
    0x20000301   0x00000003   PAD
    0x20000304   0x00000004   Data   RW         1357    .data               dev_i2c.o
    0x20000308   0x00000003   Data   RW         1463    .data               dev_usart.o
    0x2000030b   0x00000001   PAD
    0x2000030c   0x00000010   Data   RW         1539    .data               dev_timer.o
    0x2000031c   0x00000018   Data   RW         1672    .data               dev_sdio.o
    0x20000334   0x00000010   Data   RW         3126    .data               stm32f4xx_rcc.o
    0x20000344   0x00000004   Data   RW         4470    .data               mc_w.l(stdout.o)
    0x20000348   0x00000004   Data   RW         4482    .data               mc_w.l(errno.o)
    0x2000034c   0x00000038   Zero   RW          210    .bss                rgb.o
    0x20000384   0x00000010   Zero   RW          268    .bss                timing_manage.o
    0x20000394   0x00000018   Zero   RW          330    .bss                button.o
    0x200003ac   0x0000018c   Zero   RW          405    .bss                ekf_dcm.o
    0x20000538   0x0000001c   Zero   RW          474    .bss                ahrs.o
    0x20000554   0x00000088   Zero   RW          517    .bss                algorithm.o
    0x200005dc   0x0000006c   Zero   RW          694    .bss                adaptive.o
    0x20000648   0x00000024   Zero   RW          741    .bss                sensor_data.o
    0x2000066c   0x0000000c   Zero   RW          742    .bss                sensor_data.o
    0x20000678   0x0000000c   Zero   RW          743    .bss                sensor_data.o
    0x20000684   0x0000000d   Zero   RW          813    .bss                hmc5883l.o
    0x20000691   0x00000075   Zero   RW          918    .bss                mpu6050.o
    0x20000706   0x00000002   PAD
    0x20000708   0x000188e7   Zero   RW         1037    .bss                serial_link.o
    0x20018fef   0x00000001   PAD
    0x20018ff0   0x00000224   Zero   RW         1282    .bss                parameter.o
    0x20019214   0x00000374   Zero   RW         1356    .bss                dev_i2c.o
    0x20019588   0x000000cc   Zero   RW         1462    .bss                dev_usart.o
    0x20019654   0x00000014   Zero   RW         1538    .bss                dev_timer.o
    0x20019668   0x00000400   Zero   RW         4274    STACK               startup_stm32f4xx.o


==============================================================================

Image component sizes


      Code (inc. data)   RO Data    RW Data    ZI Data      Debug   Object Name

       760         30          0          8        108       5949   adaptive.o
      1540         24          0          0         28       5145   ahrs.o
      1024        124          0         24        136       6808   algorithm.o
         8          0          0          0          0        751   arm_mat_init_f32.o
       454          0          0          0          0       1642   arm_mat_inverse_f32.o
       274          0          0          0          0       1251   arm_mat_mult_f32.o
       248         32          0          0         24       2477   button.o
      3096       1136          0         36          0       3842   calibration.o
      2568         18          0          0          0       8167   computation.o
      1774        134          0          4        884      10413   dev_i2c.o
       184         14          0         24          0      10162   dev_sdio.o
      1430        524          0         16         20       7998   dev_timer.o
      1192         98          0          3        204       6827   dev_usart.o
       536        108          0         16          0       4143   eeprom.o
      1400         42          0        208        396      17547   ekf_dcm.o
       962        184          0          4         13       8081   hmc5883l.o
       110          4          0          0          0     339103   main.o
       120         18          0          0          0       1211   misc.o
      1138        214          0          0        117      11636   mpu6050.o
      1952        462          0          1        548       7713   parameter.o
      1096         66          0         64         56       4045   rgb.o
      1324         70          0         84         60       6059   sensor_data.o
      1676        262          0         20     100583      11542   serial_link.o
         0          0       1311        284          0       1249   serial_link_string.o
        36          8        392          0       1024        728   startup_stm32f4xx.o
       302         20          0          0          0       4447   stm32f4xx_adc.o
       612         64          0          0          0       4967   stm32f4xx_dma.o
       170          0          0          0          0       2304   stm32f4xx_gpio.o
       508         20          0          0          0       7962   stm32f4xx_i2c.o
       240         36          0         16          0       4280   stm32f4xx_rcc.o
        56         16          0          0          0       1348   stm32f4xx_sdio.o
       722         60          0          0          0       9174   stm32f4xx_tim.o
       346         10          0          0          0       4274   stm32f4xx_usart.o
       260         36          0          0          0       1389   system_stm32f4xx.o
       430        162          0          4         16      21813   timing_manage.o
       256         34          0          8          0       1421   voltage_fb.o

    ----------------------------------------------------------------------
     28836       4030       1736        836     104220     547868   Object Totals
         0          0         32          0          0          0   (incl. Generated)
        32          0          1         12          3          0   (incl. Padding)

    ----------------------------------------------------------------------

      Code (inc. data)   RO Data    RW Data    ZI Data      Debug   Library Member Name

       636         52         80          0          0        168   asin.o
       548         70        152          0          0        124   atan.o
       384         38          0          0          0        144   atan2.o
       172          8          0          0          0        112   cos.o
       252         22         48          0          0        124   cos_i.o
        16          6          0          0          0         68   dunder.o
        40          0          0          0          0         68   fpclassify.o
       170          0          0          0          0         96   poly.o
         0          0          8          0          0          0   qnan.o
       904         72        200          0          0        140   rred.o
       176         10          0          0          0        116   sin.o
       236         12         40          0          0        128   sin_i.o
        76          0          0          0          0         84   sqrt.o
        92          0          0          0          0          0   __dczerorl2.o
         0          0          0          0          0          0   entry.o
         0          0          0          0          0          0   entry10a.o
         0          0          0          0          0          0   entry11a.o
         8          4          0          0          0          0   entry2.o
         4          0          0          0          0          0   entry5.o
         0          0          0          0          0          0   entry7b.o
         0          0          0          0          0          0   entry8b.o
         8          4          0          0          0          0   entry9a.o
        12          6          0          4          0         68   errno.o
        30          0          0          0          0          0   handlers.o
        36          8          0          0          0         68   init.o
         0          0          0          0          0          0   iusefp.o
        30          0          0          0          0         68   llshl.o
        36          0          0          0          0         68   llsshr.o
        32          0          0          0          0         68   llushr.o
        36          0          0          0          0         68   memcpya.o
      2226         88          0          0          0        428   printfa.o
         0          0          0          4          0          0   stdout.o
        44          0          0          0          0         80   uidiv.o
        98          0          0          0          0         92   uldiv.o
        40          2          0          0          0         68   cdrcmple.o
        20          0          0          0          0         68   cfcmple.o
        20          0          0          0          0         68   cfrcmple.o
        56          0          0          0          0         88   d2f.o
       334          0          0          0          0        148   dadd.o
       222          0          0          0          0        100   ddiv.o
       190          0          0          0          0        176   depilogue.o
        62          0          0          0          0         80   dfixi.o
        48          0          0          0          0         68   dfixul.o
        34          0          0          0          0         76   dflti.o
        26          0          0          0          0         76   dfltui.o
       228          0          0          0          0         96   dmul.o
        46          0          0          0          0         80   dscalb.o
       162          0          0          0          0        100   dsqrt.o
        38          0          0          0          0         68   f2d.o
       176          0          0          0          0        140   fadd.o
       128          0          0          0          0         88   fdiv.o
       108          0          0          0          0        168   fepilogue.o
        50          0          0          0          0         68   ffixi.o
        40          0          0          0          0         68   ffixui.o
        18          0          0          0          0         68   fflti.o
        10          0          0          0          0         68   ffltui.o
        28          0          0          0          0         84   ffltul.o
       108          0          0          0          0         76   fmul.o
        24          0          0          0          0         68   fscalb.o

    ----------------------------------------------------------------------
      8524        402        528          8          0       4636   Library Totals
         6          0          0          0          0          0   (incl. Padding)

    ----------------------------------------------------------------------

      Code (inc. data)   RO Data    RW Data    ZI Data      Debug   Library Name

      3610        290        528          0          0       1372   m_ws.l
      2692        110          0          8          0       1008   mc_w.l
      2216          2          0          0          0       2256   mf_w.l

    ----------------------------------------------------------------------
      8524        402        528          8          0       4636   Library Totals

    ----------------------------------------------------------------------

==============================================================================


      Code (inc. data)   RO Data    RW Data    ZI Data      Debug   

     37360       4432       2264        844     104220     539400   Grand Totals
     37360       4432       2264        276     104220     539400   ELF Image Totals (compressed)
     37360       4432       2264        276          0          0   ROM Totals

==============================================================================

    Total RO  Size (Code + RO Data)                39624 (  38.70kB)
    Total RW  Size (RW Data + ZI Data)            105064 ( 102.60kB)
    Total ROM Size (Code + RO Data + RW Data)      39900 (  38.96kB)

==============================================================================

